Component: ARM Compiler 5.06 update 3 (build 300) Tool: armlink [4d35c9]

==============================================================================

Section Cross References

    system_stm32f10x.o(i.SystemCoreClockUpdate) refers to system_stm32f10x.o(.data) for .data
    system_stm32f10x.o(i.SystemInit) refers to system_stm32f10x.o(i.SetSysClockTo72) for SetSysClockTo72
    main.o(i.c_loop) refers to time.o(i.time_update) for time_update
    main.o(i.c_loop) refers to battery.o(i.battery_update) for battery_update
    main.o(i.c_loop) refers to pwrmgr.o(i.pwrmgr_userActive) for pwrmgr_userActive
    main.o(i.c_loop) refers to buttons.o(i.buttons_update) for buttons_update
    main.o(i.c_loop) refers to led.o(i.led_update) for led_update
    main.o(i.c_loop) refers to usb_ttl.o(i.usb_ttl_update) for usb_ttl_update
    main.o(i.c_loop) refers to stopwatch.o(i.stopwatch_update) for stopwatch_update
    main.o(i.c_loop) refers to alarm.o(i.alarm_update) for alarm_update
    main.o(i.c_loop) refers to display.o(i.display_update) for display_update
    main.o(i.c_setup) refers to system_stm32f10x.o(i.SystemInit) for SystemInit
    main.o(i.c_setup) refers to misc.o(i.NVIC_PriorityGroupConfig) for NVIC_PriorityGroupConfig
    main.o(i.c_setup) refers to delay.o(i.delay_init) for delay_init
    main.o(i.c_setup) refers to usart.o(i.uart_init) for uart_init
    main.o(i.c_setup) refers to usb_ttl.o(i.usb_ttl_init) for usb_ttl_init
    main.o(i.c_setup) refers to oled.o(i.OLED_Init) for OLED_Init
    main.o(i.c_setup) refers to led.o(i.led_init) for led_init
    main.o(i.c_setup) refers to global.o(i.global_init) for global_init
    main.o(i.c_setup) refers to battery.o(i.battery_init) for battery_init
    main.o(i.c_setup) refers to buttons.o(i.buttons_init) for buttons_init
    main.o(i.c_setup) refers to millis.o(i.millis_init) for millis_init
    main.o(i.c_setup) refers to appconfig.o(i.appconfig_init) for appconfig_init
    main.o(i.c_setup) refers to alarm.o(i.alarm_init) for alarm_init
    main.o(i.c_setup) refers to display.o(i.display_load) for display_load
    main.o(i.c_setup) refers to oled.o(i.OLED_ColorTurn) for OLED_ColorTurn
    main.o(i.c_setup) refers to oled.o(i.OLED_DisplayTurn) for OLED_DisplayTurn
    main.o(i.c_setup) refers to appconfig.o(.bss) for appConfig
    main.o(i.c_setup) refers to time.o(.data) for update
    main.o(i.main) refers to main.o(i.c_setup) for c_setup
    main.o(i.main) refers to delay.o(i.delay_ms) for delay_ms
    main.o(i.main) refers to main.o(i.c_loop) for c_loop
    alarm.o(i.Read_Flash_alarm_Data) refers to stmflash.o(i.STMFLASH_Read) for STMFLASH_Read
    alarm.o(i.Read_Flash_alarm_Data) refers to alarm.o(.data) for .data
    alarm.o(i.alarm_get) refers to alarm.o(.data) for .data
    alarm.o(i.alarm_getNext) refers to alarm.o(i.alarm_get) for alarm_get
    alarm.o(i.alarm_getNext) refers to alarm.o(.data) for .data
    alarm.o(i.alarm_getNextDay) refers to alarm.o(.data) for .data
    alarm.o(i.alarm_init) refers to alarm.o(i.Read_Flash_alarm_Data) for Read_Flash_alarm_Data
    alarm.o(i.alarm_init) refers to alarm.o(i.getNextAlarm) for getNextAlarm
    alarm.o(i.alarm_reset) refers to stmflash.o(i.STMFLASH_Write) for STMFLASH_Write
    alarm.o(i.alarm_reset) refers to alarm.o(.data) for .data
    alarm.o(i.alarm_save) refers to stmflash.o(i.STMFLASH_Write) for STMFLASH_Write
    alarm.o(i.alarm_save) refers to alarm.o(i.getNextAlarm) for getNextAlarm
    alarm.o(i.alarm_save) refers to alarm.o(.data) for .data
    alarm.o(i.alarm_update) refers to alarm.o(i.goingOff) for goingOff
    alarm.o(i.alarm_update) refers to display.o(i.display_setDrawFunc) for display_setDrawFunc
    alarm.o(i.alarm_update) refers to buttons.o(i.buttons_setFunc) for buttons_setFunc
    alarm.o(i.alarm_update) refers to tune.o(i.tune_play) for tune_play
    alarm.o(i.alarm_update) refers to led.o(i.led_flashing) for led_flashing
    alarm.o(i.alarm_update) refers to led.o(i.led_flash) for led_flash
    alarm.o(i.alarm_update) refers to alarm.o(i.stopAlarm) for stopAlarm
    alarm.o(i.alarm_update) refers to alarm.o(.data) for .data
    alarm.o(i.alarm_update) refers to alarm.o(i.draw) for draw
    alarm.o(i.alarm_update) refers to tunes.o(.constdata) for tuneAlarm
    alarm.o(i.alarm_updateNextAlarm) refers to alarm.o(i.getNextAlarm) for getNextAlarm
    alarm.o(i.draw) refers to millis.o(i.millis_get) for millis_get
    alarm.o(i.draw) refers to draw.o(i.draw_bitmap) for draw_bitmap
    alarm.o(i.draw) refers to time.o(i.time_timeStr) for time_timeStr
    alarm.o(i.draw) refers to draw.o(i.draw_string) for draw_string
    alarm.o(i.draw) refers to strcpy.o(.text) for strcpy
    alarm.o(i.draw) refers to resources.o(.constdata) for menu_alarm
    alarm.o(i.draw) refers to time.o(.bss) for timeDate
    alarm.o(i.draw) refers to resources.o(.constdata) for days
    alarm.o(i.getNextAlarm) refers to time.o(i.time_timeMode) for time_timeMode
[...]
    get_weather_data_frombuf                 0x08004ad5   Thumb Code   188  usb_ttl.o(i.get_weather_data_frombuf)
    global_init                              0x08004bc5   Thumb Code     2  global.o(i.global_init)
    led_flash                                0x0800522d   Thumb Code    34  led.o(i.led_flash)
    led_flashing                             0x08005259   Thumb Code    20  led.o(i.led_flashing)
    led_init                                 0x08005271   Thumb Code    48  led.o(i.led_init)
    led_update                               0x080052a5   Thumb Code    24  led.o(i.led_update)
    mAlarmsOpen                              0x080052e1   Thumb Code    44  alarms.o(i.mAlarmsOpen)
    mDiagOpen                                0x0800532d   Thumb Code    52  diag.o(i.mDiagOpen)
    mDisplayOpen                             0x08005385   Thumb Code    44  m_display.o(i.mDisplayOpen)
    mGamesOpen                               0x08005431   Thumb Code    44  games.o(i.mGamesOpen)
    mMainOpen                                0x0800547d   Thumb Code    22  m_main.o(i.mMainOpen)
    mSettingsOpen                            0x08005619   Thumb Code    44  settings.o(i.mSettingsOpen)
    mSleepOpen                               0x08005669   Thumb Code    50  sleep.o(i.mSleepOpen)
    mSoundOpen                               0x080056c5   Thumb Code    48  sound.o(i.mSoundOpen)
    mTimeDateOpen                            0x08005715   Thumb Code    84  timedate.o(i.mTimeDateOpen)
    main                                     0x080057d1   Thumb Code    16  main.o(i.main)
    menu_close                               0x0800585d   Thumb Code    22  menu.o(i.menu_close)
    menu_down                                0x08005879   Thumb Code    14  menu.o(i.menu_down)
    menu_draw                                0x0800588d   Thumb Code   136  menu.o(i.menu_draw)
    menu_select                              0x08005a05   Thumb Code    54  menu.o(i.menu_select)
    menu_up                                  0x08005a45   Thumb Code    14  menu.o(i.menu_up)
    millis_get                               0x08005a59   Thumb Code    12  millis.o(i.millis_get)
    millis_init                              0x08005a69   Thumb Code   116  millis.o(i.millis_init)
    mod10                                    0x08005add   Thumb Code    12  global.o(i.mod10)
    moving2_set                              0x08005b1d   Thumb Code   366  face_function.o(i.moving2_set)
    my_millis_get_10ms                       0x08005c99   Thumb Code     6  millis.o(i.my_millis_get_10ms)
    my_watchface_normal                      0x08005ca5   Thumb Code    54  my_normal.o(i.my_watchface_normal)
    myapp_open                               0x08005cf5   Thumb Code    40  myapp.o(i.myapp_open)
    nextOption                               0x08005d55   Thumb Code    24  menu.o(i.nextOption)
    old_btn4                                 0x08005d71   Thumb Code     4  face_function.o(i.old_btn4)
    oled_flush                               0x08005d75   Thumb Code    84  oled.o(i.oled_flush)
    prevOption                               0x08005e01   Thumb Code    24  menu.o(i.prevOption)
    put_cpu                                  0x08005f11   Thumb Code    36  usb_ttl.o(i.put_cpu)
    pwrmgr_setState                          0x08005f39   Thumb Code     2  pwrmgr.o(i.pwrmgr_setState)
    pwrmgr_userActive                        0x08005f3d   Thumb Code    14  pwrmgr.o(i.pwrmgr_userActive)
    rtc_tempUpdate                           0x08005f5d   Thumb Code     2  m_rtc.o(i.rtc_tempUpdate)
    setMenuFuncs                             0x080062f1   Thumb Code    14  menu.o(i.setMenuFuncs)
    setMenuInfo                              0x08006305   Thumb Code    30  menu.o(i.setMenuInfo)
    setMenuOption                            0x08006329   Thumb Code   160  menu.o(i.setMenuOption)
    setMenuOption_P                          0x080063e1   Thumb Code    40  menu.o(i.setMenuOption_P)
    setPrevMenuExit                          0x0800653d   Thumb Code    30  menu.o(i.setPrevMenuExit)
    setPrevMenuOpen                          0x08006561   Thumb Code    18  menu.o(i.setPrevMenuOpen)
    set_draw_pic                             0x08006655   Thumb Code    14  my_normal.o(i.set_draw_pic)
    show                                     0x08006669   Thumb Code    56  watchface2.o(i.show)
    show_alldata_cmp                         0x080066b9   Thumb Code    32  watchface2.o(i.show_alldata_cmp)
    show_alldata_use                         0x080066d9   Thumb Code    96  watchface2.o(i.show_alldata_use)
    show_battery_mode_1                      0x080067a5   Thumb Code    90  battery.o(i.show_battery_mode_1)
    show_battery_mode_2                      0x08006815   Thumb Code   116  battery.o(i.show_battery_mode_2)
    show_cpu_use                             0x0800689d   Thumb Code   206  face_cpu.o(i.show_cpu_use)
    show_cube                                0x08006985   Thumb Code   348  watchface.o(i.show_cube)
    show_weather_forecast                    0x08006af1   Thumb Code   208  weather.o(i.show_weather_forecast)
    sin                                      0x08006bd9   Thumb Code   150  sin.o(i.sin)
    stopwatch_open                           0x08006cb1   Thumb Code    26  stopwatch.o(i.stopwatch_open)
    stopwatch_update                         0x08006cdd   Thumb Code    42  stopwatch.o(i.stopwatch_update)
    ticker                                   0x08006fc5   Thumb Code   134  face_cpu.o(i.ticker)
    time_dow                                 0x080071a9   Thumb Code    92  time.o(i.time_dow)
    time_isLeapYear                          0x08007205   Thumb Code    12  time.o(i.time_isLeapYear)
    time_monthDayCount                       0x08007211   Thumb Code    24  time.o(i.time_monthDayCount)
    time_set                                 0x0800722d   Thumb Code    36  time.o(i.time_set)
    time_timeMode                            0x08007259   Thumb Code    76  time.o(i.time_timeMode)
    time_timeStr                             0x080072a5   Thumb Code    26  time.o(i.time_timeStr)
    time_update                              0x080072d5   Thumb Code   122  time.o(i.time_update)
    torch_open                               0x08007385   Thumb Code    40  torch.o(i.torch_open)
    tune_play                                0x080073bd   Thumb Code    30  tune.o(i.tune_play)
    tune_stop                                0x080073e1   Thumb Code     8  tune.o(i.tune_stop)
    tunemakerOpen                            0x080073ed   Thumb Code    58  tunemaker.o(i.tunemakerOpen)
    uart_init                                0x0800743d   Thumb Code   152  usart.o(i.uart_init)
    usb_ttl_connected                        0x080075a9   Thumb Code    36  usb_ttl.o(i.usb_ttl_connected)
    usb_ttl_init                             0x080075d5   Thumb Code    32  usb_ttl.o(i.usb_ttl_init)
    usb_ttl_update                           0x080075f9   Thumb Code    40  usb_ttl.o(i.usb_ttl_update)
    user_state_change                        0x0800762d   Thumb Code    16  pwrmgr.o(i.user_state_change)
    watchface2                               0x08007641   Thumb Code    44  watchface2.o(i.watchface2)
    watchfaceOpen                            0x08007681   Thumb Code    54  watchface.o(i.watchfaceOpen)
    watchface_CPU                            0x080076d1   Thumb Code    40  face_cpu.o(i.watchface_CPU)
    watchface_ast                            0x0800770d   Thumb Code    50  watchface_asr.o(i.watchface_ast)
    watchface_drawDate                       0x08007765   Thumb Code   146  watchface.o(i.watchface_drawDate)
    watchface_normal                         0x08007815   Thumb Code    44  normal.o(i.watchface_normal)
    watchface_num_set                        0x08007855   Thumb Code     6  appconfig.o(i.watchface_num_set)
    watchface_save                           0x08007861   Thumb Code    52  face_function.o(i.watchface_save)
    watchface_ticker                         0x08007899   Thumb Code   320  watchface.o(i.watchface_ticker)
    weather_forecast                         0x080079e9   Thumb Code    40  weather.o(i.weather_forecast)
    weather_type_set                         0x08007a1d   Thumb Code    76  weather.o(i.weather_type_set)
    _get_lc_ctype                            0x08007a7d   Thumb Code    44  lc_ctype_c.o(locale$$code)
    __aeabi_d2f                              0x08007aa9   Thumb Code     0  d2f.o(x$fpl$d2f)
    _d2f                                     0x08007aa9   Thumb Code    98  d2f.o(x$fpl$d2f)
    __aeabi_dadd                             0x08007b0d   Thumb Code     0  daddsub_clz.o(x$fpl$dadd)
    _dadd                                    0x08007b0d   Thumb Code   332  daddsub_clz.o(x$fpl$dadd)
    __fpl_dcheck_NaN1                        0x08007c5d   Thumb Code    10  dcheck1.o(x$fpl$dcheck1)
    __aeabi_ddiv                             0x08007c6d   Thumb Code     0  ddiv.o(x$fpl$ddiv)
    _ddiv                                    0x08007c6d   Thumb Code   552  ddiv.o(x$fpl$ddiv)
    __aeabi_d2iz                             0x08007f1d   Thumb Code     0  dfix.o(x$fpl$dfix)
    _dfix                                    0x08007f1d   Thumb Code    94  dfix.o(x$fpl$dfix)
    __aeabi_i2d                              0x08007f7b   Thumb Code     0  dflt_clz.o(x$fpl$dflt)
    _dflt                                    0x08007f7b   Thumb Code    46  dflt_clz.o(x$fpl$dflt)
    __aeabi_ui2d                             0x08007fa9   Thumb Code     0  dflt_clz.o(x$fpl$dfltu)
    _dfltu                                   0x08007fa9   Thumb Code    38  dflt_clz.o(x$fpl$dfltu)
    __aeabi_dmul                             0x08007fd1   Thumb Code     0  dmul.o(x$fpl$dmul)
    _dmul                                    0x08007fd1   Thumb Code   332  dmul.o(x$fpl$dmul)
    __fpl_dnaninf                            0x08008125   Thumb Code   156  dnaninf.o(x$fpl$dnaninf)
    __fpl_dretinf                            0x080081c1   Thumb Code    12  dretinf.o(x$fpl$dretinf)
    __aeabi_drsub                            0x080081cd   Thumb Code     0  daddsub_clz.o(x$fpl$drsb)
    _drsb                                    0x080081cd   Thumb Code    22  daddsub_clz.o(x$fpl$drsb)
    __aeabi_dsub                             0x080081e5   Thumb Code     0  daddsub_clz.o(x$fpl$dsub)
    _dsub                                    0x080081e5   Thumb Code   464  daddsub_clz.o(x$fpl$dsub)
    __aeabi_f2d                              0x080083b9   Thumb Code     0  f2d.o(x$fpl$f2d)
    _f2d                                     0x080083b9   Thumb Code    86  f2d.o(x$fpl$f2d)
    __aeabi_fadd                             0x08008411   Thumb Code     0  faddsub_clz.o(x$fpl$fadd)
    _fadd                                    0x08008411   Thumb Code   196  faddsub_clz.o(x$fpl$fadd)
    __fpl_fcheck_NaN1                        0x080084d5   Thumb Code     6  fcheck1.o(x$fpl$fcheck1)
    __fpl_fcmp_Inf                           0x080084e1   Thumb Code    24  fcmpi.o(x$fpl$fcmpinf)
    __aeabi_fdiv                             0x080084f9   Thumb Code     0  fdiv.o(x$fpl$fdiv)
    _fdiv                                    0x080084f9   Thumb Code   384  fdiv.o(x$fpl$fdiv)
    __aeabi_f2iz                             0x0800867d   Thumb Code     0  ffix.o(x$fpl$ffix)
    _ffix                                    0x0800867d   Thumb Code    54  ffix.o(x$fpl$ffix)
    __aeabi_f2uiz                            0x080086b5   Thumb Code     0  ffixu.o(x$fpl$ffixu)
    _ffixu                                   0x080086b5   Thumb Code    62  ffixu.o(x$fpl$ffixu)
    __aeabi_i2f                              0x080086f5   Thumb Code     0  fflt_clz.o(x$fpl$fflt)
    _fflt                                    0x080086f5   Thumb Code    48  fflt_clz.o(x$fpl$fflt)
    __aeabi_ui2f                             0x08008725   Thumb Code     0  fflt_clz.o(x$fpl$ffltu)
    _ffltu                                   0x08008725   Thumb Code    38  fflt_clz.o(x$fpl$ffltu)
    __aeabi_cfcmple                          0x0800874d   Thumb Code     0  fleqf.o(x$fpl$fleqf)
    _fcmple                                  0x0800874d   Thumb Code   104  fleqf.o(x$fpl$fleqf)
    __fpl_fcmple_InfNaN                      0x0800879f   Thumb Code     0  fleqf.o(x$fpl$fleqf)
    __fpl_fnaninf                            0x080087b5   Thumb Code   140  fnaninf.o(x$fpl$fnaninf)
    __fpl_fretinf                            0x08008841   Thumb Code    10  fretinf.o(x$fpl$fretinf)
    __aeabi_cfrcmple                         0x0800884b   Thumb Code     0  frleqf.o(x$fpl$frleqf)
    _frcmple                                 0x0800884b   Thumb Code    98  frleqf.o(x$fpl$frleqf)
    __aeabi_fsub                             0x080088ad   Thumb Code     0  faddsub_clz.o(x$fpl$fsub)
    _fsub                                    0x080088ad   Thumb Code   234  faddsub_clz.o(x$fpl$fsub)
    __fpl_return_NaN                         0x08008997   Thumb Code   100  retnan.o(x$fpl$retnan)
    __ARM_scalbn                             0x080089fb   Thumb Code    92  scalbn.o(x$fpl$scalbn)
    __ARM_scalbnf                            0x08008a57   Thumb Code    76  scalbnf.o(x$fpl$scalbnf)
    __fpl_cmpreturn                          0x08008aa3   Thumb Code    48  trapv.o(x$fpl$trapveneer)
    __I$use$fp                               0x08008ad2   Number         0  usenofp.o(x$fpl$usenofp)
    menuBack                                 0x08008b3c   Data           5  menu.o(.constdata)
    dowChars                                 0x08008b41   Data           8  resources.o(.constdata)
    days                                     0x08008b49   Data          28  resources.o(.constdata)
    months                                   0x08008b65   Data          48  resources.o(.constdata)
    livesImg                                 0x08008b95   Data           7  resources.o(.constdata)
    menu_tunemaker                           0x08008b9c   Data         128  resources.o(.constdata)
    menu_timedate                            0x08008c1c   Data         128  resources.o(.constdata)
    menu_sleep                               0x08008c9c   Data         128  resources.o(.constdata)
    menu_sound                               0x08008d1c   Data         128  resources.o(.constdata)
    menu_games                               0x08008d9c   Data         128  resources.o(.constdata)
    menu_brightness                          0x08008e1c   Data         512  resources.o(.constdata)
    menu_LEDs                                0x0800901c   Data         256  resources.o(.constdata)
    menu_invert                              0x0800911c   Data         128  resources.o(.constdata)
    menu_rotate                              0x0800919c   Data         128  resources.o(.constdata)
    menu_anim                                0x0800921c   Data         256  resources.o(.constdata)
    menu_volume                              0x0800931c   Data         512  resources.o(.constdata)
    menu_display                             0x0800951c   Data         128  resources.o(.constdata)
    menu_sleeptimeout                        0x0800959c   Data         128  resources.o(.constdata)
    usbIcon                                  0x0800961c   Data          16  resources.o(.constdata)
    battIconFull                             0x0800962c   Data          16  resources.o(.constdata)
    chargeIcon                               0x0800963c   Data           8  resources.o(.constdata)
    smallFont                                0x08009644   Data         485  resources.o(.constdata)
    midFont                                  0x08009829   Data         570  resources.o(.constdata)
    small2Font                               0x08009a63   Data         220  resources.o(.constdata)
    colon                                    0x08009b3f   Data          18  resources.o(.constdata)
    selectbar_top                            0x08009b51   Data          36  resources.o(.constdata)
    selectbar_bottom                         0x08009b75   Data          36  resources.o(.constdata)
    menu_alarm                               0x08009b99   Data         128  resources.o(.constdata)
    menu_default                             0x08009c19   Data         128  resources.o(.constdata)
    menu_stopwatch                           0x08009c99   Data         128  resources.o(.constdata)
    menu_torch                               0x08009d19   Data         128  resources.o(.constdata)
    menu_bluetooth                           0x08009d99   Data         128  resources.o(.constdata)
    menu_settings                            0x08009e19   Data         128  resources.o(.constdata)
    menu_diagnostic                          0x08009e99   Data         128  resources.o(.constdata)
    menu_exit                                0x08009f19   Data         128  resources.o(.constdata)
    tuneAlarm                                0x08009fa6   Data          18  tunes.o(.constdata)
    tuneBtn1                                 0x08009fb8   Data           8  tunes.o(.constdata)
    tuneBtn2                                 0x08009fc0   Data           8  tunes.o(.constdata)
    tuneBtn3                                 0x08009fc8   Data           8  tunes.o(.constdata)
    Region$$Table$$Base                      0x0800a190   Number         0  anon$$obj.o(Region$$Table)
    Region$$Table$$Limit                     0x0800a1b0   Number         0  anon$$obj.o(Region$$Table)
    __ctype                                  0x0800a1bd   Data           0  lc_ctype_c.o(locale$$data)
    SystemCoreClock                          0x20000000   Data           4  system_stm32f10x.o(.data)
    AHBPrescTable                            0x20000004   Data          16  system_stm32f10x.o(.data)
    lives                                    0x2000009c   Data           4  game3.o(.data)
    setting                                  0x200000fc   Data           2  menu.o(.data)
    bmp                                      0x20000106   Data         512  resources.o(.data)
    weather_bmp                              0x20000306   Data        1200  resources.o(.data)
    weather_bmp_24                           0x200007b6   Data         504  resources.o(.data)
    astronaut_bmp                            0x200009ae   Data        3120  resources.o(.data)
    vertices                                 0x200015de   Data        4320  resources.o(.data)
    update                                   0x200026e4   Data           1  time.o(.data)
    __OLED_GRAM                              0x2000271c   Data           4  watchface.o(.data)
    Cnt1                                     0x20002720   Data           4  watchface.o(.data)
    Cnt1v                                    0x20002724   Data           4  watchface.o(.data)
    BLUETOOTH_RX_BUF                         0x2000273c   Data           4  myapp.o(.data)
    cpu_use                                  0x20002744   Data           4  face_cpu.o(.data)
    watchface_all                            0x20002768   Data         140  face_function.o(.data)
    oledBuffer                               0x20002800   Data           4  oled.o(.data)
    WWDG_CNT                                 0x20002808   Data           1  wwdg.o(.data)
    USART_RX_STA                             0x20002822   Data           2  usart.o(.data)
    __stdout                                 0x20002824   Data           4  usart.o(.data)
    appConfig                                0x20002834   Data          12  appconfig.o(.bss)
    _GRAM                                    0x200028b9   Data          64  game3.o(.bss)
    menuData                                 0x200028fc   Data          36  menu.o(.bss)
    timeDate                                 0x20002929   Data           9  time.o(.bss)
    vert1                                    0x2000293b   Data          24  watchface.o(.bss)
    usb_data                                 0x20002954   Data          92  usb_ttl.o(.bss)
    STMFLASH_BUF                             0x200029c4   Data        1024  stmflash.o(.bss)
    USART_RX_BUF                             0x20002dc4   Data         512  usart.o(.bss)
    _random_number_data                      0x20002fc4   Data         228  rand.o(.bss)
    __libspace_start                         0x200030a8   Data          96  libspace.o(.bss)
    __temporary_stack_top$libspace           0x20003108   Data           0  libspace.o(.bss)



==============================================================================

Memory Map of the image

  Image Entry point : 0x08000131

  Load Region LR_IROM1 (Base: 0x08000000, Size: 0x0000cae8, Max: 0x00010000, ABSOLUTE, COMPRESSED[0x0000bba4])

    Execution Region ER_IROM1 (Base: 0x08000000, Size: 0x0000a2c0, Max: 0x00010000, ABSOLUTE)

    Base Addr    Size         Type   Attr      Idx    E Section Name        Object

    0x08000000   0x00000130   Data   RO         6025    RESET               startup_stm32f10x_hd.o
    0x08000130   0x00000008   Code   RO         6254  * !!!main             c_w.l(__main.o)
    0x08000138   0x00000034   Code   RO         6610    !!!scatter          c_w.l(__scatter.o)
    0x0800016c   0x00000064   Code   RO         6608    !!dclz77c           c_w.l(__dclz77c.o)
    0x080001d0   0x0000001c   Code   RO         6612    !!handler_zi        c_w.l(__scatter_zi.o)
    0x080001ec   0x00000000   Code   RO         6226    .ARM.Collect$$_printf_percent$$00000000  c_w.l(_printf_percent.o)
    0x080001ec   0x00000006   Code   RO         6224    .ARM.Collect$$_printf_percent$$00000009  c_w.l(_printf_d.o)
    0x080001f2   0x00000006   Code   RO         6225    .ARM.Collect$$_printf_percent$$0000000A  c_w.l(_printf_u.o)
    0x080001f8   0x00000006   Code   RO         6222    .ARM.Collect$$_printf_percent$$00000013  c_w.l(_printf_c.o)
    0x080001fe   0x00000006   Code   RO         6223    .ARM.Collect$$_printf_percent$$00000014  c_w.l(_printf_s.o)
    0x08000204   0x00000004   Code   RO         6353    .ARM.Collect$$_printf_percent$$00000017  c_w.l(_printf_percent_end.o)
    0x08000208   0x00000002   Code   RO         6547    .ARM.Collect$$libinit$$00000000  c_w.l(libinit.o)
    0x0800020a   0x00000000   Code   RO         6359    .ARM.Collect$$libinit$$00000002  c_w.l(libinit2.o)
    0x0800020a   0x00000000   Code   RO         6361    .ARM.Collect$$libinit$$00000004  c_w.l(libinit2.o)
    0x0800020a   0x00000008   Code   RO         6362    .ARM.Collect$$libinit$$00000005  c_w.l(libinit2.o)
    0x08000212   0x00000000   Code   RO         6364    .ARM.Collect$$libinit$$0000000A  c_w.l(libinit2.o)
    0x08000212   0x00000000   Code   RO         6366    .ARM.Collect$$libinit$$0000000C  c_w.l(libinit2.o)
    0x08000212   0x00000004   Code   RO         6367    .ARM.Collect$$libinit$$0000000D  c_w.l(libinit2.o)
    0x08000216   0x00000000   Code   RO         6368    .ARM.Collect$$libinit$$0000000E  c_w.l(libinit2.o)
    0x08000216   0x00000006   Code   RO         6369    .ARM.Collect$$libinit$$0000000F  c_w.l(libinit2.o)
    0x0800021c   0x00000000   Code   RO         6371    .ARM.Collect$$libinit$$00000011  c_w.l(libinit2.o)
    0x0800021c   0x0000000c   Code   RO         6372    .ARM.Collect$$libinit$$00000012  c_w.l(libinit2.o)
    0x08000228   0x00000000   Code   RO         6373    .ARM.Collect$$libinit$$00000013  c_w.l(libinit2.o)
    0x08000228   0x00000000   Code   RO         6375    .ARM.Collect$$libinit$$00000015  c_w.l(libinit2.o)
    0x08000228   0x00000000   Code   RO         6377    .ARM.Collect$$libinit$$00000017  c_w.l(libinit2.o)
    0x08000228   0x00000000   Code   RO         6379    .ARM.Collect$$libinit$$00000019  c_w.l(libinit2.o)
    0x08000228   0x00000000   Code   RO         6381    .ARM.Collect$$libinit$$0000001B  c_w.l(libinit2.o)
    0x08000228   0x00000000   Code   RO         6383    .ARM.Collect$$libinit$$0000001D  c_w.l(libinit2.o)
    0x08000228   0x00000000   Code   RO         6385    .ARM.Collect$$libinit$$0000001F  c_w.l(libinit2.o)
    0x08000228   0x00000000   Code   RO         6387    .ARM.Collect$$libinit$$00000021  c_w.l(libinit2.o)
    0x08000228   0x00000000   Code   RO         6389    .ARM.Collect$$libinit$$00000023  c_w.l(libinit2.o)
    0x08000228   0x00000000   Code   RO         6391    .ARM.Collect$$libinit$$00000025  c_w.l(libinit2.o)
    0x08000228   0x00000000   Code   RO         6395    .ARM.Collect$$libinit$$0000002C  c_w.l(libinit2.o)
    0x08000228   0x00000000   Code   RO         6397    .ARM.Collect$$libinit$$0000002E  c_w.l(libinit2.o)
    0x08000228   0x00000000   Code   RO         6399    .ARM.Collect$$libinit$$00000030  c_w.l(libinit2.o)
    0x08000228   0x00000000   Code   RO         6401    .ARM.Collect$$libinit$$00000032  c_w.l(libinit2.o)
    0x08000228   0x00000002   Code   RO         6402    .ARM.Collect$$libinit$$00000033  c_w.l(libinit2.o)
    0x0800022a   0x00000002   Code   RO         6605    .ARM.Collect$$libshutdown$$00000000  c_w.l(libshutdown.o)
    0x0800022c   0x00000000   Code   RO         6563    .ARM.Collect$$libshutdown$$00000002  c_w.l(libshutdown2.o)
    0x0800022c   0x00000000   Code   RO         6565    .ARM.Collect$$libshutdown$$00000004  c_w.l(libshutdown2.o)
    0x0800022c   0x00000000   Code   RO         6568    .ARM.Collect$$libshutdown$$00000007  c_w.l(libshutdown2.o)
    0x0800022c   0x00000000   Code   RO         6571    .ARM.Collect$$libshutdown$$0000000A  c_w.l(libshutdown2.o)
    0x0800022c   0x00000000   Code   RO         6573    .ARM.Collect$$libshutdown$$0000000C  c_w.l(libshutdown2.o)
    0x0800022c   0x00000000   Code   RO         6576    .ARM.Collect$$libshutdown$$0000000F  c_w.l(libshutdown2.o)
    0x0800022c   0x00000002   Code   RO         6577    .ARM.Collect$$libshutdown$$00000010  c_w.l(libshutdown2.o)
    0x0800022e   0x00000000   Code   RO         6310    .ARM.Collect$$rtentry$$00000000  c_w.l(__rtentry.o)
    0x0800022e   0x00000000   Code   RO         6450    .ARM.Collect$$rtentry$$00000002  c_w.l(__rtentry2.o)
    0x0800022e   0x00000006   Code   RO         6462    .ARM.Collect$$rtentry$$00000004  c_w.l(__rtentry4.o)
    0x08000234   0x00000000   Code   RO         6452    .ARM.Collect$$rtentry$$00000009  c_w.l(__rtentry2.o)
    0x08000234   0x00000004   Code   RO         6453    .ARM.Collect$$rtentry$$0000000A  c_w.l(__rtentry2.o)
    0x08000238   0x00000000   Code   RO         6455    .ARM.Collect$$rtentry$$0000000C  c_w.l(__rtentry2.o)
    0x08000238   0x00000008   Code   RO         6456    .ARM.Collect$$rtentry$$0000000D  c_w.l(__rtentry2.o)
    0x08000240   0x00000002   Code   RO         6552    .ARM.Collect$$rtexit$$00000000  c_w.l(rtexit.o)
    0x08000242   0x00000000   Code   RO         6579    .ARM.Collect$$rtexit$$00000002  c_w.l(rtexit2.o)
    0x08000242   0x00000004   Code   RO         6580    .ARM.Collect$$rtexit$$00000003  c_w.l(rtexit2.o)
    0x08000246   0x00000006   Code   RO         6581    .ARM.Collect$$rtexit$$00000004  c_w.l(rtexit2.o)
    0x0800024c   0x00000034   Code   RO         6229    .emb_text           c_w.l(rand.o)
    0x08000280   0x00000000   Code   RO         6468    .emb_text           c_w.l(maybetermalloc1.o)
    0x08000280   0x00000040   Code   RO         6026    .text               startup_stm32f10x_hd.o
    0x080002c0   0x00000002   Code   RO         6118    .text               c_w.l(use_no_semi_2.o)
    0x080002c2   0x00000028   Code   RO         6124    .text               c_w.l(calloc.o)
    0x080002ea   0x0000005e   Code   RO         6126    .text               c_w.l(h1_alloc.o)
    0x08000348   0x0000004e   Code   RO         6128    .text               c_w.l(h1_free.o)
    0x08000396   0x00000002   PAD
    0x08000398   0x00000018   Code   RO         6188    .text               c_w.l(noretval__2printf.o)
    0x080003b0   0x00000028   Code   RO         6190    .text               c_w.l(noretval__2sprintf.o)
    0x080003d8   0x0000004e   Code   RO         6194    .text               c_w.l(_printf_pad.o)
    0x08000426   0x00000024   Code   RO         6196    .text               c_w.l(_printf_truncate.o)
    0x0800044a   0x00000052   Code   RO         6198    .text               c_w.l(_printf_str.o)
    0x0800049c   0x00000078   Code   RO         6200    .text               c_w.l(_printf_dec.o)
    0x08000514   0x00000188   Code   RO         6219    .text               c_w.l(__printf_flags_ss_wp.o)
    0x0800069c   0x0000001a   Code   RO         6227    .text               c_w.l(atoi.o)
    0x080006b6   0x00000002   PAD
    0x080006b8   0x0000003c   Code   RO         6230    .text               c_w.l(rand.o)
    0x080006f4   0x00000048   Code   RO         6234    .text               c_w.l(strcpy.o)
    0x0800073c   0x0000003e   Code   RO         6236    .text               c_w.l(strlen.o)
    0x0800077a   0x0000008a   Code   RO         6238    .text               c_w.l(rt_memcpy_v6.o)
    0x08000804   0x00000064   Code   RO         6240    .text               c_w.l(rt_memcpy_w.o)
    0x08000868   0x00000010   Code   RO         6242    .text               c_w.l(aeabi_memset.o)
    0x08000878   0x00000044   Code   RO         6244    .text               c_w.l(rt_memclr.o)
    0x080008bc   0x0000004e   Code   RO         6246    .text               c_w.l(rt_memclr_w.o)
    0x0800090a   0x00000056   Code   RO         6248    .text               c_w.l(strncpy.o)
    0x08000960   0x00000080   Code   RO         6250    .text               c_w.l(strcmpv7m.o)
    0x080009e0   0x00000006   Code   RO         6252    .text               c_w.l(heapauxi.o)
    0x080009e6   0x00000002   Code   RO         6306    .text               c_w.l(use_no_semi.o)
    0x080009e8   0x00000008   Code   RO         6314    .text               c_w.l(rt_heap_descriptor_intlibspace.o)
    0x080009f0   0x00000008   Code   RO         6319    .text               c_w.l(rt_errno_addr_intlibspace.o)
    0x080009f8   0x00000004   Code   RO         6321    .text               c_w.l(hguard.o)
    0x080009fc   0x0000008a   Code   RO         6323    .text               c_w.l(init_alloc.o)
    0x08000a86   0x0000000e   Code   RO         6327    .text               c_w.l(h1_init.o)
    0x08000a94   0x00000016   Code   RO         6341    .text               c_w.l(_rserrno.o)
    0x08000aaa   0x000000b2   Code   RO         6343    .text               c_w.l(_printf_intcommon.o)
    0x08000b5c   0x00000030   Code   RO         6345    .text               c_w.l(_printf_char_common.o)
    0x08000b8c   0x0000000a   Code   RO         6347    .text               c_w.l(_sputc.o)
    0x08000b96   0x0000002c   Code   RO         6349    .text               c_w.l(_printf_char.o)
    0x08000bc2   0x00000002   PAD
    0x08000bc4   0x00000024   Code   RO         6351    .text               c_w.l(_printf_char_file.o)
    0x08000be8   0x00000070   Code   RO         6354    .text               c_w.l(strtol.o)
    0x08000c58   0x00000008   Code   RO         6446    .text               c_w.l(libspace.o)
    0x08000c60   0x00000010   Code   RO         6464    .text               c_w.l(rt_ctype_table.o)
    0x08000c70   0x00000034   Code   RO         6470    .text               c_w.l(h1_extend.o)
    0x08000ca4   0x0000009e   Code   RO         6476    .text               c_w.l(_strtoul.o)
    0x08000d42   0x00000008   Code   RO         6478    .text               c_w.l(ferror.o)
    0x08000d4a   0x0000000e   Code   RO         6482    .text               c_w.l(defsig_rtmem_outer.o)
    0x08000d58   0x0000004a   Code   RO         6516    .text               c_w.l(sys_stackheap_outer.o)
    0x08000da2   0x00000002   PAD
    0x08000da4   0x00000008   Code   RO         6523    .text               c_w.l(rt_locale_intlibspace.o)
    0x08000dac   0x0000001c   Code   RO         6527    .text               c_w.l(_chval.o)
    0x08000dc8   0x00000012   Code   RO         6532    .text               c_w.l(exit.o)
    0x08000dda   0x0000000a   Code   RO         6534    .text               c_w.l(defsig_exit.o)
    0x08000de4   0x00000050   Code   RO         6536    .text               c_w.l(defsig_rtmem_inner.o)
    0x08000e34   0x00000032   Code   RO         6560    .text               c_w.l(defsig_general.o)
    0x08000e66   0x00000014   Code   RO         3084    i.ADC_Cmd           stm32f10x_adc.o
    0x08000e7a   0x00000002   PAD
    0x08000e7c   0x00000044   Code   RO         3086    i.ADC_DeInit        stm32f10x_adc.o
    0x08000ec0   0x0000000e   Code   RO         3092    i.ADC_GetCalibrationStatus  stm32f10x_adc.o
    0x08000ece   0x00000006   Code   RO         3093    i.ADC_GetConversionValue  stm32f10x_adc.o
    0x08000ed4   0x0000000e   Code   RO         3095    i.ADC_GetFlagStatus  stm32f10x_adc.o
    0x08000ee2   0x0000000e   Code   RO         3098    i.ADC_GetResetCalibrationStatus  stm32f10x_adc.o
    0x08000ef0   0x00000048   Code   RO         3102    i.ADC_Init          stm32f10x_adc.o
    0x08000f38   0x00000074   Code   RO         3106    i.ADC_RegularChannelConfig  stm32f10x_adc.o
    0x08000fac   0x0000000a   Code   RO         3107    i.ADC_ResetCalibration  stm32f10x_adc.o
    0x08000fb6   0x00000014   Code   RO         3109    i.ADC_SoftwareStartConvCmd  stm32f10x_adc.o
    0x08000fca   0x0000000a   Code   RO         3111    i.ADC_StartCalibration  stm32f10x_adc.o
    0x08000fd4   0x00000088   Code   RO         2985    i.Adc_Init          adc.o
    0x0800105c   0x00000002   Code   RO            1    i.BusFault_Handler  stm32f10x_it.o
    0x0800105e   0x00000002   Code   RO            2    i.DebugMon_Handler  stm32f10x_it.o
    0x08001060   0x0000003c   Code   RO         3916    i.FLASH_ErasePage   stm32f10x_flash.o
    0x0800109c   0x00000028   Code   RO         3917    i.FLASH_GetBank1Status  stm32f10x_flash.o
    0x080010c4   0x00000010   Code   RO         3926    i.FLASH_Lock        stm32f10x_flash.o
    0x080010d4   0x00000034   Code   RO         3929    i.FLASH_ProgramHalfWord  stm32f10x_flash.o
    0x08001108   0x00000018   Code   RO         3934    i.FLASH_Unlock      stm32f10x_flash.o
    0x08001120   0x00000024   Code   RO         3938    i.FLASH_WaitForLastOperation  stm32f10x_flash.o
    0x08001144   0x000000a2   Code   RO         4209    i.GPIO_Init         stm32f10x_gpio.o
    0x080011e6   0x0000000e   Code   RO         4213    i.GPIO_ReadInputDataBit  stm32f10x_gpio.o
    0x080011f4   0x00000004   Code   RO         4216    i.GPIO_ResetBits    stm32f10x_gpio.o
    0x080011f8   0x00000004   Code   RO         4217    i.GPIO_SetBits      stm32f10x_gpio.o
    0x080011fc   0x00000034   Code   RO         2987    i.Get_Adc           adc.o
    0x08001230   0x0000002e   Code   RO         2988    i.Get_Adc_Average   adc.o
    0x0800125e   0x00000002   Code   RO            3    i.HardFault_Handler  stm32f10x_it.o
    0x08001260   0x00000028   Code   RO         2704    i.KEY_Init          key.o
    0x08001288   0x00000002   Code   RO            4    i.MemManage_Handler  stm32f10x_it.o
    0x0800128a   0x00000002   Code   RO            5    i.NMI_Handler       stm32f10x_it.o
    0x0800128c   0x00000064   Code   RO         3042    i.NVIC_Init         misc.o
    0x080012f0   0x00000014   Code   RO         3043    i.NVIC_PriorityGroupConfig  misc.o
    0x08001304   0x0000001c   Code   RO         2591    i.OLED_Clear        oled.o
    0x08001320   0x00000024   Code   RO         2592    i.OLED_ColorTurn    oled.o
    0x08001344   0x0000001e   Code   RO         2593    i.OLED_DisPlay_Off  oled.o
    0x08001362   0x00000002   PAD
    0x08001364   0x0000002c   Code   RO         2594    i.OLED_DisPlay_On   oled.o
    0x08001390   0x0000002c   Code   RO         2595    i.OLED_DisplayTurn  oled.o
    0x080013bc   0x00000184   Code   RO         2596    i.OLED_Init         oled.o
    0x08001540   0x0000002c   Code   RO         2598    i.OLED_Set_Pos      oled.o
    0x0800156c   0x0000000a   Code   RO         2599    i.OLED_Status_set   oled.o
    0x08001576   0x00000002   PAD
    0x08001578   0x0000006c   Code   RO         2600    i.OLED_WR_Byte      oled.o
    0x080015e4   0x00000002   Code   RO            6    i.PendSV_Handler    stm32f10x_it.o
    0x080015e6   0x00000002   PAD
    0x080015e8   0x00000014   Code   RO         4626    i.RCC_ADCCLKConfig  stm32f10x_rcc.o
    0x080015fc   0x00000018   Code   RO         4628    i.RCC_APB1PeriphClockCmd  stm32f10x_rcc.o
    0x08001614   0x00000018   Code   RO         4629    i.RCC_APB1PeriphResetCmd  stm32f10x_rcc.o
    0x0800162c   0x00000018   Code   RO         4630    i.RCC_APB2PeriphClockCmd  stm32f10x_rcc.o
    0x08001644   0x00000018   Code   RO         4631    i.RCC_APB2PeriphResetCmd  stm32f10x_rcc.o
    0x0800165c   0x00000090   Code   RO         4638    i.RCC_GetClocksFreq  stm32f10x_rcc.o
    0x080016ec   0x000000f8   Code   RO          608    i.Read_Flash_APPCONF_Data  appconfig.o
    0x080017e4   0x00000030   Code   RO          415    i.Read_Flash_alarm_Data  alarm.o
    0x08001814   0x0000001a   Code   RO         2777    i.STMFLASH_Read     stmflash.o
    0x0800182e   0x00000002   PAD
    0x08001830   0x000000c4   Code   RO         2779    i.STMFLASH_Write    stmflash.o
    0x080018f4   0x00000028   Code   RO         2780    i.STMFLASH_Write_NoCheck  stmflash.o
    0x0800191c   0x00000002   Code   RO            7    i.SVC_Handler       stm32f10x_it.o
    0x0800191e   0x00000002   PAD
    0x08001920   0x00000064   Code   RO          610    i.Save_Flash_APPCONF_Data  appconfig.o
    0x08001984   0x000000a8   Code   RO          131    i.SetSysClockTo72   system_stm32f10x.o
    0x08001a2c   0x00000018   Code   RO         3046    i.SysTick_CLKSourceConfig  misc.o
    0x08001a44   0x00000002   Code   RO            8    i.SysTick_Handler   stm32f10x_it.o
    0x08001a46   0x00000002   PAD
    0x08001a48   0x00000050   Code   RO          133    i.SystemInit        system_stm32f10x.o
    0x08001a98   0x00000050   Code   RO         1412    i.TIM2_IRQHandler   millis.o
    0x08001ae8   0x00000006   Code   RO         5253    i.TIM_ClearFlag     stm32f10x_tim.o
    0x08001aee   0x00000006   Code   RO         5254    i.TIM_ClearITPendingBit  stm32f10x_tim.o
    0x08001af4   0x00000014   Code   RO         5259    i.TIM_Cmd           stm32f10x_tim.o
    0x08001b08   0x00000170   Code   RO         5264    i.TIM_DeInit        stm32f10x_tim.o
    0x08001c78   0x00000018   Code   RO         5280    i.TIM_GetITStatus   stm32f10x_tim.o
    0x08001c90   0x00000010   Code   RO         5284    i.TIM_ITConfig      stm32f10x_tim.o
    0x08001ca0   0x0000009c   Code   RO         5330    i.TIM_TimeBaseInit  stm32f10x_tim.o
    0x08001d3c   0x00000068   Code   RO         6068    i.USART1_IRQHandler  usart.o
    0x08001da4   0x00000014   Code   RO         5782    i.USART_Cmd         stm32f10x_usart.o
    0x08001db8   0x0000003e   Code   RO         5786    i.USART_GetITStatus  stm32f10x_usart.o
    0x08001df6   0x00000030   Code   RO         5788    i.USART_ITConfig    stm32f10x_usart.o
    0x08001e26   0x00000002   PAD
    0x08001e28   0x000000ac   Code   RO         5789    i.USART_Init        stm32f10x_usart.o
    0x08001ed4   0x00000008   Code   RO         5796    i.USART_ReceiveData  stm32f10x_usart.o
    0x08001edc   0x00000002   Code   RO            9    i.UsageFault_Handler  stm32f10x_it.o
    0x08001ede   0x00000002   PAD
    0x08001ee0   0x0000000c   Code   RO         5958    i.WWDG_ClearFlag    stm32f10x_wwdg.o
    0x08001eec   0x00000018   Code   RO         3021    i.WWDG_IRQHandler   wwdg.o
    0x08001f04   0x00000010   Code   RO         5963    i.WWDG_SetCounter   stm32f10x_wwdg.o
    0x08001f14   0x000000c4   Code   RO         2063    i._OLED_DrawLine    watchface.o
    0x08001fd8   0x00000028   Code   RO         6511    i.__ARM_fpclassify  m_ws.l(fpclassify.o)
    0x08002000   0x00000388   Code   RO         6433    i.__ieee754_rem_pio2  m_ws.l(rred.o)
    0x08002388   0x000000fc   Code   RO         6416    i.__kernel_cos      m_ws.l(cos_i.o)
    0x08002484   0x000000aa   Code   RO         6513    i.__kernel_poly     m_ws.l(poly.o)
    0x0800252e   0x00000002   PAD
    0x08002530   0x000000ec   Code   RO         6438    i.__kernel_sin      m_ws.l(sin_i.o)
    0x0800261c   0x00000006   Code   RO         6420    i.__mathlib_dbl_infnan  m_ws.l(dunder.o)
    0x08002622   0x0000000c   Code   RO         6422    i.__mathlib_dbl_invalid  m_ws.l(dunder.o)
    0x0800262e   0x00000002   PAD
    0x08002630   0x00000010   Code   RO         6425    i.__mathlib_dbl_underflow  m_ws.l(dunder.o)
    0x08002640   0x0000000e   Code   RO         6212    i._is_digit         c_w.l(__printf_wp.o)
    0x0800264e   0x00000004   Code   RO         6069    i._sys_exit         usart.o
    0x08002652   0x00000004   Code   RO         6070    i._ttywrch          usart.o
    0x08002656   0x00000002   PAD
    0x08002658   0x00000040   Code   RO         2716    i._update           led.o
    0x08002698   0x00000024   Code   RO         1245    i.addBackOption     menu.o
    0x080026bc   0x00000018   Code   RO          416    i.alarm_get         alarm.o
    0x080026d4   0x0000001c   Code   RO          417    i.alarm_getNext     alarm.o
    0x080026f0   0x0000000e   Code   RO          419    i.alarm_init        alarm.o
    0x080026fe   0x00000002   PAD
    0x08002700   0x00000014   Code   RO          420    i.alarm_reset       alarm.o
    0x08002714   0x0000002c   Code   RO          421    i.alarm_save        alarm.o
    0x08002740   0x00000084   Code   RO          422    i.alarm_update      alarm.o
    0x080027c4   0x00000038   Code   RO          510    i.alarmsDown        alarms.o
    0x080027fc   0x000000bc   Code   RO          511    i.alarmsDraw        alarms.o
    0x080028b8   0x0000003c   Code   RO          512    i.alarmsUp          alarms.o
    0x080028f4   0x00000020   Code   RO         2437    i.alldata_use_get   watchface2.o
    0x08002914   0x0000001e   Code   RO         1977    i.animateIcon       battery.o
    0x08002932   0x00000002   PAD
    0x08002934   0x0000000c   Code   RO          564    i.animation_active  animation.o
    0x08002940   0x00000014   Code   RO          566    i.animation_movingOn  animation.o
    0x08002954   0x0000000c   Code   RO          567    i.animation_offsetY  animation.o
    0x08002960   0x00000020   Code   RO          568    i.animation_start   animation.o
    0x08002980   0x0000007c   Code   RO          569    i.animation_update  animation.o
    0x080029fc   0x0000005c   Code   RO          612    i.appconfig_init    appconfig.o
    0x08002a58   0x00000050   Code   RO          613    i.appconfig_reset   appconfig.o
    0x08002aa8   0x00000004   Code   RO          614    i.appconfig_save    appconfig.o
    0x08002aac   0x0000001c   Code   RO         1246    i.back              menu.o
    0x08002ac8   0x00000004   Code   RO          769    i.batteryUpdate     diag.o
    0x08002acc   0x00000004   Code   RO         1978    i.battery_init      battery.o
    0x08002ad0   0x00000014   Code   RO         1979    i.battery_setUpdate  battery.o
    0x08002ae4   0x00000030   Code   RO         1980    i.battery_update    battery.o
    0x08002b14   0x00000014   Code   RO         1981    i.battery_updateNow  battery.o
    0x08002b28   0x0000000c   Code   RO         1982    i.battery_voltage   battery.o
    0x08002b34   0x00000006   Code   RO         1247    i.beginAnimation    menu.o
    0x08002b3a   0x00000006   Code   RO         1248    i.beginAnimation2   menu.o
    0x08002b40   0x00000030   Code   RO         1778    i.beginSelect       timedate.o
    0x08002b70   0x00000016   Code   RO          675    i.bitCount          buttons.o
    0x08002b86   0x00000002   PAD
    0x08002b88   0x0000000c   Code   RO          967    i.btnBounce         game3.o
    0x08002b94   0x00000010   Code   RO          930    i.btnDown           game2.o
    0x08002ba4   0x00000034   Code   RO          893    i.btnExit           game1.o
    0x08002bd8   0x0000002c   Code   RO          931    i.btnExit           game2.o
    0x08002c04   0x00000028   Code   RO          968    i.btnExit           game3.o
    0x08002c2c   0x00000014   Code   RO         1649    i.btnExit           stopwatch.o
    0x08002c40   0x00000020   Code   RO         1858    i.btnExit           torch.o
    0x08002c60   0x00000020   Code   RO         2194    i.btnExit           myapp.o
    0x08002c80   0x0000002c   Code   RO         1859    i.btnFlashRate      torch.o
    0x08002cac   0x0000002c   Code   RO         2195    i.btnFlashRate      myapp.o
    0x08002cd8   0x00000010   Code   RO          894    i.btnLeft           game1.o
    0x08002ce8   0x00000014   Code   RO          969    i.btnPause          game3.o
    0x08002cfc   0x00000018   Code   RO         1650    i.btnReset          stopwatch.o
    0x08002d14   0x00000010   Code   RO          895    i.btnRight          game1.o
    0x08002d24   0x00000030   Code   RO         1651    i.btnStartStop      stopwatch.o
    0x08002d54   0x0000000c   Code   RO          932    i.btnUp             game2.o
    0x08002d60   0x00000040   Code   RO          676    i.buttons_init      buttons.o
    0x08002da0   0x00000024   Code   RO          678    i.buttons_pressTime  buttons.o
    0x08002dc4   0x00000030   Code   RO          679    i.buttons_press_longtime  buttons.o
    0x08002df4   0x00000014   Code   RO          680    i.buttons_setFunc   buttons.o
    0x08002e08   0x00000014   Code   RO          681    i.buttons_setFunc_long  buttons.o
    0x08002e1c   0x00000010   Code   RO          682    i.buttons_setFuncs  buttons.o
    0x08002e2c   0x0000000c   Code   RO          683    i.buttons_setFuncs_add4  buttons.o
    0x08002e38   0x00000028   Code   RO          686    i.buttons_update    buttons.o
    0x08002e60   0x00000034   Code   RO          160    i.c_loop            main.o
    0x08002e94   0x00000060   Code   RO          161    i.c_setup           main.o
    0x08002ef4   0x00000020   Code   RO         1249    i.checkScroll       menu.o
    0x08002f14   0x0000000c   Code   RO         1250    i.clear             menu.o
    0x08002f20   0x00000034   Code   RO         2374    i.close_screen      face_function.o
    0x08002f54   0x00000030   Code   RO         2239    i.cpu_use_get       face_cpu.o
    0x08002f84   0x0000001c   Code   RO         2240    i.cpu_use_init      face_cpu.o
    0x08002fa0   0x0000015c   Code   RO          808    i.crt_animation     display.o
    0x080030fc   0x00000024   Code   RO         2064    i.cube_init         watchface.o
    0x08003120   0x0000003c   Code   RO         6030    i.delay_init        delay.o
    0x0800315c   0x00000034   Code   RO         6031    i.delay_ms          delay.o
    0x08003190   0x00000034   Code   RO         6032    i.delay_us          delay.o
    0x080031c4   0x00000010   Code   RO          809    i.display_load      display.o
    0x080031d4   0x0000000c   Code   RO          810    i.display_set       display.o
    0x080031e0   0x00000010   Code   RO          811    i.display_setDrawFunc  display.o
    0x080031f0   0x00000048   Code   RO          813    i.display_update    display.o
    0x08003238   0x00000008   Code   RO         1051    i.div10             global.o
    0x08003240   0x00000010   Code   RO         1251    i.doAction          menu.o
    0x08003250   0x0000002c   Code   RO         1252    i.doBtn             menu.o
    0x0800327c   0x0000001c   Code   RO         1448    i.down              normal.o
    0x08003298   0x00000018   Code   RO         1912    i.down              tunemaker.o
    0x080032b0   0x00000020   Code   RO         2065    i.down              watchface.o
    0x080032d0   0x00000028   Code   RO         2134    i.down              my_normal.o
    0x080032f8   0x00000020   Code   RO         2241    i.down              face_cpu.o
    0x08003318   0x0000001c   Code   RO         2438    i.down              watchface2.o
    0x08003334   0x0000001c   Code   RO         2552    i.down              watchface_asr.o
    0x08003350   0x00000060   Code   RO          424    i.draw              alarm.o
    0x080033b0   0x00000380   Code   RO          933    i.draw              game2.o
    0x08003730   0x000002a0   Code   RO          970    i.draw              game3.o
    0x080039d0   0x00000014   Code   RO         1449    i.draw              normal.o
    0x080039e4   0x00000168   Code   RO         1652    i.draw              stopwatch.o
    0x08003b4c   0x00000054   Code   RO         1860    i.draw              torch.o
    0x08003ba0   0x00000040   Code   RO         1913    i.draw              tunemaker.o
    0x08003be0   0x00000020   Code   RO         2066    i.draw              watchface.o
    0x08003c00   0x00000016   Code   RO         2135    i.draw              my_normal.o
    0x08003c16   0x00000002   PAD
    0x08003c18   0x0000003c   Code   RO         2196    i.draw              myapp.o
    0x08003c54   0x00000012   Code   RO         2242    i.draw              face_cpu.o
    0x08003c66   0x0000001a   Code   RO         2439    i.draw              watchface2.o
    0x08003c80   0x0000000a   Code   RO         2518    i.draw              weather.o
    0x08003c8a   0x00000016   Code   RO         2553    i.draw              watchface_asr.o
    0x08003ca0   0x0000006c   Code   RO         1450    i.drawDate          normal.o
    0x08003d0c   0x000000b0   Code   RO         2136    i.drawDate          my_normal.o
    0x08003dbc   0x0000003c   Code   RO         1253    i.drawTitle         menu.o
    0x08003df8   0x00000154   Code   RO          851    i.draw_bitmap       draw.o
    0x08003f4c   0x0000001a   Code   RO          971    i.draw_bitmap_s2    game3.o
    0x08003f66   0x00000002   PAD
    0x08003f68   0x00000018   Code   RO          852    i.draw_clearArea    draw.o
    0x08003f80   0x00000004   Code   RO          853    i.draw_end          draw.o
    0x08003f84   0x0000001c   Code   RO         2137    i.draw_pic          my_normal.o
    0x08003fa0   0x00000090   Code   RO          854    i.draw_string       draw.o
    0x08004030   0x00000036   Code   RO          855    i.draw_string_P     draw.o
    0x08004066   0x00000002   PAD
    0x08004068   0x00000084   Code   RO         2138    i.draw_weather      my_normal.o
    0x080040ec   0x00000034   Code   RO         1779    i.endSelect         timedate.o
    0x08004120   0x00000018   Code   RO         1254    i.exitSelected      menu.o
    0x08004138   0x00000080   Code   RO         2375    i.face_drawTickerNum  face_function.o
    0x080041b8   0x000000f8   Code   RO         2376    i.face_ticker       face_function.o
    0x080042b0   0x00000018   Code   RO         6071    i.fputc             usart.o
    0x080042c8   0x00000018   Code   RO         2067    i.free_OLED_GRAM    watchface.o
    0x080042e0   0x000002fc   Code   RO          896    i.game1_draw        game1.o
    0x080045dc   0x00000078   Code   RO          897    i.game1_start       game1.o
    0x08004654   0x00000074   Code   RO          934    i.game2_start       game2.o
    0x080046c8   0x0000007c   Code   RO          973    i.game3_start       game3.o
    0x08004744   0x00000004   Code   RO         1135    i.getItemCount      m_main.o
    0x08004748   0x0000002c   Code   RO          513    i.getMaxValForSetting  alarms.o
    0x08004774   0x00000040   Code   RO         1780    i.getMaxValForSetting  timedate.o
    0x080047b4   0x000000a0   Code   RO          425    i.getNextAlarm      alarm.o
    0x08004854   0x00000060   Code   RO         2304    i.get_cpu_data_frombuf  usb_ttl.o
    0x080048b4   0x0000000c   Code   RO         2243    i.get_cpu_use       face_cpu.o
    0x080048c0   0x00000044   Code   RO         2305    i.get_data_frombuf  usb_ttl.o
    0x08004904   0x0000005c   Code   RO         2377    i.get_other_watchface  face_function.o
    0x08004960   0x0000013c   Code   RO         2306    i.get_time_data_frombuf  usb_ttl.o
    0x08004a9c   0x00000014   Code   RO         2378    i.get_watchface_fun  face_function.o
    0x08004ab0   0x0000000c   Code   RO         2379    i.get_watchface_total  face_function.o
    0x08004abc   0x00000018   Code   RO         2307    i.get_weather       usb_ttl.o
    0x08004ad4   0x000000f0   Code   RO         2308    i.get_weather_data_frombuf  usb_ttl.o
    0x08004bc4   0x00000002   Code   RO         1052    i.global_init       global.o
    0x08004bc6   0x00000002   PAD
    0x08004bc8   0x00000060   Code   RO          426    i.goingOff          alarm.o
    0x08004c28   0x00000058   Code   RO          514    i.itemLoader        alarms.o
    0x08004c80   0x0000022c   Code   RO          770    i.itemLoader        diag.o
    0x08004eac   0x00000068   Code   RO         1027    i.itemLoader        games.o
    0x08004f14   0x0000000e   Code   RO         1081    i.itemLoader        m_display.o
    0x08004f22   0x00000002   PAD
    0x08004f24   0x00000108   Code   RO         1136    i.itemLoader        m_main.o
    0x0800502c   0x000000a0   Code   RO         1542    i.itemLoader        settings.o
    0x080050cc   0x00000028   Code   RO         1566    i.itemLoader        sleep.o
    0x080050f4   0x0000000e   Code   RO         1600    i.itemLoader        sound.o
    0x08005102   0x00000002   PAD
    0x08005104   0x000000d8   Code   RO         1781    i.itemLoader        timedate.o
    0x080051dc   0x00000050   Code   RO          974    i.judgeOverlap      game3.o
    0x0800522c   0x0000002c   Code   RO         2717    i.led_flash         led.o
    0x08005258   0x00000018   Code   RO         2718    i.led_flashing      led.o
    0x08005270   0x00000034   Code   RO         2719    i.led_init          led.o
    0x080052a4   0x0000001c   Code   RO         2721    i.led_update        led.o
    0x080052c0   0x00000020   Code   RO         1255    i.loader            menu.o
    0x080052e0   0x0000004c   Code   RO          515    i.mAlarmsOpen       alarms.o
    0x0800532c   0x00000058   Code   RO          771    i.mDiagOpen         diag.o
    0x08005384   0x0000004c   Code   RO         1082    i.mDisplayOpen      m_display.o
    0x080053d0   0x00000024   Code   RO         1782    i.mDown             timedate.o
    0x080053f4   0x0000003c   Code   RO         1567    i.mDraw             sleep.o
    0x08005430   0x0000004c   Code   RO         1028    i.mGamesOpen        games.o
    0x0800547c   0x00000020   Code   RO         1137    i.mMainOpen         m_main.o
    0x0800549c   0x00000074   Code   RO         1138    i.mOpen             m_main.o
    0x08005510   0x00000018   Code   RO          516    i.mSelect           alarms.o
    0x08005528   0x00000024   Code   RO          772    i.mSelect           diag.o
    0x0800554c   0x00000018   Code   RO         1029    i.mSelect           games.o
    0x08005564   0x00000024   Code   RO         1083    i.mSelect           m_display.o
    0x08005588   0x00000018   Code   RO         1139    i.mSelect           m_main.o
    0x080055a0   0x00000018   Code   RO         1543    i.mSelect           settings.o
    0x080055b8   0x00000024   Code   RO         1568    i.mSelect           sleep.o
    0x080055dc   0x00000024   Code   RO         1601    i.mSelect           sound.o
    0x08005600   0x00000018   Code   RO         1783    i.mSelect           timedate.o
    0x08005618   0x00000050   Code   RO         1544    i.mSettingsOpen     settings.o
    0x08005668   0x0000005c   Code   RO         1569    i.mSleepOpen        sleep.o
    0x080056c4   0x00000050   Code   RO         1602    i.mSoundOpen        sound.o
    0x08005714   0x00000098   Code   RO         1784    i.mTimeDateOpen     timedate.o
    0x080057ac   0x00000024   Code   RO         1785    i.mUp               timedate.o
    0x080057d0   0x00000010   Code   RO          162    i.main              main.o
    0x080057e0   0x0000007c   Code   RO          517    i.makeAlarmStr      alarms.o
    0x0800585c   0x0000001c   Code   RO         1256    i.menu_close        menu.o
    0x08005878   0x00000014   Code   RO         1257    i.menu_down         menu.o
    0x0800588c   0x00000090   Code   RO         1258    i.menu_draw         menu.o
    0x0800591c   0x000000e8   Code   RO         1259    i.menu_drawIcon     menu.o
    0x08005a04   0x00000040   Code   RO         1261    i.menu_select       menu.o
    0x08005a44   0x00000014   Code   RO         1262    i.menu_up           menu.o
    0x08005a58   0x00000010   Code   RO         1413    i.millis_get        millis.o
    0x08005a68   0x00000074   Code   RO         1414    i.millis_init       millis.o
    0x08005adc   0x0000000c   Code   RO         1054    i.mod10             global.o
    0x08005ae8   0x00000018   Code   RO         2068    i.modeset           watchface.o
    0x08005b00   0x0000001c   Code   RO         2554    i.modeset           watchface_asr.o
    0x08005b1c   0x0000017c   Code   RO         2380    i.moving2_set       face_function.o
    0x08005c98   0x0000000c   Code   RO         1415    i.my_millis_get_10ms  millis.o
    0x08005ca4   0x00000050   Code   RO         2139    i.my_watchface_normal  my_normal.o
    0x08005cf4   0x00000038   Code   RO         2197    i.myapp_open        myapp.o
    0x08005d2c   0x00000028   Code   RO         1887    i.next              tune.o
    0x08005d54   0x0000001c   Code   RO         1263    i.nextOption        menu.o
    0x08005d70   0x00000004   Code   RO         2381    i.old_btn4          face_function.o
    0x08005d74   0x00000058   Code   RO         2601    i.oled_flush        oled.o
    0x08005dcc   0x00000020   Code   RO         2244    i.open_cpuface      face_cpu.o
    0x08005dec   0x00000014   Code   RO         2440    i.open_cpuface      watchface2.o
    0x08005e00   0x0000001c   Code   RO         1264    i.prevOption        menu.o
    0x08005e1c   0x00000078   Code   RO          688    i.processButton     buttons.o
    0x08005e94   0x0000007c   Code   RO          689    i.processButtons    buttons.o
    0x08005f10   0x00000028   Code   RO         2309    i.put_cpu           usb_ttl.o
    0x08005f38   0x00000002   Code   RO         2031    i.pwrmgr_setState   pwrmgr.o
    0x08005f3a   0x00000002   PAD
    0x08005f3c   0x00000014   Code   RO         2032    i.pwrmgr_userActive  pwrmgr.o
    0x08005f50   0x0000000c   Code   RO          856    i.readPixels        draw.o
    0x08005f5c   0x00000002   Code   RO         1177    i.rtc_tempUpdate    m_rtc.o
    0x08005f5e   0x00000002   PAD
    0x08005f60   0x0000003c   Code   RO         1786    i.saveTimeDate      timedate.o
    0x08005f9c   0x00000020   Code   RO         1914    i.select            tunemaker.o
    0x08005fbc   0x000001b4   Code   RO          518    i.selectAlarm       alarms.o
    0x08006170   0x00000068   Code   RO         1787    i.selectDate        timedate.o
    0x080061d8   0x00000088   Code   RO         1788    i.selectTime        timedate.o
    0x08006260   0x00000014   Code   RO         1084    i.setAnimations     m_display.o
    0x08006274   0x00000050   Code   RO         1085    i.setBrightness     m_display.o
    0x080062c4   0x00000018   Code   RO         1086    i.setInvert         m_display.o
    0x080062dc   0x00000014   Code   RO         1087    i.setLEDs           m_display.o
    0x080062f0   0x00000014   Code   RO         1265    i.setMenuFuncs      menu.o
    0x08006304   0x00000024   Code   RO         1266    i.setMenuInfo       menu.o
    0x08006328   0x000000b8   Code   RO         1267    i.setMenuOption     menu.o
    0x080063e0   0x0000002c   Code   RO         1268    i.setMenuOption_P   menu.o
    0x0800640c   0x000000bc   Code   RO         1088    i.setMenuOptions    m_display.o
    0x080064c8   0x00000074   Code   RO         1603    i.setMenuOptions    sound.o
    0x0800653c   0x00000024   Code   RO         1269    i.setPrevMenuExit   menu.o
    0x08006560   0x00000018   Code   RO         1270    i.setPrevMenuOpen   menu.o
    0x08006578   0x0000003c   Code   RO         1089    i.setRotate         m_display.o
    0x080065b4   0x00000014   Code   RO          773    i.setShowAuther     diag.o
    0x080065c8   0x00000014   Code   RO          774    i.setShowFPS        diag.o
    0x080065dc   0x00000018   Code   RO         1570    i.setTimeout        sleep.o
    0x080065f4   0x0000000c   Code   RO         1604    i.setVolume         sound.o
    0x08006600   0x0000001c   Code   RO         1605    i.setVolumeAlarm    sound.o
    0x0800661c   0x0000001c   Code   RO         1606    i.setVolumeHour     sound.o
    0x08006638   0x0000001c   Code   RO         1607    i.setVolumeUI       sound.o
    0x08006654   0x00000014   Code   RO         2140    i.set_draw_pic      my_normal.o
    0x08006668   0x00000050   Code   RO         2441    i.show              watchface2.o
    0x080066b8   0x00000020   Code   RO         2442    i.show_alldata_cmp  watchface2.o
    0x080066d8   0x00000064   Code   RO         2443    i.show_alldata_use  watchface2.o
    0x0800673c   0x00000068   Code   RO         2555    i.show_ast          watchface_asr.o
    0x080067a4   0x00000070   Code   RO         1983    i.show_battery_mode_1  battery.o
    0x08006814   0x00000088   Code   RO         1984    i.show_battery_mode_2  battery.o
    0x0800689c   0x000000e8   Code   RO         2245    i.show_cpu_use      face_cpu.o
    0x08006984   0x0000016c   Code   RO         2069    i.show_cube         watchface.o
    0x08006af0   0x000000e8   Code   RO         2519    i.show_weather_forecast  weather.o
    0x08006bd8   0x000000a0   Code   RO         6299    i.sin               m_ws.l(sin.o)
    0x08006c78   0x00000038   Code   RO          427    i.stopAlarm         alarm.o
    0x08006cb0   0x0000002c   Code   RO         1654    i.stopwatch_open    stopwatch.o
    0x08006cdc   0x00000034   Code   RO         1655    i.stopwatch_update  stopwatch.o
    0x08006d10   0x00000164   Code   RO         1451    i.ticker            normal.o
    0x08006e74   0x00000150   Code   RO         2141    i.ticker            my_normal.o
    0x08006fc4   0x00000094   Code   RO         2246    i.ticker            face_cpu.o
    0x08007058   0x00000048   Code   RO         1789    i.timeDataDown      timedate.o
    0x080070a0   0x00000040   Code   RO         1790    i.timeDataUp        timedate.o
    0x080070e0   0x000000c8   Code   RO         1791    i.timeDateDraw      timedate.o
    0x080071a8   0x0000005c   Code   RO         1696    i.time_dow          time.o
    0x08007204   0x0000000c   Code   RO         1698    i.time_isLeapYear   time.o
    0x08007210   0x0000001c   Code   RO         1699    i.time_monthDayCount  time.o
    0x0800722c   0x0000002c   Code   RO         1700    i.time_set          time.o
    0x08007258   0x0000004c   Code   RO         1703    i.time_timeMode     time.o
    0x080072a4   0x00000030   Code   RO         1704    i.time_timeStr      time.o
    0x080072d4   0x00000084   Code   RO         1705    i.time_update       time.o
    0x08007358   0x00000018   Code   RO          428    i.toMinutes         alarm.o
    0x08007370   0x00000014   Code   RO         2520    i.to_my_normal      weather.o
    0x08007384   0x00000038   Code   RO         1861    i.torch_open        torch.o
    0x080073bc   0x00000024   Code   RO         1888    i.tune_play         tune.o
    0x080073e0   0x0000000c   Code   RO         1889    i.tune_stop         tune.o
    0x080073ec   0x00000050   Code   RO         1915    i.tunemakerOpen     tunemaker.o
    0x0800743c   0x000000a0   Code   RO         6072    i.uart_init         usart.o
    0x080074dc   0x0000001c   Code   RO         1452    i.up                normal.o
    0x080074f8   0x0000000a   Code   RO         1916    i.up                tunemaker.o
    0x08007502   0x00000002   PAD
    0x08007504   0x00000020   Code   RO         2070    i.up                watchface.o
    0x08007524   0x00000028   Code   RO         2142    i.up                my_normal.o
    0x0800754c   0x00000024   Code   RO         2247    i.up                face_cpu.o
    0x08007570   0x0000001c   Code   RO         2444    i.up                watchface2.o
    0x0800758c   0x0000001c   Code   RO         2556    i.up                watchface_asr.o
    0x080075a8   0x0000002c   Code   RO         2310    i.usb_ttl_connected  usb_ttl.o
    0x080075d4   0x00000024   Code   RO         2312    i.usb_ttl_init      usb_ttl.o
    0x080075f8   0x00000034   Code   RO         2313    i.usb_ttl_update    usb_ttl.o
    0x0800762c   0x00000014   Code   RO         2034    i.user_state_change  pwrmgr.o
    0x08007640   0x00000040   Code   RO         2445    i.watchface2        watchface2.o
    0x08007680   0x00000050   Code   RO         2071    i.watchfaceOpen     watchface.o
    0x080076d0   0x0000003c   Code   RO         2248    i.watchface_CPU     face_cpu.o
    0x0800770c   0x00000058   Code   RO         2557    i.watchface_ast     watchface_asr.o
    0x08007764   0x000000b0   Code   RO         2072    i.watchface_drawDate  watchface.o
    0x08007814   0x00000040   Code   RO         1453    i.watchface_normal  normal.o
    0x08007854   0x0000000c   Code   RO          616    i.watchface_num_set  appconfig.o
    0x08007860   0x00000038   Code   RO         2382    i.watchface_save    face_function.o
    0x08007898   0x00000150   Code   RO         2073    i.watchface_ticker  watchface.o
    0x080079e8   0x00000034   Code   RO         2521    i.weather_forecast  weather.o
    0x08007a1c   0x00000060   Code   RO         2522    i.weather_type_set  weather.o
    0x08007a7c   0x0000002c   Code   RO         6530    locale$$code        c_w.l(lc_ctype_c.o)
    0x08007aa8   0x00000062   Code   RO         6256    x$fpl$d2f           fz_ws.l(d2f.o)
    0x08007b0a   0x00000002   PAD
    0x08007b0c   0x00000150   Code   RO         6258    x$fpl$dadd          fz_ws.l(daddsub_clz.o)
    0x08007c5c   0x00000010   Code   RO         6548    x$fpl$dcheck1       fz_ws.l(dcheck1.o)
    0x08007c6c   0x000002b0   Code   RO         6492    x$fpl$ddiv          fz_ws.l(ddiv.o)
    0x08007f1c   0x0000005e   Code   RO         6495    x$fpl$dfix          fz_ws.l(dfix.o)
    0x08007f7a   0x0000002e   Code   RO         6500    x$fpl$dflt          fz_ws.l(dflt_clz.o)
    0x08007fa8   0x00000026   Code   RO         6499    x$fpl$dfltu         fz_ws.l(dflt_clz.o)
    0x08007fce   0x00000002   PAD
    0x08007fd0   0x00000154   Code   RO         6264    x$fpl$dmul          fz_ws.l(dmul.o)
    0x08008124   0x0000009c   Code   RO         6403    x$fpl$dnaninf       fz_ws.l(dnaninf.o)
    0x080081c0   0x0000000c   Code   RO         6405    x$fpl$dretinf       fz_ws.l(dretinf.o)
    0x080081cc   0x00000016   Code   RO         6259    x$fpl$drsb          fz_ws.l(daddsub_clz.o)
    0x080081e2   0x00000002   PAD
    0x080081e4   0x000001d4   Code   RO         6260    x$fpl$dsub          fz_ws.l(daddsub_clz.o)
    0x080083b8   0x00000056   Code   RO         6266    x$fpl$f2d           fz_ws.l(f2d.o)
    0x0800840e   0x00000002   PAD
    0x08008410   0x000000c4   Code   RO         6268    x$fpl$fadd          fz_ws.l(faddsub_clz.o)
    0x080084d4   0x0000000c   Code   RO         6407    x$fpl$fcheck1       fz_ws.l(fcheck1.o)
    0x080084e0   0x00000018   Code   RO         6409    x$fpl$fcmpinf       fz_ws.l(fcmpi.o)
    0x080084f8   0x00000184   Code   RO         6275    x$fpl$fdiv          fz_ws.l(fdiv.o)
    0x0800867c   0x00000036   Code   RO         6278    x$fpl$ffix          fz_ws.l(ffix.o)
    0x080086b2   0x00000002   PAD
    0x080086b4   0x0000003e   Code   RO         6282    x$fpl$ffixu         fz_ws.l(ffixu.o)
    0x080086f2   0x00000002   PAD
    0x080086f4   0x00000030   Code   RO         6287    x$fpl$fflt          fz_ws.l(fflt_clz.o)
    0x08008724   0x00000026   Code   RO         6286    x$fpl$ffltu         fz_ws.l(fflt_clz.o)
    0x0800874a   0x00000002   PAD
    0x0800874c   0x00000068   Code   RO         6292    x$fpl$fleqf         fz_ws.l(fleqf.o)
    0x080087b4   0x0000008c   Code   RO         6411    x$fpl$fnaninf       fz_ws.l(fnaninf.o)
    0x08008840   0x0000000a   Code   RO         6413    x$fpl$fretinf       fz_ws.l(fretinf.o)
    0x0800884a   0x00000062   Code   RO         6294    x$fpl$frleqf        fz_ws.l(frleqf.o)
    0x080088ac   0x000000ea   Code   RO         6270    x$fpl$fsub          fz_ws.l(faddsub_clz.o)
    0x08008996   0x00000064   Code   RO         6507    x$fpl$retnan        fz_ws.l(retnan.o)
    0x080089fa   0x0000005c   Code   RO         6509    x$fpl$scalbn        fz_ws.l(scalbn.o)
    0x08008a56   0x0000004c   Code   RO         6296    x$fpl$scalbnf       fz_ws.l(scalbnf.o)
    0x08008aa2   0x00000030   Code   RO         6550    x$fpl$trapveneer    fz_ws.l(trapv.o)
    0x08008ad2   0x00000000   Code   RO         6415    x$fpl$usenofp       fz_ws.l(usenofp.o)
    0x08008ad2   0x00000011   Data   RO          899    .constdata          game1.o
    0x08008ae3   0x00000026   Data   RO          936    .constdata          game2.o
    0x08008b09   0x00000003   PAD
    0x08008b0c   0x00000030   Data   RO          976    .constdata          game3.o
    0x08008b3c   0x00000005   Data   RO         1272    .constdata          menu.o
    0x08008b41   0x00000008   Data   RO         1486    .constdata          resources.o
    0x08008b49   0x0000001c   Data   RO         1487    .constdata          resources.o
    0x08008b65   0x00000030   Data   RO         1488    .constdata          resources.o
    0x08008b95   0x00000007   Data   RO         1489    .constdata          resources.o
    0x08008b9c   0x00000080   Data   RO         1492    .constdata          resources.o
    0x08008c1c   0x00000080   Data   RO         1493    .constdata          resources.o
    0x08008c9c   0x00000080   Data   RO         1494    .constdata          resources.o
    0x08008d1c   0x00000080   Data   RO         1495    .constdata          resources.o
    0x08008d9c   0x00000080   Data   RO         1496    .constdata          resources.o
    0x08008e1c   0x00000200   Data   RO         1497    .constdata          resources.o
    0x0800901c   0x00000100   Data   RO         1498    .constdata          resources.o
    0x0800911c   0x00000080   Data   RO         1499    .constdata          resources.o
    0x0800919c   0x00000080   Data   RO         1500    .constdata          resources.o
    0x0800921c   0x00000100   Data   RO         1501    .constdata          resources.o
    0x0800931c   0x00000200   Data   RO         1502    .constdata          resources.o
    0x0800951c   0x00000080   Data   RO         1503    .constdata          resources.o
    0x0800959c   0x00000080   Data   RO         1504    .constdata          resources.o
    0x0800961c   0x00000010   Data   RO         1505    .constdata          resources.o
    0x0800962c   0x00000010   Data   RO         1509    .constdata          resources.o
    0x0800963c   0x00000008   Data   RO         1510    .constdata          resources.o
    0x08009644   0x000001e5   Data   RO         1511    .constdata          resources.o
    0x08009829   0x0000023a   Data   RO         1512    .constdata          resources.o
    0x08009a63   0x000000dc   Data   RO         1513    .constdata          resources.o
    0x08009b3f   0x00000012   Data   RO         1514    .constdata          resources.o
    0x08009b51   0x00000024   Data   RO         1515    .constdata          resources.o
    0x08009b75   0x00000024   Data   RO         1516    .constdata          resources.o
    0x08009b99   0x00000080   Data   RO         1517    .constdata          resources.o
    0x08009c19   0x00000080   Data   RO         1518    .constdata          resources.o
    0x08009c99   0x00000080   Data   RO         1519    .constdata          resources.o
    0x08009d19   0x00000080   Data   RO         1520    .constdata          resources.o
    0x08009d99   0x00000080   Data   RO         1521    .constdata          resources.o
    0x08009e19   0x00000080   Data   RO         1522    .constdata          resources.o
    0x08009e99   0x00000080   Data   RO         1523    .constdata          resources.o
    0x08009f19   0x00000080   Data   RO         1524    .constdata          resources.o
    0x08009f99   0x0000000c   Data   RO         1708    .constdata          time.o
    0x08009fa5   0x00000001   PAD
    0x08009fa6   0x00000012   Data   RO         1950    .constdata          tunes.o
    0x08009fb8   0x00000008   Data   RO         1951    .constdata          tunes.o
    0x08009fc0   0x00000008   Data   RO         1952    .constdata          tunes.o
    0x08009fc8   0x00000008   Data   RO         1953    .constdata          tunes.o
    0x08009fd0   0x00000060   Data   RO         2075    .constdata          watchface.o
    0x0800a030   0x0000002d   Data   RO         2249    .constdata          face_cpu.o
    0x0800a05d   0x00000011   Data   RO         6220    .constdata          c_w.l(__printf_flags_ss_wp.o)
    0x0800a06e   0x00000002   PAD
    0x0800a070   0x00000030   Data   RO         6417    .constdata          m_ws.l(cos_i.o)
    0x0800a0a0   0x000000c8   Data   RO         6435    .constdata          m_ws.l(rred.o)
    0x0800a168   0x00000028   Data   RO         6439    .constdata          m_ws.l(sin_i.o)
    0x0800a190   0x00000020   Data   RO         6606    Region$$Table       anon$$obj.o
    0x0800a1b0   0x00000110   Data   RO         6529    locale$$data        c_w.l(lc_ctype_c.o)


    Execution Region RW_IRAM1 (Base: 0x20000000, Size: 0x00004108, Max: 0x00005000, ABSOLUTE, COMPRESSED[0x000018e4])

    Base Addr    Size         Type   Attr      Idx    E Section Name        Object

    0x20000000   0x00000014   Data   RW          134    .data               system_stm32f10x.o
    0x20000014   0x00000026   Data   RW          429    .data               alarm.o
    0x2000003a   0x00000002   PAD
    0x2000003c   0x00000010   Data   RW          519    .data               alarms.o
    0x2000004c   0x00000002   Data   RW          691    .data               buttons.o
    0x2000004e   0x00000002   PAD
    0x20000050   0x0000000c   Data   RW          775    .data               diag.o
    0x2000005c   0x00000012   Data   RW          814    .data               display.o
    0x2000006e   0x00000002   PAD
    0x20000070   0x0000000c   Data   RW          900    .data               game1.o
    0x2000007c   0x00000014   Data   RW          937    .data               game2.o
    0x20000090   0x0000002c   Data   RW          977    .data               game3.o
    0x200000bc   0x00000020   Data   RW          978    .data               game3.o
    0x200000dc   0x00000008   Data   RW         1030    .data               games.o
    0x200000e4   0x00000008   Data   RW         1090    .data               m_display.o
    0x200000ec   0x00000008   Data   RW         1140    .data               m_main.o
    0x200000f4   0x00000008   Data   RW         1273    .data               menu.o
    0x200000fc   0x00000002   Data   RW         1274    .data               menu.o
    0x200000fe   0x00000008   Data   RW         1454    .data               normal.o
    0x20000106   0x00000200   Data   RW         1525    .data               resources.o
    0x20000306   0x000004b0   Data   RW         1526    .data               resources.o
    0x200007b6   0x000001f8   Data   RW         1527    .data               resources.o
    0x200009ae   0x00000c30   Data   RW         1528    .data               resources.o
    0x200015de   0x000010e0   Data   RW         1529    .data               resources.o
    0x200026be   0x00000002   PAD
    0x200026c0   0x00000008   Data   RW         1545    .data               settings.o
    0x200026c8   0x00000008   Data   RW         1571    .data               sleep.o
    0x200026d0   0x00000008   Data   RW         1608    .data               sound.o
    0x200026d8   0x0000000c   Data   RW         1656    .data               stopwatch.o
    0x200026e4   0x00000001   Data   RW         1709    .data               time.o
    0x200026e5   0x00000003   PAD
    0x200026e8   0x0000000c   Data   RW         1793    .data               timedate.o
    0x200026f4   0x00000008   Data   RW         1862    .data               torch.o
    0x200026fc   0x00000008   Data   RW         1890    .data               tune.o
    0x20002704   0x00000001   Data   RW         1917    .data               tunemaker.o
    0x20002705   0x00000001   PAD
    0x20002706   0x0000000a   Data   RW         1985    .data               battery.o
    0x20002710   0x00000001   Data   RW         2035    .data               pwrmgr.o
    0x20002711   0x00000003   PAD
    0x20002714   0x00000019   Data   RW         2076    .data               watchface.o
    0x2000272d   0x00000009   Data   RW         2143    .data               my_normal.o
    0x20002736   0x00000002   PAD
    0x20002738   0x00000008   Data   RW         2198    .data               myapp.o
    0x20002740   0x00000008   Data   RW         2250    .data               face_cpu.o
    0x20002748   0x00000010   Data   RW         2315    .data               usb_ttl.o
    0x20002758   0x0000009c   Data   RW         2383    .data               face_function.o
    0x200027f4   0x0000000c   Data   RW         2558    .data               watchface_asr.o
    0x20002800   0x00000004   Data   RW         2602    .data               oled.o
    0x20002804   0x00000004   Data   RW         2722    .data               led.o
    0x20002808   0x00000001   Data   RW         3023    .data               wwdg.o
    0x20002809   0x00000014   Data   RW         4658    .data               stm32f10x_rcc.o
    0x2000281d   0x00000001   PAD
    0x2000281e   0x00000004   Data   RW         6033    .data               delay.o
    0x20002822   0x00000002   Data   RW         6074    .data               usart.o
    0x20002824   0x00000004   Data   RW         6075    .data               usart.o
    0x20002828   0x0000000c   Zero   RW          570    .bss                animation.o
    0x20002834   0x0000000c   Zero   RW          617    .bss                appconfig.o
    0x20002840   0x00000060   Zero   RW          690    .bss                buttons.o
    0x200028a0   0x00000010   Zero   RW          898    .bss                game1.o
    0x200028b0   0x00000009   Zero   RW          935    .bss                game2.o
    0x200028b9   0x00000040   Zero   RW          975    .bss                game3.o
    0x200028f9   0x00000003   PAD
    0x200028fc   0x00000024   Zero   RW         1271    .bss                menu.o
    0x20002920   0x00000012   Zero   RW         1707    .bss                time.o
    0x20002932   0x00000009   Zero   RW         1792    .bss                timedate.o
    0x2000293b   0x00000018   Zero   RW         2074    .bss                watchface.o
    0x20002953   0x00000001   PAD
    0x20002954   0x0000005c   Zero   RW         2314    .bss                usb_ttl.o
    0x200029b0   0x00000014   Zero   RW         2446    .bss                watchface2.o
    0x200029c4   0x00000400   Zero   RW         2782    .bss                stmflash.o
    0x20002dc4   0x00000200   Zero   RW         6073    .bss                usart.o
    0x20002fc4   0x000000e4   Zero   RW         6231    .bss                c_w.l(rand.o)
    0x200030a8   0x00000060   Zero   RW         6447    .bss                c_w.l(libspace.o)
    0x20003108   0x00000800   Zero   RW         6024    HEAP                startup_stm32f10x_hd.o
    0x20003908   0x00000800   Zero   RW         6023    STACK               startup_stm32f10x_hd.o


==============================================================================

Image component sizes


      Code (inc. data)   RO Data    RW Data    ZI Data      Debug   Object Name

       234         14          0          0          0       1839   adc.o
       742         98          0         38          0       7627   alarm.o
      1096        194          0         16          0       6590   alarms.o
       200         26          0          0         12       2937   animation.o
       536        180          0          0         12       4052   appconfig.o
       382         68          0         10          0       5016   battery.o
       522         72          0          2         96       7451   buttons.o
         0          0          0          0          0         32   core_cm3.o
       164         26          0          4          0       1795   delay.o
       724        296          0         12          0       3804   diag.o
       464         30          0         18          0       4104   display.o
       578         20          0          0          0       5720   draw.o
       646         92         45          8          0       6255   face_cpu.o
       992         60          0        156          0       6992   face_function.o
       968        110         17         12         16       4511   game1.o
      1084        126         38         20          9       4666   game2.o
       974        132         48         76         64       5345   game3.o
       204         92          0          8          0       2037   games.o
        22          0          0          0          0       1390   global.o
        40          6          0          0          0        503   key.o
       212         26          0          4          0       3415   led.o
       518        180          0          8          0       4819   m_display.o
       440        220          0          8          0       2852   m_main.o
         2          0          0          0          0        429   m_rtc.o
       164          8          0          0          0     220121   main.o
      1204        174          5         10         36      15262   menu.o
       224         20          0          0          0       2022   millis.o
       144         16          0          0          0       2121   misc.o
       874        122          0          9          0       5559   my_normal.o
       192         56          0          8          0       2460   myapp.o
       604         90          0          8          0       3671   normal.o
       820         34          0          4          0       8705   oled.o
        42         10          0          1          0       2090   pwrmgr.o
         0          0       5208       9656          0       2902   resources.o
       264        132          0          8          0       1624   settings.o
       252         90          0          8          0       2917   sleep.o
       342         96          0          8          0       4121   sound.o
        64         26        304          0       4096        824   startup_stm32f10x_hd.o
       364         22          0          0          0       8902   stm32f10x_adc.o
       228         30          0          0          0       5419   stm32f10x_flash.o
       184          0          0          0          0       3688   stm32f10x_gpio.o
        18          0          0          0          0      58346   stm32f10x_it.o
       260         46          0         20          0       6359   stm32f10x_rcc.o
       596        106          0          0          0       6090   stm32f10x_tim.o
       310          6          0          0          0       5158   stm32f10x_usart.o
        28         10          0          0          0       1011   stm32f10x_wwdg.o
       262          6          0          0       1024       3329   stmflash.o
       548         64          0         12          0       3868   stopwatch.o
       248         24          0         20          0       1809   system_stm32f10x.o
       432         44         12          1         18       5268   time.o
      1264        328          0         12          9       8580   timedate.o
       216         30          0          8          0       2213   torch.o
        88         16          0          8          0       2108   tune.o
       210         60          0          1          0       3004   tunemaker.o
         0          0         42          0          0        887   tunes.o
       296         28          0          6        512       4715   usart.o
       916        148          0         16         92       6268   usb_ttl.o
      1332        128         96         25         24       7982   watchface.o
       410         70          0          0         20       5502   watchface2.o
       298         64          0         12          0       3688   watchface_asr.o
       410         60          0          0          0       3290   weather.o
        24          6          0          1          0        745   wwdg.o

    ----------------------------------------------------------------------
     25920       4238       5851      10280       6044     526809   Object Totals
         0          0         32          0          0          0   (incl. Generated)
        44          0          4         18          4          0   (incl. Padding)

    ----------------------------------------------------------------------

      Code (inc. data)   RO Data    RW Data    ZI Data      Debug   Library Member Name

       100          0          0          0          0          0   __dclz77c.o
         8          0          0          0          0         68   __main.o
       392          4         17          0          0         92   __printf_flags_ss_wp.o
        14          0          0          0          0         68   __printf_wp.o
         0          0          0          0          0          0   __rtentry.o
        12          0          0          0          0          0   __rtentry2.o
         6          0          0          0          0          0   __rtentry4.o
        52          8          0          0          0          0   __scatter.o
        28          0          0          0          0          0   __scatter_zi.o
        28          0          0          0          0         68   _chval.o
         6          0          0          0          0          0   _printf_c.o
        44          0          0          0          0        108   _printf_char.o
        48          6          0          0          0         96   _printf_char_common.o
        36          4          0          0          0         80   _printf_char_file.o
         6          0          0          0          0          0   _printf_d.o
       120         16          0          0          0         92   _printf_dec.o
       178          0          0          0          0         88   _printf_intcommon.o
        78          0          0          0          0        108   _printf_pad.o
         0          0          0          0          0          0   _printf_percent.o
         4          0          0          0          0          0   _printf_percent_end.o
         6          0          0          0          0          0   _printf_s.o
        82          0          0          0          0         80   _printf_str.o
        36          0          0          0          0         84   _printf_truncate.o
         6          0          0          0          0          0   _printf_u.o
        22          0          0          0          0        100   _rserrno.o
        10          0          0          0          0         68   _sputc.o
       158          0          0          0          0         92   _strtoul.o
        16          0          0          0          0         68   aeabi_memset.o
        26          0          0          0          0         80   atoi.o
        40          0          0          0          0         80   calloc.o
        10          0          0          0          0         68   defsig_exit.o
        50          0          0          0          0         88   defsig_general.o
        80         58          0          0          0         76   defsig_rtmem_inner.o
        14          0          0          0          0         80   defsig_rtmem_outer.o
        18          0          0          0          0         80   exit.o
         8          0          0          0          0         68   ferror.o
        94          0          0          0          0         80   h1_alloc.o
        52          0          0          0          0         68   h1_extend.o
        78          0          0          0          0         80   h1_free.o
        14          0          0          0          0         84   h1_init.o
         6          0          0          0          0        152   heapauxi.o
         4          0          0          0          0        136   hguard.o
       138          0          0          0          0        168   init_alloc.o
        44         10        272          0          0         76   lc_ctype_c.o
         2          0          0          0          0          0   libinit.o
        32          0          0          0          0          0   libinit2.o
         2          0          0          0          0          0   libshutdown.o
         2          0          0          0          0          0   libshutdown2.o
         8          4          0          0         96         68   libspace.o
         0          0          0          0          0          0   maybetermalloc1.o
        24          4          0          0          0         84   noretval__2printf.o
        40          6          0          0          0         84   noretval__2sprintf.o
       112         18          0          0        228        160   rand.o
        16          4          0          0          0         76   rt_ctype_table.o
         8          4          0          0          0         68   rt_errno_addr_intlibspace.o
         8          4          0          0          0         68   rt_heap_descriptor_intlibspace.o
         8          4          0          0          0         68   rt_locale_intlibspace.o
        68          0          0          0          0         68   rt_memclr.o
        78          0          0          0          0         80   rt_memclr_w.o
       138          0          0          0          0         68   rt_memcpy_v6.o
       100          0          0          0          0         80   rt_memcpy_w.o
         2          0          0          0          0          0   rtexit.o
        10          0          0          0          0          0   rtexit2.o
       128          0          0          0          0         68   strcmpv7m.o
        72          0          0          0          0         80   strcpy.o
        62          0          0          0          0         76   strlen.o
        86          0          0          0          0         76   strncpy.o
       112          0          0          0          0         88   strtol.o
        74          0          0          0          0         80   sys_stackheap_outer.o
         2          0          0          0          0         68   use_no_semi.o
         2          0          0          0          0         68   use_no_semi_2.o
        98          4          0          0          0         92   d2f.o
       826         16          0          0          0        348   daddsub_clz.o
        16          4          0          0          0         68   dcheck1.o
       688        140          0          0          0        208   ddiv.o
        94          4          0          0          0         92   dfix.o
        84          0          0          0          0        136   dflt_clz.o
       340         12          0          0          0        104   dmul.o
       156          4          0          0          0         92   dnaninf.o
        12          0          0          0          0         68   dretinf.o
        86          4          0          0          0         84   f2d.o
       430          8          0          0          0        168   faddsub_clz.o
        12          4          0          0          0         68   fcheck1.o
        24          0          0          0          0         68   fcmpi.o
       388         76          0          0          0         96   fdiv.o
        54          4          0          0          0         84   ffix.o
        62          4          0          0          0         84   ffixu.o
        86          0          0          0          0        136   fflt_clz.o
       104          4          0          0          0         84   fleqf.o
       140          4          0          0          0         84   fnaninf.o
        10          0          0          0          0         68   fretinf.o
        98          0          0          0          0         68   frleqf.o
       100          0          0          0          0         68   retnan.o
        92          0          0          0          0         68   scalbn.o
        76          0          0          0          0         68   scalbnf.o
        48          0          0          0          0         68   trapv.o
         0          0          0          0          0          0   usenofp.o
       252         22         48          0          0        124   cos_i.o
        34          6          0          0          0        204   dunder.o
        40          0          0          0          0         68   fpclassify.o
       170          0          0          0          0         96   poly.o
       904         76        200          0          0        140   rred.o
       160         10          0          0          0        108   sin.o
       236         12         40          0          0        128   sin_i.o

    ----------------------------------------------------------------------
      9314        572        579          0        324       7840   Library Totals
        26          0          2          0          0          0   (incl. Padding)

    ----------------------------------------------------------------------

      Code (inc. data)   RO Data    RW Data    ZI Data      Debug   Library Name

      3368        154        289          0        324       4400   c_w.l
      4124        292          0          0          0       2572   fz_ws.l
      1796        126        288          0          0        868   m_ws.l

    ----------------------------------------------------------------------
      9314        572        579          0        324       7840   Library Totals

    ----------------------------------------------------------------------

==============================================================================


      Code (inc. data)   RO Data    RW Data    ZI Data      Debug   

     35234       4810       6430      10280       6368     511609   Grand Totals
     35234       4810       6430       6372       6368     511609   ELF Image Totals (compressed)
     35234       4810       6430       6372          0          0   ROM Totals

==============================================================================

    Total RO  Size (Code + RO Data)                41664 (  40.69kB)
    Total RW  Size (RW Data + ZI Data)             16648 (  16.26kB)
    Total ROM Size (Code + RO Data + RW Data)      48036 (  46.91kB)

==============================================================================

