<!doctype html public "-//w3c//dtd html 4.0 transitional//en">
<html><head>
<title>Static Call Graph - [..\OBJ\Nwatch.axf]</title></head>
<body><HR>
<H1>Static Call Graph for image ..\OBJ\Nwatch.axf</H1><HR>
<BR><P>#&#060CALLGRAPH&#062# ARM Linker, 5060300: Last Updated: Thu Apr 07 00:38:58 2022
<BR><P>
<H3>Maximum Stack Usage =        312 bytes + Unknown(Functions without stacksize, Cycles, Untraceable Function Pointers)</H3><H3>
Call chain for Maximum Stack Depth:</H3>
draw &rArr; show_weather_forecast &rArr; __2sprintf &rArr; _printf_char_common &rArr; __printf
<P>
<H3>
Functions with no stack information
</H3><UL>
 <LI><a href="#[11f]">__user_initial_stackheap</a>
</UL>
</UL>
<P>
<H3>
Mutually Recursive functions
</H3> <LI><a href="#[29]">ADC1_2_IRQHandler</a>&nbsp;&nbsp;&nbsp;&rArr;&nbsp;&nbsp;&nbsp;<a href="#[29]">ADC1_2_IRQHandler</a><BR>
 <LI><a href="#[11]">BusFault_Handler</a>&nbsp;&nbsp;&nbsp;&rArr;&nbsp;&nbsp;&nbsp;<a href="#[11]">BusFault_Handler</a><BR>
 <LI><a href="#[f]">HardFault_Handler</a>&nbsp;&nbsp;&nbsp;&rArr;&nbsp;&nbsp;&nbsp;<a href="#[f]">HardFault_Handler</a><BR>
 <LI><a href="#[10]">MemManage_Handler</a>&nbsp;&nbsp;&nbsp;&rArr;&nbsp;&nbsp;&nbsp;<a href="#[10]">MemManage_Handler</a><BR>
 <LI><a href="#[12]">UsageFault_Handler</a>&nbsp;&nbsp;&nbsp;&rArr;&nbsp;&nbsp;&nbsp;<a href="#[12]">UsageFault_Handler</a><BR>
 <LI><a href="#[205]">next</a>&nbsp;&nbsp;&nbsp;&rArr;&nbsp;&nbsp;&nbsp;<a href="#[205]">next</a><BR>
</UL>
<P>
<H3>
Function Pointers
</H3><UL>
 <LI><a href="#[29]">ADC1_2_IRQHandler</a> from startup_stm32f10x_hd.o(.text) referenced from startup_stm32f10x_hd.o(RESET)
 <LI><a href="#[46]">ADC3_IRQHandler</a> from startup_stm32f10x_hd.o(.text) referenced from startup_stm32f10x_hd.o(RESET)
 <LI><a href="#[11]">BusFault_Handler</a> from stm32f10x_it.o(i.BusFault_Handler) referenced from startup_stm32f10x_hd.o(RESET)
 <LI><a href="#[2c]">CAN1_RX1_IRQHandler</a> from startup_stm32f10x_hd.o(.text) referenced from startup_stm32f10x_hd.o(RESET)
 <LI><a href="#[2d]">CAN1_SCE_IRQHandler</a> from startup_stm32f10x_hd.o(.text) referenced from startup_stm32f10x_hd.o(RESET)
 <LI><a href="#[22]">DMA1_Channel1_IRQHandler</a> from startup_stm32f10x_hd.o(.text) referenced from startup_stm32f10x_hd.o(RESET)
 <LI><a href="#[23]">DMA1_Channel2_IRQHandler</a> from startup_stm32f10x_hd.o(.text) referenced from startup_stm32f10x_hd.o(RESET)
 <LI><a href="#[24]">DMA1_Channel3_IRQHandler</a> from startup_stm32f10x_hd.o(.text) referenced from startup_stm32f10x_hd.o(RESET)
 <LI><a href="#[25]">DMA1_Channel4_IRQHandler</a> from startup_stm32f10x_hd.o(.text) referenced from startup_stm32f10x_hd.o(RESET)
 <LI><a href="#[26]">DMA1_Channel5_IRQHandler</a> from startup_stm32f10x_hd.o(.text) referenced from startup_stm32f10x_hd.o(RESET)
 <LI><a href="#[27]">DMA1_Channel6_IRQHandler</a> from startup_stm32f10x_hd.o(.text) referenced from startup_stm32f10x_hd.o(RESET)
 <LI><a href="#[28]">DMA1_Channel7_IRQHandler</a> from startup_stm32f10x_hd.o(.text) referenced from startup_stm32f10x_hd.o(RESET)
 <LI><a href="#[4f]">DMA2_Channel1_IRQHandler</a> from startup_stm32f10x_hd.o(.text) referenced from startup_stm32f10x_hd.o(RESET)
 <LI><a href="#[50]">DMA2_Channel2_IRQHandler</a> from startup_stm32f10x_hd.o(.text) referenced from startup_stm32f10x_hd.o(RESET)
 <LI><a href="#[51]">DMA2_Channel3_IRQHandler</a> from startup_stm32f10x_hd.o(.text) referenced from startup_stm32f10x_hd.o(RESET)
 <LI><a href="#[52]">DMA2_Channel4_5_IRQHandler</a> from startup_stm32f10x_hd.o(.text) referenced from startup_stm32f10x_hd.o(RESET)
 <LI><a href="#[14]">DebugMon_Handler</a> from stm32f10x_it.o(i.DebugMon_Handler) referenced from startup_stm32f10x_hd.o(RESET)
 <LI><a href="#[1d]">EXTI0_IRQHandler</a> from startup_stm32f10x_hd.o(.text) referenced from startup_stm32f10x_hd.o(RESET)
 <LI><a href="#[3f]">EXTI15_10_IRQHandler</a> from startup_stm32f10x_hd.o(.text) referenced from startup_stm32f10x_hd.o(RESET)
 <LI><a href="#[1e]">EXTI1_IRQHandler</a> from startup_stm32f10x_hd.o(.text) referenced from startup_stm32f10x_hd.o(RESET)
 <LI><a href="#[1f]">EXTI2_IRQHandler</a> from startup_stm32f10x_hd.o(.text) referenced from startup_stm32f10x_hd.o(RESET)
 <LI><a href="#[20]">EXTI3_IRQHandler</a> from startup_stm32f10x_hd.o(.text) referenced from startup_stm32f10x_hd.o(RESET)
 <LI><a href="#[21]">EXTI4_IRQHandler</a> from startup_stm32f10x_hd.o(.text) referenced from startup_stm32f10x_hd.o(RESET)
 <LI><a href="#[2e]">EXTI9_5_IRQHandler</a> from startup_stm32f10x_hd.o(.text) referenced from startup_stm32f10x_hd.o(RESET)
 <LI><a href="#[1b]">FLASH_IRQHandler</a> from startup_stm32f10x_hd.o(.text) referenced from startup_stm32f10x_hd.o(RESET)
 <LI><a href="#[47]">FSMC_IRQHandler</a> from startup_stm32f10x_hd.o(.text) referenced from startup_stm32f10x_hd.o(RESET)
 <LI><a href="#[f]">HardFault_Handler</a> from stm32f10x_it.o(i.HardFault_Handler) referenced from startup_stm32f10x_hd.o(RESET)
 <LI><a href="#[37]">I2C1_ER_IRQHandler</a> from startup_stm32f10x_hd.o(.text) referenced from startup_stm32f10x_hd.o(RESET)
 <LI><a href="#[36]">I2C1_EV_IRQHandler</a> from startup_stm32f10x_hd.o(.text) referenced from startup_stm32f10x_hd.o(RESET)
 <LI><a href="#[39]">I2C2_ER_IRQHandler</a> from startup_stm32f10x_hd.o(.text) referenced from startup_stm32f10x_hd.o(RESET)
 <LI><a href="#[38]">I2C2_EV_IRQHandler</a> from startup_stm32f10x_hd.o(.text) referenced from startup_stm32f10x_hd.o(RESET)
 <LI><a href="#[10]">MemManage_Handler</a> from stm32f10x_it.o(i.MemManage_Handler) referenced from startup_stm32f10x_hd.o(RESET)
 <LI><a href="#[e]">NMI_Handler</a> from stm32f10x_it.o(i.NMI_Handler) referenced from startup_stm32f10x_hd.o(RESET)
 <LI><a href="#[18]">PVD_IRQHandler</a> from startup_stm32f10x_hd.o(.text) referenced from startup_stm32f10x_hd.o(RESET)
 <LI><a href="#[15]">PendSV_Handler</a> from stm32f10x_it.o(i.PendSV_Handler) referenced from startup_stm32f10x_hd.o(RESET)
 <LI><a href="#[1c]">RCC_IRQHandler</a> from startup_stm32f10x_hd.o(.text) referenced from startup_stm32f10x_hd.o(RESET)
 <LI><a href="#[40]">RTCAlarm_IRQHandler</a> from startup_stm32f10x_hd.o(.text) referenced from startup_stm32f10x_hd.o(RESET)
 <LI><a href="#[1a]">RTC_IRQHandler</a> from startup_stm32f10x_hd.o(.text) referenced from startup_stm32f10x_hd.o(RESET)
 <LI><a href="#[d]">Reset_Handler</a> from startup_stm32f10x_hd.o(.text) referenced from startup_stm32f10x_hd.o(RESET)
 <LI><a href="#[48]">SDIO_IRQHandler</a> from startup_stm32f10x_hd.o(.text) referenced from startup_stm32f10x_hd.o(RESET)
 <LI><a href="#[3a]">SPI1_IRQHandler</a> from startup_stm32f10x_hd.o(.text) referenced from startup_stm32f10x_hd.o(RESET)
 <LI><a href="#[3b]">SPI2_IRQHandler</a> from startup_stm32f10x_hd.o(.text) referenced from startup_stm32f10x_hd.o(RESET)
 <LI><a href="#[4a]">SPI3_IRQHandler</a> from startup_stm32f10x_hd.o(.text) referenced from startup_stm32f10x_hd.o(RESET)
 <LI><a href="#[13]">SVC_Handler</a> from stm32f10x_it.o(i.SVC_Handler) referenced from startup_stm32f10x_hd.o(RESET)
 <LI><a href="#[16]">SysTick_Handler</a> from stm32f10x_it.o(i.SysTick_Handler) referenced from startup_stm32f10x_hd.o(RESET)
 <LI><a href="#[53]">SystemInit</a> from system_stm32f10x.o(i.SystemInit) referenced from startup_stm32f10x_hd.o(.text)
 <LI><a href="#[19]">TAMPER_IRQHandler</a> from startup_stm32f10x_hd.o(.text) referenced from startup_stm32f10x_hd.o(RESET)
 <LI><a href="#[2f]">TIM1_BRK_IRQHandler</a> from startup_stm32f10x_hd.o(.text) referenced from startup_stm32f10x_hd.o(RESET)
 <LI><a href="#[32]">TIM1_CC_IRQHandler</a> from startup_stm32f10x_hd.o(.text) referenced from startup_stm32f10x_hd.o(RESET)
 <LI><a href="#[31]">TIM1_TRG_COM_IRQHandler</a> from startup_stm32f10x_hd.o(.text) referenced from startup_stm32f10x_hd.o(RESET)
 <LI><a href="#[30]">TIM1_UP_IRQHandler</a> from startup_stm32f10x_hd.o(.text) referenced from startup_stm32f10x_hd.o(RESET)
 <LI><a href="#[33]">TIM2_IRQHandler</a> from millis.o(i.TIM2_IRQHandler) referenced from startup_stm32f10x_hd.o(RESET)
 <LI><a href="#[34]">TIM3_IRQHandler</a> from startup_stm32f10x_hd.o(.text) referenced from startup_stm32f10x_hd.o(RESET)
 <LI><a href="#[35]">TIM4_IRQHandler</a> from startup_stm32f10x_hd.o(.text) referenced from startup_stm32f10x_hd.o(RESET)
 <LI><a href="#[49]">TIM5_IRQHandler</a> from startup_stm32f10x_hd.o(.text) referenced from startup_stm32f10x_hd.o(RESET)
 <LI><a href="#[4d]">TIM6_IRQHandler</a> from startup_stm32f10x_hd.o(.text) referenced from startup_stm32f10x_hd.o(RESET)
 <LI><a href="#[4e]">TIM7_IRQHandler</a> from startup_stm32f10x_hd.o(.text) referenced from startup_stm32f10x_hd.o(RESET)
 <LI><a href="#[42]">TIM8_BRK_IRQHandler</a> from startup_stm32f10x_hd.o(.text) referenced from startup_stm32f10x_hd.o(RESET)
 <LI><a href="#[45]">TIM8_CC_IRQHandler</a> from startup_stm32f10x_hd.o(.text) referenced from startup_stm32f10x_hd.o(RESET)
 <LI><a href="#[44]">TIM8_TRG_COM_IRQHandler</a> from startup_stm32f10x_hd.o(.text) referenced from startup_stm32f10x_hd.o(RESET)
 <LI><a href="#[43]">TIM8_UP_IRQHandler</a> from startup_stm32f10x_hd.o(.text) referenced from startup_stm32f10x_hd.o(RESET)
 <LI><a href="#[4b]">UART4_IRQHandler</a> from startup_stm32f10x_hd.o(.text) referenced from startup_stm32f10x_hd.o(RESET)
 <LI><a href="#[4c]">UART5_IRQHandler</a> from startup_stm32f10x_hd.o(.text) referenced from startup_stm32f10x_hd.o(RESET)
 <LI><a href="#[3c]">USART1_IRQHandler</a> from usart.o(i.USART1_IRQHandler) referenced from startup_stm32f10x_hd.o(RESET)
 <LI><a href="#[3d]">USART2_IRQHandler</a> from startup_stm32f10x_hd.o(.text) referenced from startup_stm32f10x_hd.o(RESET)
 <LI><a href="#[3e]">USART3_IRQHandler</a> from startup_stm32f10x_hd.o(.text) referenced from startup_stm32f10x_hd.o(RESET)
 <LI><a href="#[41]">USBWakeUp_IRQHandler</a> from startup_stm32f10x_hd.o(.text) referenced from startup_stm32f10x_hd.o(RESET)
 <LI><a href="#[2a]">USB_HP_CAN1_TX_IRQHandler</a> from startup_stm32f10x_hd.o(.text) referenced from startup_stm32f10x_hd.o(RESET)
 <LI><a href="#[2b]">USB_LP_CAN1_RX0_IRQHandler</a> from startup_stm32f10x_hd.o(.text) referenced from startup_stm32f10x_hd.o(RESET)
 <LI><a href="#[12]">UsageFault_Handler</a> from stm32f10x_it.o(i.UsageFault_Handler) referenced from startup_stm32f10x_hd.o(RESET)
 <LI><a href="#[17]">WWDG_IRQHandler</a> from wwdg.o(i.WWDG_IRQHandler) referenced from startup_stm32f10x_hd.o(RESET)
 <LI><a href="#[d6]">__main</a> from __main.o(!!!main) referenced from startup_stm32f10x_hd.o(.text)
 <LI><a href="#[58]">_get_lc_ctype</a> from lc_ctype_c.o(locale$$code) referenced from rt_ctype_table.o(.text)
 <LI><a href="#[56]">_printf_input_char</a> from _printf_char_common.o(.text) referenced from _printf_char_common.o(.text)
 <LI><a href="#[55]">_sputc</a> from _sputc.o(.text) referenced from noretval__2sprintf.o(.text)
 <LI><a href="#[ab]">alarmsDown</a> from alarms.o(i.alarmsDown) referenced from alarms.o(i.selectAlarm)
 <LI><a href="#[ac]">alarmsDraw</a> from alarms.o(i.alarmsDraw) referenced from alarms.o(i.selectAlarm)
 <LI><a href="#[aa]">alarmsUp</a> from alarms.o(i.alarmsUp) referenced from alarms.o(i.selectAlarm)
 <LI><a href="#[59]">back</a> from menu.o(i.back) referenced from menu.o(i.addBackOption)
 <LI><a href="#[73]">batteryUpdate</a> from diag.o(i.batteryUpdate) referenced from diag.o(i.itemLoader)
 <LI><a href="#[6f]">btnBounce</a> from game3.o(i.btnBounce) referenced from game3.o(i.game3_start)
 <LI><a href="#[6a]">btnDown</a> from game2.o(i.btnDown) referenced from game2.o(i.game2_start)
 <LI><a href="#[66]">btnExit</a> from game1.o(i.btnExit) referenced from game1.o(i.game1_start)
 <LI><a href="#[6b]">btnExit</a> from game2.o(i.btnExit) referenced from game2.o(i.game2_start)
 <LI><a href="#[6e]">btnExit</a> from game3.o(i.btnExit) referenced from game3.o(i.game3_start)
 <LI><a href="#[a7]">btnExit</a> from myapp.o(i.btnExit) referenced from myapp.o(i.myapp_open)
 <LI><a href="#[b6]">btnExit</a> from stopwatch.o(i.btnExit) referenced from stopwatch.o(i.stopwatch_open)
 <LI><a href="#[ba]">btnExit</a> from torch.o(i.btnExit) referenced from torch.o(i.torch_open)
 <LI><a href="#[a8]">btnFlashRate</a> from myapp.o(i.btnFlashRate) referenced from myapp.o(i.myapp_open)
 <LI><a href="#[bb]">btnFlashRate</a> from torch.o(i.btnFlashRate) referenced from torch.o(i.torch_open)
 <LI><a href="#[67]">btnLeft</a> from game1.o(i.btnLeft) referenced from game1.o(i.game1_start)
 <LI><a href="#[70]">btnPause</a> from game3.o(i.btnPause) referenced from game3.o(i.game3_start)
 <LI><a href="#[b8]">btnReset</a> from stopwatch.o(i.btnReset) referenced from stopwatch.o(i.stopwatch_open)
 <LI><a href="#[68]">btnRight</a> from game1.o(i.btnRight) referenced from game1.o(i.game1_start)
 <LI><a href="#[b7]">btnStartStop</a> from stopwatch.o(i.btnStartStop) referenced from stopwatch.o(i.stopwatch_open)
 <LI><a href="#[6c]">btnUp</a> from game2.o(i.btnUp) referenced from game2.o(i.game2_start)
 <LI><a href="#[62]">close_screen</a> from face_function.o(i.close_screen) referenced from buttons.o(i.buttons_init)
 <LI><a href="#[62]">close_screen</a> from face_function.o(i.close_screen) referenced from my_normal.o(i.down)
 <LI><a href="#[62]">close_screen</a> from face_function.o(i.close_screen) referenced from menu.o(i.menu_select)
 <LI><a href="#[62]">close_screen</a> from face_function.o(i.close_screen) referenced from my_normal.o(i.up)
 <LI><a href="#[61]">display_load</a> from display.o(i.display_load) referenced 4 times from game1.o(i.btnExit)
 <LI><a href="#[61]">display_load</a> from display.o(i.display_load) referenced from tunemaker.o(i.select)
 <LI><a href="#[a2]">down</a> from my_normal.o(i.down) referenced from my_normal.o(i.my_watchface_normal)
 <LI><a href="#[bf]">down</a> from tunemaker.o(i.down) referenced from tunemaker.o(i.tunemakerOpen)
 <LI><a href="#[c1]">down</a> from watchface2.o(i.down) referenced from watchface2.o(i.watchface2)
 <LI><a href="#[c5]">down</a> from watchface.o(i.down) referenced from watchface.o(i.watchfaceOpen)
 <LI><a href="#[c9]">down</a> from face_cpu.o(i.down) referenced from face_cpu.o(i.watchface_CPU)
 <LI><a href="#[cd]">down</a> from watchface_asr.o(i.down) referenced from watchface_asr.o(i.watchface_ast)
 <LI><a href="#[d1]">down</a> from normal.o(i.down) referenced from normal.o(i.watchface_normal)
 <LI><a href="#[5a]">draw</a> from alarm.o(i.draw) referenced from alarm.o(i.alarm_update)
 <LI><a href="#[69]">draw</a> from game2.o(i.draw) referenced from game2.o(i.game2_start)
 <LI><a href="#[6d]">draw</a> from game3.o(i.draw) referenced from game3.o(i.game3_start)
 <LI><a href="#[a1]">draw</a> from my_normal.o(i.draw) referenced from my_normal.o(i.my_watchface_normal)
 <LI><a href="#[a6]">draw</a> from myapp.o(i.draw) referenced from myapp.o(i.myapp_open)
 <LI><a href="#[b5]">draw</a> from stopwatch.o(i.draw) referenced from stopwatch.o(i.stopwatch_open)
 <LI><a href="#[b9]">draw</a> from torch.o(i.draw) referenced from torch.o(i.torch_open)
 <LI><a href="#[bc]">draw</a> from tunemaker.o(i.draw) referenced from tunemaker.o(i.tunemakerOpen)
 <LI><a href="#[c0]">draw</a> from watchface2.o(i.draw) referenced from watchface2.o(i.watchface2)
 <LI><a href="#[c4]">draw</a> from watchface.o(i.draw) referenced from watchface.o(i.watchfaceOpen)
 <LI><a href="#[c8]">draw</a> from face_cpu.o(i.draw) referenced from face_cpu.o(i.watchface_CPU)
 <LI><a href="#[cc]">draw</a> from watchface_asr.o(i.draw) referenced from watchface_asr.o(i.watchface_ast)
 <LI><a href="#[d0]">draw</a> from normal.o(i.draw) referenced from normal.o(i.watchface_normal)
 <LI><a href="#[d4]">draw</a> from weather.o(i.draw) referenced from weather.o(i.weather_forecast)
 <LI><a href="#[57]">fputc</a> from usart.o(i.fputc) referenced from _printf_char_file.o(.text)
 <LI><a href="#[65]">game1_draw</a> from game1.o(i.game1_draw) referenced from game1.o(i.game1_start)
 <LI><a href="#[75]">game1_start</a> from game1.o(i.game1_start) referenced from games.o(i.itemLoader)
 <LI><a href="#[76]">game2_start</a> from game2.o(i.game2_start) referenced from games.o(i.itemLoader)
 <LI><a href="#[77]">game3_start</a> from game3.o(i.game3_start) referenced from games.o(i.itemLoader)
 <LI><a href="#[5c]">itemLoader</a> from timedate.o(i.itemLoader) referenced from timedate.o(i.beginSelect)
 <LI><a href="#[5c]">itemLoader</a> from timedate.o(i.itemLoader) referenced from timedate.o(i.endSelect)
 <LI><a href="#[89]">itemLoader</a> from alarms.o(i.itemLoader) referenced from alarms.o(i.mAlarmsOpen)
 <LI><a href="#[8d]">itemLoader</a> from diag.o(i.itemLoader) referenced from diag.o(i.mDiagOpen)
 <LI><a href="#[8f]">itemLoader</a> from m_display.o(i.itemLoader) referenced from m_display.o(i.mDisplayOpen)
 <LI><a href="#[91]">itemLoader</a> from games.o(i.itemLoader) referenced from games.o(i.mGamesOpen)
 <LI><a href="#[98]">itemLoader</a> from m_main.o(i.itemLoader) referenced from m_main.o(i.mOpen)
 <LI><a href="#[9a]">itemLoader</a> from settings.o(i.itemLoader) referenced from settings.o(i.mSettingsOpen)
 <LI><a href="#[9c]">itemLoader</a> from sleep.o(i.itemLoader) referenced from sleep.o(i.mSleepOpen)
 <LI><a href="#[9f]">itemLoader</a> from sound.o(i.itemLoader) referenced from sound.o(i.mSoundOpen)
 <LI><a href="#[5c]">itemLoader</a> from timedate.o(i.itemLoader) referenced from timedate.o(i.mTimeDateOpen)
 <LI><a href="#[89]">itemLoader</a> from alarms.o(i.itemLoader) referenced from alarms.o(i.selectAlarm)
 <LI><a href="#[78]">mAlarmsOpen</a> from alarms.o(i.mAlarmsOpen) referenced from m_main.o(i.itemLoader)
 <LI><a href="#[78]">mAlarmsOpen</a> from alarms.o(i.mAlarmsOpen) referenced from alarms.o(i.mAlarmsOpen)
 <LI><a href="#[84]">mDiagOpen</a> from diag.o(i.mDiagOpen) referenced from settings.o(i.itemLoader)
 <LI><a href="#[84]">mDiagOpen</a> from diag.o(i.mDiagOpen) referenced from diag.o(i.mDiagOpen)
 <LI><a href="#[83]">mDisplayOpen</a> from m_display.o(i.mDisplayOpen) referenced from settings.o(i.itemLoader)
 <LI><a href="#[83]">mDisplayOpen</a> from m_display.o(i.mDisplayOpen) referenced from m_display.o(i.mDisplayOpen)
 <LI><a href="#[64]">mDown</a> from timedate.o(i.mDown) referenced from timedate.o(i.endSelect)
 <LI><a href="#[64]">mDown</a> from timedate.o(i.mDown) referenced from timedate.o(i.mTimeDateOpen)
 <LI><a href="#[9e]">mDraw</a> from sleep.o(i.mDraw) referenced from sleep.o(i.mSleepOpen)
 <LI><a href="#[7c]">mGamesOpen</a> from games.o(i.mGamesOpen) referenced from m_main.o(i.itemLoader)
 <LI><a href="#[7c]">mGamesOpen</a> from games.o(i.mGamesOpen) referenced from games.o(i.mGamesOpen)
 <LI><a href="#[94]">mOpen</a> from m_main.o(i.mOpen) referenced from m_main.o(i.mMainOpen)
 <LI><a href="#[94]">mOpen</a> from m_main.o(i.mOpen) referenced from m_main.o(i.mOpen)
 <LI><a href="#[5e]">mSelect</a> from timedate.o(i.mSelect) referenced from timedate.o(i.beginSelect)
 <LI><a href="#[5e]">mSelect</a> from timedate.o(i.mSelect) referenced from timedate.o(i.endSelect)
 <LI><a href="#[8b]">mSelect</a> from alarms.o(i.mSelect) referenced from alarms.o(i.mAlarmsOpen)
 <LI><a href="#[8e]">mSelect</a> from diag.o(i.mSelect) referenced from diag.o(i.mDiagOpen)
 <LI><a href="#[90]">mSelect</a> from m_display.o(i.mSelect) referenced from m_display.o(i.mDisplayOpen)
 <LI><a href="#[92]">mSelect</a> from games.o(i.mSelect) referenced from games.o(i.mGamesOpen)
 <LI><a href="#[99]">mSelect</a> from m_main.o(i.mSelect) referenced from m_main.o(i.mOpen)
 <LI><a href="#[9b]">mSelect</a> from settings.o(i.mSelect) referenced from settings.o(i.mSettingsOpen)
 <LI><a href="#[9d]">mSelect</a> from sleep.o(i.mSelect) referenced from sleep.o(i.mSleepOpen)
 <LI><a href="#[a0]">mSelect</a> from sound.o(i.mSelect) referenced from sound.o(i.mSoundOpen)
 <LI><a href="#[5e]">mSelect</a> from timedate.o(i.mSelect) referenced from timedate.o(i.mTimeDateOpen)
 <LI><a href="#[8b]">mSelect</a> from alarms.o(i.mSelect) referenced from alarms.o(i.selectAlarm)
 <LI><a href="#[7e]">mSettingsOpen</a> from settings.o(i.mSettingsOpen) referenced from m_main.o(i.itemLoader)
 <LI><a href="#[7e]">mSettingsOpen</a> from settings.o(i.mSettingsOpen) referenced from settings.o(i.mSettingsOpen)
 <LI><a href="#[81]">mSleepOpen</a> from sleep.o(i.mSleepOpen) referenced from settings.o(i.itemLoader)
 <LI><a href="#[81]">mSleepOpen</a> from sleep.o(i.mSleepOpen) referenced from sleep.o(i.mSleepOpen)
 <LI><a href="#[82]">mSoundOpen</a> from sound.o(i.mSoundOpen) referenced from settings.o(i.itemLoader)
 <LI><a href="#[82]">mSoundOpen</a> from sound.o(i.mSoundOpen) referenced from sound.o(i.mSoundOpen)
 <LI><a href="#[80]">mTimeDateOpen</a> from timedate.o(i.mTimeDateOpen) referenced from settings.o(i.itemLoader)
 <LI><a href="#[80]">mTimeDateOpen</a> from timedate.o(i.mTimeDateOpen) referenced from timedate.o(i.mTimeDateOpen)
 <LI><a href="#[63]">mUp</a> from timedate.o(i.mUp) referenced from timedate.o(i.endSelect)
 <LI><a href="#[63]">mUp</a> from timedate.o(i.mUp) referenced from timedate.o(i.mTimeDateOpen)
 <LI><a href="#[7f]">menu_close</a> from menu.o(i.menu_close) referenced from m_main.o(i.itemLoader)
 <LI><a href="#[96]">menu_down</a> from menu.o(i.menu_down) referenced from m_main.o(i.mOpen)
 <LI><a href="#[95]">menu_draw</a> from menu.o(i.menu_draw) referenced from m_main.o(i.mOpen)
 <LI><a href="#[93]">menu_select</a> from menu.o(i.menu_select) referenced from m_main.o(i.mMainOpen)
 <LI><a href="#[93]">menu_select</a> from menu.o(i.menu_select) referenced from m_main.o(i.mOpen)
 <LI><a href="#[93]">menu_select</a> from menu.o(i.menu_select) referenced from my_normal.o(i.my_watchface_normal)
 <LI><a href="#[93]">menu_select</a> from menu.o(i.menu_select) referenced from watchface2.o(i.watchface2)
 <LI><a href="#[93]">menu_select</a> from menu.o(i.menu_select) referenced from watchface.o(i.watchfaceOpen)
 <LI><a href="#[93]">menu_select</a> from menu.o(i.menu_select) referenced from face_cpu.o(i.watchface_CPU)
 <LI><a href="#[93]">menu_select</a> from menu.o(i.menu_select) referenced from watchface_asr.o(i.watchface_ast)
 <LI><a href="#[93]">menu_select</a> from menu.o(i.menu_select) referenced from normal.o(i.watchface_normal)
 <LI><a href="#[97]">menu_up</a> from menu.o(i.menu_up) referenced from m_main.o(i.mOpen)
 <LI><a href="#[c7]">modeset</a> from watchface.o(i.modeset) referenced from watchface.o(i.watchfaceOpen)
 <LI><a href="#[cf]">modeset</a> from watchface_asr.o(i.modeset) referenced from watchface_asr.o(i.watchface_ast)
 <LI><a href="#[a]">my_watchface_normal</a> from my_normal.o(i.my_watchface_normal) referenced 2 times from face_function.o(.data)
 <LI><a href="#[a]">my_watchface_normal</a> from my_normal.o(i.my_watchface_normal) referenced from my_normal.o(i.down)
 <LI><a href="#[a]">my_watchface_normal</a> from my_normal.o(i.my_watchface_normal) referenced from my_normal.o(i.my_watchface_normal)
 <LI><a href="#[a]">my_watchface_normal</a> from my_normal.o(i.my_watchface_normal) referenced from weather.o(i.to_my_normal)
 <LI><a href="#[a]">my_watchface_normal</a> from my_normal.o(i.my_watchface_normal) referenced from my_normal.o(i.up)
 <LI><a href="#[a]">my_watchface_normal</a> from my_normal.o(i.my_watchface_normal) referenced from weather.o(i.weather_forecast)
 <LI><a href="#[7d]">myapp_open</a> from myapp.o(i.myapp_open) referenced from m_main.o(i.itemLoader)
 <LI><a href="#[8c]">nextOption</a> from menu.o(i.nextOption) referenced from alarms.o(i.mAlarmsOpen)
 <LI><a href="#[8c]">nextOption</a> from menu.o(i.nextOption) referenced from diag.o(i.mDiagOpen)
 <LI><a href="#[8c]">nextOption</a> from menu.o(i.nextOption) referenced from m_display.o(i.mDisplayOpen)
 <LI><a href="#[8c]">nextOption</a> from menu.o(i.nextOption) referenced from games.o(i.mGamesOpen)
 <LI><a href="#[8c]">nextOption</a> from menu.o(i.nextOption) referenced from m_main.o(i.mOpen)
 <LI><a href="#[8c]">nextOption</a> from menu.o(i.nextOption) referenced from settings.o(i.mSettingsOpen)
 <LI><a href="#[8c]">nextOption</a> from menu.o(i.nextOption) referenced from sleep.o(i.mSleepOpen)
 <LI><a href="#[8c]">nextOption</a> from menu.o(i.nextOption) referenced from sound.o(i.mSoundOpen)
 <LI><a href="#[8c]">nextOption</a> from menu.o(i.nextOption) referenced from alarms.o(i.selectAlarm)
 <LI><a href="#[d3]">old_btn4</a> from face_function.o(i.old_btn4) referenced from normal.o(i.watchface_normal)
 <LI><a href="#[c3]">open_cpuface</a> from watchface2.o(i.open_cpuface) referenced from watchface2.o(i.watchface2)
 <LI><a href="#[cb]">open_cpuface</a> from face_cpu.o(i.open_cpuface) referenced from face_cpu.o(i.watchface_CPU)
 <LI><a href="#[8a]">prevOption</a> from menu.o(i.prevOption) referenced from alarms.o(i.mAlarmsOpen)
 <LI><a href="#[8a]">prevOption</a> from menu.o(i.prevOption) referenced from diag.o(i.mDiagOpen)
 <LI><a href="#[8a]">prevOption</a> from menu.o(i.prevOption) referenced from m_display.o(i.mDisplayOpen)
 <LI><a href="#[8a]">prevOption</a> from menu.o(i.prevOption) referenced from games.o(i.mGamesOpen)
 <LI><a href="#[8a]">prevOption</a> from menu.o(i.prevOption) referenced from m_main.o(i.mOpen)
 <LI><a href="#[8a]">prevOption</a> from menu.o(i.prevOption) referenced from settings.o(i.mSettingsOpen)
 <LI><a href="#[8a]">prevOption</a> from menu.o(i.prevOption) referenced from sleep.o(i.mSleepOpen)
 <LI><a href="#[8a]">prevOption</a> from menu.o(i.prevOption) referenced from sound.o(i.mSoundOpen)
 <LI><a href="#[8a]">prevOption</a> from menu.o(i.prevOption) referenced from alarms.o(i.selectAlarm)
 <LI><a href="#[88]">saveTimeDate</a> from timedate.o(i.saveTimeDate) referenced from timedate.o(i.itemLoader)
 <LI><a href="#[be]">select</a> from tunemaker.o(i.select) referenced from tunemaker.o(i.tunemakerOpen)
 <LI><a href="#[71]">selectAlarm</a> from alarms.o(i.selectAlarm) referenced from alarms.o(i.itemLoader)
 <LI><a href="#[86]">selectDate</a> from timedate.o(i.selectDate) referenced from timedate.o(i.itemLoader)
 <LI><a href="#[87]">selectTime</a> from timedate.o(i.selectTime) referenced from timedate.o(i.itemLoader)
 <LI><a href="#[b0]">setAnimations</a> from m_display.o(i.setAnimations) referenced from m_display.o(i.setMenuOptions)
 <LI><a href="#[ad]">setBrightness</a> from m_display.o(i.setBrightness) referenced from m_display.o(i.setMenuOptions)
 <LI><a href="#[ae]">setInvert</a> from m_display.o(i.setInvert) referenced from m_display.o(i.setMenuOptions)
 <LI><a href="#[b1]">setLEDs</a> from m_display.o(i.setLEDs) referenced from m_display.o(i.setMenuOptions)
 <LI><a href="#[af]">setRotate</a> from m_display.o(i.setRotate) referenced from m_display.o(i.setMenuOptions)
 <LI><a href="#[72]">setShowAuther</a> from diag.o(i.setShowAuther) referenced from diag.o(i.itemLoader)
 <LI><a href="#[74]">setShowFPS</a> from diag.o(i.setShowFPS) referenced from diag.o(i.itemLoader)
 <LI><a href="#[85]">setTimeout</a> from sleep.o(i.setTimeout) referenced from sleep.o(i.itemLoader)
 <LI><a href="#[b3]">setVolumeAlarm</a> from sound.o(i.setVolumeAlarm) referenced from sound.o(i.setMenuOptions)
 <LI><a href="#[b4]">setVolumeHour</a> from sound.o(i.setVolumeHour) referenced from sound.o(i.setMenuOptions)
 <LI><a href="#[b2]">setVolumeUI</a> from sound.o(i.setVolumeUI) referenced from sound.o(i.setMenuOptions)
 <LI><a href="#[a5]">set_draw_pic</a> from my_normal.o(i.set_draw_pic) referenced from my_normal.o(i.my_watchface_normal)
 <LI><a href="#[5b]">stopAlarm</a> from alarm.o(i.stopAlarm) referenced from alarm.o(i.alarm_update)
 <LI><a href="#[7a]">stopwatch_open</a> from stopwatch.o(i.stopwatch_open) referenced from m_main.o(i.itemLoader)
 <LI><a href="#[5f]">timeDataDown</a> from timedate.o(i.timeDataDown) referenced from timedate.o(i.beginSelect)
 <LI><a href="#[5d]">timeDataUp</a> from timedate.o(i.timeDataUp) referenced from timedate.o(i.beginSelect)
 <LI><a href="#[60]">timeDateDraw</a> from timedate.o(i.timeDateDraw) referenced from timedate.o(i.beginSelect)
 <LI><a href="#[d5]">to_my_normal</a> from weather.o(i.to_my_normal) referenced from weather.o(i.weather_forecast)
 <LI><a href="#[79]">torch_open</a> from torch.o(i.torch_open) referenced from m_main.o(i.itemLoader)
 <LI><a href="#[7b]">tunemakerOpen</a> from tunemaker.o(i.tunemakerOpen) referenced from m_main.o(i.itemLoader)
 <LI><a href="#[a3]">up</a> from my_normal.o(i.up) referenced from my_normal.o(i.my_watchface_normal)
 <LI><a href="#[bd]">up</a> from tunemaker.o(i.up) referenced from tunemaker.o(i.tunemakerOpen)
 <LI><a href="#[c2]">up</a> from watchface2.o(i.up) referenced from watchface2.o(i.watchface2)
 <LI><a href="#[c6]">up</a> from watchface.o(i.up) referenced from watchface.o(i.watchfaceOpen)
 <LI><a href="#[ca]">up</a> from face_cpu.o(i.up) referenced from face_cpu.o(i.watchface_CPU)
 <LI><a href="#[ce]">up</a> from watchface_asr.o(i.up) referenced from watchface_asr.o(i.watchface_ast)
 <LI><a href="#[d2]">up</a> from normal.o(i.up) referenced from normal.o(i.watchface_normal)
 <LI><a href="#[8]">watchface2</a> from watchface2.o(i.watchface2) referenced 2 times from face_function.o(.data)
 <LI><a href="#[8]">watchface2</a> from watchface2.o(i.watchface2) referenced from watchface2.o(i.down)
 <LI><a href="#[8]">watchface2</a> from watchface2.o(i.watchface2) referenced from face_cpu.o(i.open_cpuface)
 <LI><a href="#[8]">watchface2</a> from watchface2.o(i.watchface2) referenced from watchface2.o(i.up)
 <LI><a href="#[8]">watchface2</a> from watchface2.o(i.watchface2) referenced from watchface2.o(i.watchface2)
 <LI><a href="#[9]">watchfaceOpen</a> from watchface.o(i.watchfaceOpen) referenced 2 times from face_function.o(.data)
 <LI><a href="#[9]">watchfaceOpen</a> from watchface.o(i.watchfaceOpen) referenced from watchface.o(i.down)
 <LI><a href="#[9]">watchfaceOpen</a> from watchface.o(i.watchfaceOpen) referenced from watchface.o(i.up)
 <LI><a href="#[9]">watchfaceOpen</a> from watchface.o(i.watchfaceOpen) referenced from watchface.o(i.watchfaceOpen)
 <LI><a href="#[a9]">watchface_CPU</a> from face_cpu.o(i.watchface_CPU) referenced from watchface2.o(i.open_cpuface)
 <LI><a href="#[c]">watchface_ast</a> from watchface_asr.o(i.watchface_ast) referenced 2 times from face_function.o(.data)
 <LI><a href="#[c]">watchface_ast</a> from watchface_asr.o(i.watchface_ast) referenced from watchface_asr.o(i.down)
 <LI><a href="#[c]">watchface_ast</a> from watchface_asr.o(i.watchface_ast) referenced from watchface_asr.o(i.up)
 <LI><a href="#[c]">watchface_ast</a> from watchface_asr.o(i.watchface_ast) referenced from watchface_asr.o(i.watchface_ast)
 <LI><a href="#[b]">watchface_normal</a> from normal.o(i.watchface_normal) referenced 2 times from face_function.o(.data)
 <LI><a href="#[b]">watchface_normal</a> from normal.o(i.watchface_normal) referenced from normal.o(i.down)
 <LI><a href="#[b]">watchface_normal</a> from normal.o(i.watchface_normal) referenced from normal.o(i.up)
 <LI><a href="#[b]">watchface_normal</a> from normal.o(i.watchface_normal) referenced from normal.o(i.watchface_normal)
 <LI><a href="#[a4]">weather_forecast</a> from weather.o(i.weather_forecast) referenced from my_normal.o(i.my_watchface_normal)
</UL>
<P>
<H3>
Global Symbols
</H3>
<P><STRONG><a name="[d6]"></a>__main</STRONG> (Thumb, 8 bytes, Stack size 0 bytes, __main.o(!!!main))
<BR><BR>[Calls]<UL><LI><a href="#[d7]">&gt;&gt;</a>&nbsp;&nbsp;&nbsp;__scatterload
<LI><a href="#[d8]">&gt;&gt;</a>&nbsp;&nbsp;&nbsp;__rt_entry
</UL>

<P><STRONG><a name="[d7]"></a>__scatterload</STRONG> (Thumb, 0 bytes, Stack size unknown bytes, __scatter.o(!!!scatter))
<BR><BR>[Called By]<UL><LI><a href="#[d6]">&gt;&gt;</a>&nbsp;&nbsp;&nbsp;__main
</UL>

<P><STRONG><a name="[d9]"></a>__scatterload_rt2</STRONG> (Thumb, 44 bytes, Stack size unknown bytes, __scatter.o(!!!scatter), UNUSED)
<BR><BR>[Calls]<UL><LI><a href="#[d8]">&gt;&gt;</a>&nbsp;&nbsp;&nbsp;__rt_entry
</UL>

<P><STRONG><a name="[239]"></a>__scatterload_rt2_thumb_only</STRONG> (Thumb, 0 bytes, Stack size unknown bytes, __scatter.o(!!!scatter), UNUSED)

<P><STRONG><a name="[23a]"></a>__scatterload_null</STRONG> (Thumb, 0 bytes, Stack size unknown bytes, __scatter.o(!!!scatter), UNUSED)

<P><STRONG><a name="[23b]"></a>__decompress</STRONG> (Thumb, 100 bytes, Stack size unknown bytes, __dclz77c.o(!!dclz77c), UNUSED)

<P><STRONG><a name="[23c]"></a>__decompress2</STRONG> (Thumb, 0 bytes, Stack size unknown bytes, __dclz77c.o(!!dclz77c), UNUSED)

<P><STRONG><a name="[23d]"></a>__scatterload_zeroinit</STRONG> (Thumb, 28 bytes, Stack size unknown bytes, __scatter_zi.o(!!handler_zi), UNUSED)

<P><STRONG><a name="[da]"></a>_printf_d</STRONG> (Thumb, 0 bytes, Stack size unknown bytes, _printf_d.o(.ARM.Collect$$_printf_percent$$00000009))
<BR><BR>[Stack]<UL><LI>Max Depth = 72 + Unknown Stack Size
<LI>Call Chain = _printf_d &rArr; _printf_int_dec &rArr; _printf_int_common &rArr; _printf_post_padding
</UL>
<BR>[Calls]<UL><LI><a href="#[db]">&gt;&gt;</a>&nbsp;&nbsp;&nbsp;_printf_int_dec
</UL>

<P><STRONG><a name="[105]"></a>_printf_percent</STRONG> (Thumb, 0 bytes, Stack size unknown bytes, _printf_percent.o(.ARM.Collect$$_printf_percent$$00000000))
<BR><BR>[Called By]<UL><LI><a href="#[103]">&gt;&gt;</a>&nbsp;&nbsp;&nbsp;__printf
</UL>

<P><STRONG><a name="[dc]"></a>_printf_u</STRONG> (Thumb, 0 bytes, Stack size unknown bytes, _printf_u.o(.ARM.Collect$$_printf_percent$$0000000A))
<BR><BR>[Stack]<UL><LI>Max Depth = 72 + Unknown Stack Size
<LI>Call Chain = _printf_u &rArr; _printf_int_dec &rArr; _printf_int_common &rArr; _printf_post_padding
</UL>
<BR>[Calls]<UL><LI><a href="#[db]">&gt;&gt;</a>&nbsp;&nbsp;&nbsp;_printf_int_dec
</UL>

<P><STRONG><a name="[dd]"></a>_printf_c</STRONG> (Thumb, 0 bytes, Stack size unknown bytes, _printf_c.o(.ARM.Collect$$_printf_percent$$00000013))
<BR><BR>[Stack]<UL><LI>Max Depth = 40 + Unknown Stack Size
<LI>Call Chain = _printf_c &rArr; _printf_char &rArr; _printf_cs_common &rArr; _printf_str &rArr; _printf_post_padding
</UL>
<BR>[Calls]<UL><LI><a href="#[de]">&gt;&gt;</a>&nbsp;&nbsp;&nbsp;_printf_char
</UL>

<P><STRONG><a name="[df]"></a>_printf_s</STRONG> (Thumb, 0 bytes, Stack size unknown bytes, _printf_s.o(.ARM.Collect$$_printf_percent$$00000014))
<BR><BR>[Stack]<UL><LI>Max Depth = 40 + Unknown Stack Size
<LI>Call Chain = _printf_s &rArr; _printf_string &rArr; _printf_cs_common &rArr; _printf_str &rArr; _printf_post_padding
</UL>
<BR>[Calls]<UL><LI><a href="#[e0]">&gt;&gt;</a>&nbsp;&nbsp;&nbsp;_printf_string
</UL>

<P><STRONG><a name="[23e]"></a>_printf_percent_end</STRONG> (Thumb, 0 bytes, Stack size unknown bytes, _printf_percent_end.o(.ARM.Collect$$_printf_percent$$00000017))

<P><STRONG><a name="[eb]"></a>__rt_lib_init</STRONG> (Thumb, 0 bytes, Stack size unknown bytes, libinit.o(.ARM.Collect$$libinit$$00000000))
<BR><BR>[Called By]<UL><LI><a href="#[ea]">&gt;&gt;</a>&nbsp;&nbsp;&nbsp;__rt_entry_li
</UL>

<P><STRONG><a name="[23f]"></a>__rt_lib_init_fp_1</STRONG> (Thumb, 0 bytes, Stack size unknown bytes, libinit2.o(.ARM.Collect$$libinit$$00000002))

<P><STRONG><a name="[e1]"></a>__rt_lib_init_heap_2</STRONG> (Thumb, 0 bytes, Stack size unknown bytes, libinit2.o(.ARM.Collect$$libinit$$00000005))
<BR><BR>[Stack]<UL><LI>Max Depth = 56 + Unknown Stack Size
<LI>Call Chain = __rt_lib_init_heap_2 &rArr; _init_alloc &rArr; __rt_SIGRTMEM &rArr; __rt_SIGRTMEM_inner &rArr; __default_signal_display
</UL>
<BR>[Calls]<UL><LI><a href="#[e2]">&gt;&gt;</a>&nbsp;&nbsp;&nbsp;_init_alloc
</UL>

<P><STRONG><a name="[240]"></a>__rt_lib_init_preinit_1</STRONG> (Thumb, 0 bytes, Stack size unknown bytes, libinit2.o(.ARM.Collect$$libinit$$00000004))

<P><STRONG><a name="[241]"></a>__rt_lib_init_heap_1</STRONG> (Thumb, 0 bytes, Stack size unknown bytes, libinit2.o(.ARM.Collect$$libinit$$0000000A))

<P><STRONG><a name="[e3]"></a>__rt_lib_init_rand_2</STRONG> (Thumb, 0 bytes, Stack size unknown bytes, libinit2.o(.ARM.Collect$$libinit$$0000000D))
<BR><BR>[Stack]<UL><LI>Max Depth = 8 + Unknown Stack Size
<LI>Call Chain = __rt_lib_init_rand_2 &rArr; _rand_init &rArr; srand
</UL>
<BR>[Calls]<UL><LI><a href="#[e4]">&gt;&gt;</a>&nbsp;&nbsp;&nbsp;_rand_init
</UL>

<P><STRONG><a name="[242]"></a>__rt_lib_init_user_alloc_1</STRONG> (Thumb, 0 bytes, Stack size unknown bytes, libinit2.o(.ARM.Collect$$libinit$$0000000C))

<P><STRONG><a name="[e5]"></a>__rt_lib_init_lc_common</STRONG> (Thumb, 0 bytes, Stack size unknown bytes, libinit2.o(.ARM.Collect$$libinit$$0000000F))
<BR><BR>[Calls]<UL><LI><a href="#[e6]">&gt;&gt;</a>&nbsp;&nbsp;&nbsp;__rt_locale
</UL>

<P><STRONG><a name="[243]"></a>__rt_lib_init_rand_1</STRONG> (Thumb, 0 bytes, Stack size unknown bytes, libinit2.o(.ARM.Collect$$libinit$$0000000E))

<P><STRONG><a name="[244]"></a>__rt_lib_init_lc_collate_1</STRONG> (Thumb, 0 bytes, Stack size unknown bytes, libinit2.o(.ARM.Collect$$libinit$$00000011))

<P><STRONG><a name="[e7]"></a>__rt_lib_init_lc_ctype_2</STRONG> (Thumb, 0 bytes, Stack size unknown bytes, libinit2.o(.ARM.Collect$$libinit$$00000012))
<BR><BR>[Stack]<UL><LI>Max Depth = 8 + Unknown Stack Size
<LI>Call Chain = __rt_lib_init_lc_ctype_2 &rArr; _get_lc_ctype
</UL>
<BR>[Calls]<UL><LI><a href="#[58]">&gt;&gt;</a>&nbsp;&nbsp;&nbsp;_get_lc_ctype
</UL>

<P><STRONG><a name="[245]"></a>__rt_lib_init_alloca_1</STRONG> (Thumb, 0 bytes, Stack size unknown bytes, libinit2.o(.ARM.Collect$$libinit$$0000002E))

<P><STRONG><a name="[246]"></a>__rt_lib_init_argv_1</STRONG> (Thumb, 0 bytes, Stack size unknown bytes, libinit2.o(.ARM.Collect$$libinit$$0000002C))

<P><STRONG><a name="[247]"></a>__rt_lib_init_atexit_1</STRONG> (Thumb, 0 bytes, Stack size unknown bytes, libinit2.o(.ARM.Collect$$libinit$$0000001B))

<P><STRONG><a name="[248]"></a>__rt_lib_init_clock_1</STRONG> (Thumb, 0 bytes, Stack size unknown bytes, libinit2.o(.ARM.Collect$$libinit$$00000021))

<P><STRONG><a name="[249]"></a>__rt_lib_init_cpp_1</STRONG> (Thumb, 0 bytes, Stack size unknown bytes, libinit2.o(.ARM.Collect$$libinit$$00000032))

<P><STRONG><a name="[24a]"></a>__rt_lib_init_exceptions_1</STRONG> (Thumb, 0 bytes, Stack size unknown bytes, libinit2.o(.ARM.Collect$$libinit$$00000030))

<P><STRONG><a name="[24b]"></a>__rt_lib_init_fp_trap_1</STRONG> (Thumb, 0 bytes, Stack size unknown bytes, libinit2.o(.ARM.Collect$$libinit$$0000001F))

<P><STRONG><a name="[24c]"></a>__rt_lib_init_getenv_1</STRONG> (Thumb, 0 bytes, Stack size unknown bytes, libinit2.o(.ARM.Collect$$libinit$$00000023))

<P><STRONG><a name="[24d]"></a>__rt_lib_init_lc_ctype_1</STRONG> (Thumb, 0 bytes, Stack size unknown bytes, libinit2.o(.ARM.Collect$$libinit$$00000013))

<P><STRONG><a name="[24e]"></a>__rt_lib_init_lc_monetary_1</STRONG> (Thumb, 0 bytes, Stack size unknown bytes, libinit2.o(.ARM.Collect$$libinit$$00000015))

<P><STRONG><a name="[24f]"></a>__rt_lib_init_lc_numeric_1</STRONG> (Thumb, 0 bytes, Stack size unknown bytes, libinit2.o(.ARM.Collect$$libinit$$00000017))

<P><STRONG><a name="[250]"></a>__rt_lib_init_lc_time_1</STRONG> (Thumb, 0 bytes, Stack size unknown bytes, libinit2.o(.ARM.Collect$$libinit$$00000019))

<P><STRONG><a name="[251]"></a>__rt_lib_init_return</STRONG> (Thumb, 0 bytes, Stack size unknown bytes, libinit2.o(.ARM.Collect$$libinit$$00000033))

<P><STRONG><a name="[252]"></a>__rt_lib_init_signal_1</STRONG> (Thumb, 0 bytes, Stack size unknown bytes, libinit2.o(.ARM.Collect$$libinit$$0000001D))

<P><STRONG><a name="[253]"></a>__rt_lib_init_stdio_1</STRONG> (Thumb, 0 bytes, Stack size unknown bytes, libinit2.o(.ARM.Collect$$libinit$$00000025))

<P><STRONG><a name="[f0]"></a>__rt_lib_shutdown</STRONG> (Thumb, 0 bytes, Stack size unknown bytes, libshutdown.o(.ARM.Collect$$libshutdown$$00000000))
<BR><BR>[Called By]<UL><LI><a href="#[ef]">&gt;&gt;</a>&nbsp;&nbsp;&nbsp;__rt_exit_ls
</UL>

<P><STRONG><a name="[254]"></a>__rt_lib_shutdown_cpp_1</STRONG> (Thumb, 0 bytes, Stack size unknown bytes, libshutdown2.o(.ARM.Collect$$libshutdown$$00000002))

<P><STRONG><a name="[255]"></a>__rt_lib_shutdown_fp_trap_1</STRONG> (Thumb, 0 bytes, Stack size unknown bytes, libshutdown2.o(.ARM.Collect$$libshutdown$$00000007))

<P><STRONG><a name="[256]"></a>__rt_lib_shutdown_heap_1</STRONG> (Thumb, 0 bytes, Stack size unknown bytes, libshutdown2.o(.ARM.Collect$$libshutdown$$0000000F))

<P><STRONG><a name="[257]"></a>__rt_lib_shutdown_return</STRONG> (Thumb, 0 bytes, Stack size unknown bytes, libshutdown2.o(.ARM.Collect$$libshutdown$$00000010))

<P><STRONG><a name="[258]"></a>__rt_lib_shutdown_signal_1</STRONG> (Thumb, 0 bytes, Stack size unknown bytes, libshutdown2.o(.ARM.Collect$$libshutdown$$0000000A))

<P><STRONG><a name="[259]"></a>__rt_lib_shutdown_stdio_1</STRONG> (Thumb, 0 bytes, Stack size unknown bytes, libshutdown2.o(.ARM.Collect$$libshutdown$$00000004))

<P><STRONG><a name="[25a]"></a>__rt_lib_shutdown_user_alloc_1</STRONG> (Thumb, 0 bytes, Stack size unknown bytes, libshutdown2.o(.ARM.Collect$$libshutdown$$0000000C))

<P><STRONG><a name="[d8]"></a>__rt_entry</STRONG> (Thumb, 0 bytes, Stack size unknown bytes, __rtentry.o(.ARM.Collect$$rtentry$$00000000))
<BR><BR>[Called By]<UL><LI><a href="#[d6]">&gt;&gt;</a>&nbsp;&nbsp;&nbsp;__main
<LI><a href="#[d9]">&gt;&gt;</a>&nbsp;&nbsp;&nbsp;__scatterload_rt2
</UL>

<P><STRONG><a name="[25b]"></a>__rt_entry_presh_1</STRONG> (Thumb, 0 bytes, Stack size unknown bytes, __rtentry2.o(.ARM.Collect$$rtentry$$00000002))

<P><STRONG><a name="[e8]"></a>__rt_entry_sh</STRONG> (Thumb, 0 bytes, Stack size unknown bytes, __rtentry4.o(.ARM.Collect$$rtentry$$00000004))
<BR><BR>[Stack]<UL><LI>Max Depth = 8 + Unknown Stack Size
<LI>Call Chain = __rt_entry_sh &rArr; __user_setup_stackheap
</UL>
<BR>[Calls]<UL><LI><a href="#[e9]">&gt;&gt;</a>&nbsp;&nbsp;&nbsp;__user_setup_stackheap
</UL>

<P><STRONG><a name="[ea]"></a>__rt_entry_li</STRONG> (Thumb, 0 bytes, Stack size unknown bytes, __rtentry2.o(.ARM.Collect$$rtentry$$0000000A))
<BR><BR>[Calls]<UL><LI><a href="#[eb]">&gt;&gt;</a>&nbsp;&nbsp;&nbsp;__rt_lib_init
</UL>

<P><STRONG><a name="[25c]"></a>__rt_entry_postsh_1</STRONG> (Thumb, 0 bytes, Stack size unknown bytes, __rtentry2.o(.ARM.Collect$$rtentry$$00000009))

<P><STRONG><a name="[ec]"></a>__rt_entry_main</STRONG> (Thumb, 0 bytes, Stack size unknown bytes, __rtentry2.o(.ARM.Collect$$rtentry$$0000000D))
<BR><BR>[Stack]<UL><LI>Max Depth = 224 + Unknown Stack Size
<LI>Call Chain = __rt_entry_main &rArr; main &rArr; c_loop &rArr; usb_ttl_update &rArr; get_data_frombuf &rArr; get_weather_data_frombuf &rArr; __2printf &rArr; _printf_char_file &rArr; _printf_char_common &rArr; __printf
</UL>
<BR>[Calls]<UL><LI><a href="#[ed]">&gt;&gt;</a>&nbsp;&nbsp;&nbsp;main
<LI><a href="#[ee]">&gt;&gt;</a>&nbsp;&nbsp;&nbsp;exit
</UL>

<P><STRONG><a name="[25d]"></a>__rt_entry_postli_1</STRONG> (Thumb, 0 bytes, Stack size unknown bytes, __rtentry2.o(.ARM.Collect$$rtentry$$0000000C))

<P><STRONG><a name="[120]"></a>__rt_exit</STRONG> (Thumb, 0 bytes, Stack size unknown bytes, rtexit.o(.ARM.Collect$$rtexit$$00000000))
<BR><BR>[Called By]<UL><LI><a href="#[ee]">&gt;&gt;</a>&nbsp;&nbsp;&nbsp;exit
</UL>

<P><STRONG><a name="[ef]"></a>__rt_exit_ls</STRONG> (Thumb, 0 bytes, Stack size unknown bytes, rtexit2.o(.ARM.Collect$$rtexit$$00000003))
<BR><BR>[Calls]<UL><LI><a href="#[f0]">&gt;&gt;</a>&nbsp;&nbsp;&nbsp;__rt_lib_shutdown
</UL>

<P><STRONG><a name="[25e]"></a>__rt_exit_prels_1</STRONG> (Thumb, 0 bytes, Stack size unknown bytes, rtexit2.o(.ARM.Collect$$rtexit$$00000002))

<P><STRONG><a name="[f1]"></a>__rt_exit_exit</STRONG> (Thumb, 0 bytes, Stack size unknown bytes, rtexit2.o(.ARM.Collect$$rtexit$$00000004))
<BR><BR>[Calls]<UL><LI><a href="#[f2]">&gt;&gt;</a>&nbsp;&nbsp;&nbsp;_sys_exit
</UL>

<P><STRONG><a name="[1c0]"></a>rand</STRONG> (Thumb, 48 bytes, Stack size 0 bytes, rand.o(.emb_text))
<BR><BR>[Called By]<UL><LI><a href="#[6d]">&gt;&gt;</a>&nbsp;&nbsp;&nbsp;draw
<LI><a href="#[69]">&gt;&gt;</a>&nbsp;&nbsp;&nbsp;draw
<LI><a href="#[65]">&gt;&gt;</a>&nbsp;&nbsp;&nbsp;game1_draw
</UL>

<P><STRONG><a name="[d]"></a>Reset_Handler</STRONG> (Thumb, 8 bytes, Stack size 0 bytes, startup_stm32f10x_hd.o(.text))
<BR>[Address Reference Count : 1]<UL><LI> startup_stm32f10x_hd.o(RESET)
</UL>
<P><STRONG><a name="[25f]"></a>_maybe_terminate_alloc</STRONG> (Thumb, 0 bytes, Stack size 0 bytes, maybetermalloc1.o(.emb_text), UNUSED)

<P><STRONG><a name="[29]"></a>ADC1_2_IRQHandler</STRONG> (Thumb, 0 bytes, Stack size 0 bytes, startup_stm32f10x_hd.o(.text))
<BR><BR>[Calls]<UL><LI><a href="#[29]">&gt;&gt;</a>&nbsp;&nbsp;&nbsp;ADC1_2_IRQHandler
</UL>
<BR>[Called By]<UL><LI><a href="#[29]">&gt;&gt;</a>&nbsp;&nbsp;&nbsp;ADC1_2_IRQHandler
</UL>
<BR>[Address Reference Count : 1]<UL><LI> startup_stm32f10x_hd.o(RESET)
</UL>
<P><STRONG><a name="[46]"></a>ADC3_IRQHandler</STRONG> (Thumb, 0 bytes, Stack size 0 bytes, startup_stm32f10x_hd.o(.text))
<BR>[Address Reference Count : 1]<UL><LI> startup_stm32f10x_hd.o(RESET)
</UL>
<P><STRONG><a name="[2c]"></a>CAN1_RX1_IRQHandler</STRONG> (Thumb, 0 bytes, Stack size 0 bytes, startup_stm32f10x_hd.o(.text))
<BR>[Address Reference Count : 1]<UL><LI> startup_stm32f10x_hd.o(RESET)
</UL>
<P><STRONG><a name="[2d]"></a>CAN1_SCE_IRQHandler</STRONG> (Thumb, 0 bytes, Stack size 0 bytes, startup_stm32f10x_hd.o(.text))
<BR>[Address Reference Count : 1]<UL><LI> startup_stm32f10x_hd.o(RESET)
</UL>
<P><STRONG><a name="[22]"></a>DMA1_Channel1_IRQHandler</STRONG> (Thumb, 0 bytes, Stack size 0 bytes, startup_stm32f10x_hd.o(.text))
<BR>[Address Reference Count : 1]<UL><LI> startup_stm32f10x_hd.o(RESET)
</UL>
<P><STRONG><a name="[23]"></a>DMA1_Channel2_IRQHandler</STRONG> (Thumb, 0 bytes, Stack size 0 bytes, startup_stm32f10x_hd.o(.text))
<BR>[Address Reference Count : 1]<UL><LI> startup_stm32f10x_hd.o(RESET)
</UL>
<P><STRONG><a name="[24]"></a>DMA1_Channel3_IRQHandler</STRONG> (Thumb, 0 bytes, Stack size 0 bytes, startup_stm32f10x_hd.o(.text))
<BR>[Address Reference Count : 1]<UL><LI> startup_stm32f10x_hd.o(RESET)
</UL>
<P><STRONG><a name="[25]"></a>DMA1_Channel4_IRQHandler</STRONG> (Thumb, 0 bytes, Stack size 0 bytes, startup_stm32f10x_hd.o(.text))
<BR>[Address Reference Count : 1]<UL><LI> startup_stm32f10x_hd.o(RESET)
</UL>
<P><STRONG><a name="[26]"></a>DMA1_Channel5_IRQHandler</STRONG> (Thumb, 0 bytes, Stack size 0 bytes, startup_stm32f10x_hd.o(.text))
<BR>[Address Reference Count : 1]<UL><LI> startup_stm32f10x_hd.o(RESET)
</UL>
<P><STRONG><a name="[27]"></a>DMA1_Channel6_IRQHandler</STRONG> (Thumb, 0 bytes, Stack size 0 bytes, startup_stm32f10x_hd.o(.text))
<BR>[Address Reference Count : 1]<UL><LI> startup_stm32f10x_hd.o(RESET)
</UL>
<P><STRONG><a name="[28]"></a>DMA1_Channel7_IRQHandler</STRONG> (Thumb, 0 bytes, Stack size 0 bytes, startup_stm32f10x_hd.o(.text))
<BR>[Address Reference Count : 1]<UL><LI> startup_stm32f10x_hd.o(RESET)
</UL>
<P><STRONG><a name="[4f]"></a>DMA2_Channel1_IRQHandler</STRONG> (Thumb, 0 bytes, Stack size 0 bytes, startup_stm32f10x_hd.o(.text))
<BR>[Address Reference Count : 1]<UL><LI> startup_stm32f10x_hd.o(RESET)
</UL>
<P><STRONG><a name="[50]"></a>DMA2_Channel2_IRQHandler</STRONG> (Thumb, 0 bytes, Stack size 0 bytes, startup_stm32f10x_hd.o(.text))
<BR>[Address Reference Count : 1]<UL><LI> startup_stm32f10x_hd.o(RESET)
</UL>
<P><STRONG><a name="[51]"></a>DMA2_Channel3_IRQHandler</STRONG> (Thumb, 0 bytes, Stack size 0 bytes, startup_stm32f10x_hd.o(.text))
<BR>[Address Reference Count : 1]<UL><LI> startup_stm32f10x_hd.o(RESET)
</UL>
<P><STRONG><a name="[52]"></a>DMA2_Channel4_5_IRQHandler</STRONG> (Thumb, 0 bytes, Stack size 0 bytes, startup_stm32f10x_hd.o(.text))
<BR>[Address Reference Count : 1]<UL><LI> startup_stm32f10x_hd.o(RESET)
</UL>
<P><STRONG><a name="[1d]"></a>EXTI0_IRQHandler</STRONG> (Thumb, 0 bytes, Stack size 0 bytes, startup_stm32f10x_hd.o(.text))
<BR>[Address Reference Count : 1]<UL><LI> startup_stm32f10x_hd.o(RESET)
</UL>
<P><STRONG><a name="[3f]"></a>EXTI15_10_IRQHandler</STRONG> (Thumb, 0 bytes, Stack size 0 bytes, startup_stm32f10x_hd.o(.text))
<BR>[Address Reference Count : 1]<UL><LI> startup_stm32f10x_hd.o(RESET)
</UL>
<P><STRONG><a name="[1e]"></a>EXTI1_IRQHandler</STRONG> (Thumb, 0 bytes, Stack size 0 bytes, startup_stm32f10x_hd.o(.text))
<BR>[Address Reference Count : 1]<UL><LI> startup_stm32f10x_hd.o(RESET)
</UL>
<P><STRONG><a name="[1f]"></a>EXTI2_IRQHandler</STRONG> (Thumb, 0 bytes, Stack size 0 bytes, startup_stm32f10x_hd.o(.text))
<BR>[Address Reference Count : 1]<UL><LI> startup_stm32f10x_hd.o(RESET)
</UL>
<P><STRONG><a name="[20]"></a>EXTI3_IRQHandler</STRONG> (Thumb, 0 bytes, Stack size 0 bytes, startup_stm32f10x_hd.o(.text))
<BR>[Address Reference Count : 1]<UL><LI> startup_stm32f10x_hd.o(RESET)
</UL>
<P><STRONG><a name="[21]"></a>EXTI4_IRQHandler</STRONG> (Thumb, 0 bytes, Stack size 0 bytes, startup_stm32f10x_hd.o(.text))
<BR>[Address Reference Count : 1]<UL><LI> startup_stm32f10x_hd.o(RESET)
</UL>
<P><STRONG><a name="[2e]"></a>EXTI9_5_IRQHandler</STRONG> (Thumb, 0 bytes, Stack size 0 bytes, startup_stm32f10x_hd.o(.text))
<BR>[Address Reference Count : 1]<UL><LI> startup_stm32f10x_hd.o(RESET)
</UL>
<P><STRONG><a name="[1b]"></a>FLASH_IRQHandler</STRONG> (Thumb, 0 bytes, Stack size 0 bytes, startup_stm32f10x_hd.o(.text))
<BR>[Address Reference Count : 1]<UL><LI> startup_stm32f10x_hd.o(RESET)
</UL>
<P><STRONG><a name="[47]"></a>FSMC_IRQHandler</STRONG> (Thumb, 0 bytes, Stack size 0 bytes, startup_stm32f10x_hd.o(.text))
<BR>[Address Reference Count : 1]<UL><LI> startup_stm32f10x_hd.o(RESET)
</UL>
<P><STRONG><a name="[37]"></a>I2C1_ER_IRQHandler</STRONG> (Thumb, 0 bytes, Stack size 0 bytes, startup_stm32f10x_hd.o(.text))
<BR>[Address Reference Count : 1]<UL><LI> startup_stm32f10x_hd.o(RESET)
</UL>
<P><STRONG><a name="[36]"></a>I2C1_EV_IRQHandler</STRONG> (Thumb, 0 bytes, Stack size 0 bytes, startup_stm32f10x_hd.o(.text))
<BR>[Address Reference Count : 1]<UL><LI> startup_stm32f10x_hd.o(RESET)
</UL>
<P><STRONG><a name="[39]"></a>I2C2_ER_IRQHandler</STRONG> (Thumb, 0 bytes, Stack size 0 bytes, startup_stm32f10x_hd.o(.text))
<BR>[Address Reference Count : 1]<UL><LI> startup_stm32f10x_hd.o(RESET)
</UL>
<P><STRONG><a name="[38]"></a>I2C2_EV_IRQHandler</STRONG> (Thumb, 0 bytes, Stack size 0 bytes, startup_stm32f10x_hd.o(.text))
<BR>[Address Reference Count : 1]<UL><LI> startup_stm32f10x_hd.o(RESET)
</UL>
<P><STRONG><a name="[18]"></a>PVD_IRQHandler</STRONG> (Thumb, 0 bytes, Stack size 0 bytes, startup_stm32f10x_hd.o(.text))
<BR>[Address Reference Count : 1]<UL><LI> startup_stm32f10x_hd.o(RESET)
</UL>
<P><STRONG><a name="[1c]"></a>RCC_IRQHandler</STRONG> (Thumb, 0 bytes, Stack size 0 bytes, startup_stm32f10x_hd.o(.text))
<BR>[Address Reference Count : 1]<UL><LI> startup_stm32f10x_hd.o(RESET)
</UL>
<P><STRONG><a name="[40]"></a>RTCAlarm_IRQHandler</STRONG> (Thumb, 0 bytes, Stack size 0 bytes, startup_stm32f10x_hd.o(.text))
<BR>[Address Reference Count : 1]<UL><LI> startup_stm32f10x_hd.o(RESET)
</UL>
<P><STRONG><a name="[1a]"></a>RTC_IRQHandler</STRONG> (Thumb, 0 bytes, Stack size 0 bytes, startup_stm32f10x_hd.o(.text))
<BR>[Address Reference Count : 1]<UL><LI> startup_stm32f10x_hd.o(RESET)
</UL>
<P><STRONG><a name="[48]"></a>SDIO_IRQHandler</STRONG> (Thumb, 0 bytes, Stack size 0 bytes, startup_stm32f10x_hd.o(.text))
<BR>[Address Reference Count : 1]<UL><LI> startup_stm32f10x_hd.o(RESET)
</UL>
<P><STRONG><a name="[3a]"></a>SPI1_IRQHandler</STRONG> (Thumb, 0 bytes, Stack size 0 bytes, startup_stm32f10x_hd.o(.text))
<BR>[Address Reference Count : 1]<UL><LI> startup_stm32f10x_hd.o(RESET)
</UL>
<P><STRONG><a name="[3b]"></a>SPI2_IRQHandler</STRONG> (Thumb, 0 bytes, Stack size 0 bytes, startup_stm32f10x_hd.o(.text))
<BR>[Address Reference Count : 1]<UL><LI> startup_stm32f10x_hd.o(RESET)
</UL>
<P><STRONG><a name="[4a]"></a>SPI3_IRQHandler</STRONG> (Thumb, 0 bytes, Stack size 0 bytes, startup_stm32f10x_hd.o(.text))
<BR>[Address Reference Count : 1]<UL><LI> startup_stm32f10x_hd.o(RESET)
</UL>
<P><STRONG><a name="[19]"></a>TAMPER_IRQHandler</STRONG> (Thumb, 0 bytes, Stack size 0 bytes, startup_stm32f10x_hd.o(.text))
<BR>[Address Reference Count : 1]<UL><LI> startup_stm32f10x_hd.o(RESET)
</UL>
<P><STRONG><a name="[2f]"></a>TIM1_BRK_IRQHandler</STRONG> (Thumb, 0 bytes, Stack size 0 bytes, startup_stm32f10x_hd.o(.text))
<BR>[Address Reference Count : 1]<UL><LI> startup_stm32f10x_hd.o(RESET)
</UL>
<P><STRONG><a name="[32]"></a>TIM1_CC_IRQHandler</STRONG> (Thumb, 0 bytes, Stack size 0 bytes, startup_stm32f10x_hd.o(.text))
<BR>[Address Reference Count : 1]<UL><LI> startup_stm32f10x_hd.o(RESET)
</UL>
<P><STRONG><a name="[31]"></a>TIM1_TRG_COM_IRQHandler</STRONG> (Thumb, 0 bytes, Stack size 0 bytes, startup_stm32f10x_hd.o(.text))
<BR>[Address Reference Count : 1]<UL><LI> startup_stm32f10x_hd.o(RESET)
</UL>
<P><STRONG><a name="[30]"></a>TIM1_UP_IRQHandler</STRONG> (Thumb, 0 bytes, Stack size 0 bytes, startup_stm32f10x_hd.o(.text))
<BR>[Address Reference Count : 1]<UL><LI> startup_stm32f10x_hd.o(RESET)
</UL>
<P><STRONG><a name="[34]"></a>TIM3_IRQHandler</STRONG> (Thumb, 0 bytes, Stack size 0 bytes, startup_stm32f10x_hd.o(.text))
<BR>[Address Reference Count : 1]<UL><LI> startup_stm32f10x_hd.o(RESET)
</UL>
<P><STRONG><a name="[35]"></a>TIM4_IRQHandler</STRONG> (Thumb, 0 bytes, Stack size 0 bytes, startup_stm32f10x_hd.o(.text))
<BR>[Address Reference Count : 1]<UL><LI> startup_stm32f10x_hd.o(RESET)
</UL>
<P><STRONG><a name="[49]"></a>TIM5_IRQHandler</STRONG> (Thumb, 0 bytes, Stack size 0 bytes, startup_stm32f10x_hd.o(.text))
<BR>[Address Reference Count : 1]<UL><LI> startup_stm32f10x_hd.o(RESET)
</UL>
<P><STRONG><a name="[4d]"></a>TIM6_IRQHandler</STRONG> (Thumb, 0 bytes, Stack size 0 bytes, startup_stm32f10x_hd.o(.text))
<BR>[Address Reference Count : 1]<UL><LI> startup_stm32f10x_hd.o(RESET)
</UL>
<P><STRONG><a name="[4e]"></a>TIM7_IRQHandler</STRONG> (Thumb, 0 bytes, Stack size 0 bytes, startup_stm32f10x_hd.o(.text))
<BR>[Address Reference Count : 1]<UL><LI> startup_stm32f10x_hd.o(RESET)
</UL>
<P><STRONG><a name="[42]"></a>TIM8_BRK_IRQHandler</STRONG> (Thumb, 0 bytes, Stack size 0 bytes, startup_stm32f10x_hd.o(.text))
<BR>[Address Reference Count : 1]<UL><LI> startup_stm32f10x_hd.o(RESET)
</UL>
<P><STRONG><a name="[45]"></a>TIM8_CC_IRQHandler</STRONG> (Thumb, 0 bytes, Stack size 0 bytes, startup_stm32f10x_hd.o(.text))
<BR>[Address Reference Count : 1]<UL><LI> startup_stm32f10x_hd.o(RESET)
</UL>
<P><STRONG><a name="[44]"></a>TIM8_TRG_COM_IRQHandler</STRONG> (Thumb, 0 bytes, Stack size 0 bytes, startup_stm32f10x_hd.o(.text))
<BR>[Address Reference Count : 1]<UL><LI> startup_stm32f10x_hd.o(RESET)
</UL>
<P><STRONG><a name="[43]"></a>TIM8_UP_IRQHandler</STRONG> (Thumb, 0 bytes, Stack size 0 bytes, startup_stm32f10x_hd.o(.text))
<BR>[Address Reference Count : 1]<UL><LI> startup_stm32f10x_hd.o(RESET)
</UL>
<P><STRONG><a name="[4b]"></a>UART4_IRQHandler</STRONG> (Thumb, 0 bytes, Stack size 0 bytes, startup_stm32f10x_hd.o(.text))
<BR>[Address Reference Count : 1]<UL><LI> startup_stm32f10x_hd.o(RESET)
</UL>
<P><STRONG><a name="[4c]"></a>UART5_IRQHandler</STRONG> (Thumb, 0 bytes, Stack size 0 bytes, startup_stm32f10x_hd.o(.text))
<BR>[Address Reference Count : 1]<UL><LI> startup_stm32f10x_hd.o(RESET)
</UL>
<P><STRONG><a name="[3d]"></a>USART2_IRQHandler</STRONG> (Thumb, 0 bytes, Stack size 0 bytes, startup_stm32f10x_hd.o(.text))
<BR>[Address Reference Count : 1]<UL><LI> startup_stm32f10x_hd.o(RESET)
</UL>
<P><STRONG><a name="[3e]"></a>USART3_IRQHandler</STRONG> (Thumb, 0 bytes, Stack size 0 bytes, startup_stm32f10x_hd.o(.text))
<BR>[Address Reference Count : 1]<UL><LI> startup_stm32f10x_hd.o(RESET)
</UL>
<P><STRONG><a name="[41]"></a>USBWakeUp_IRQHandler</STRONG> (Thumb, 0 bytes, Stack size 0 bytes, startup_stm32f10x_hd.o(.text))
<BR>[Address Reference Count : 1]<UL><LI> startup_stm32f10x_hd.o(RESET)
</UL>
<P><STRONG><a name="[2a]"></a>USB_HP_CAN1_TX_IRQHandler</STRONG> (Thumb, 0 bytes, Stack size 0 bytes, startup_stm32f10x_hd.o(.text))
<BR>[Address Reference Count : 1]<UL><LI> startup_stm32f10x_hd.o(RESET)
</UL>
<P><STRONG><a name="[2b]"></a>USB_LP_CAN1_RX0_IRQHandler</STRONG> (Thumb, 0 bytes, Stack size 0 bytes, startup_stm32f10x_hd.o(.text))
<BR>[Address Reference Count : 1]<UL><LI> startup_stm32f10x_hd.o(RESET)
</UL>
<P><STRONG><a name="[11f]"></a>__user_initial_stackheap</STRONG> (Thumb, 0 bytes, Stack size unknown bytes, startup_stm32f10x_hd.o(.text))
<BR><BR>[Called By]<UL><LI><a href="#[e9]">&gt;&gt;</a>&nbsp;&nbsp;&nbsp;__user_setup_stackheap
</UL>

<P><STRONG><a name="[260]"></a>__use_no_semihosting</STRONG> (Thumb, 2 bytes, Stack size 0 bytes, use_no_semi_2.o(.text), UNUSED)

<P><STRONG><a name="[f3]"></a>calloc</STRONG> (Thumb, 40 bytes, Stack size 16 bytes, calloc.o(.text))
<BR><BR>[Stack]<UL><LI>Max Depth = 64<LI>Call Chain = calloc &rArr; malloc &rArr; __Heap_Full &rArr; __Heap_ProvideMemory &rArr; free
</UL>
<BR>[Calls]<UL><LI><a href="#[f5]">&gt;&gt;</a>&nbsp;&nbsp;&nbsp;__aeabi_memclr
<LI><a href="#[f4]">&gt;&gt;</a>&nbsp;&nbsp;&nbsp;malloc
</UL>
<BR>[Called By]<UL><LI><a href="#[75]">&gt;&gt;</a>&nbsp;&nbsp;&nbsp;game1_start
</UL>

<P><STRONG><a name="[f4]"></a>malloc</STRONG> (Thumb, 94 bytes, Stack size 16 bytes, h1_alloc.o(.text))
<BR><BR>[Stack]<UL><LI>Max Depth = 48<LI>Call Chain = malloc &rArr; __Heap_Full &rArr; __Heap_ProvideMemory &rArr; free
</UL>
<BR>[Calls]<UL><LI><a href="#[f7]">&gt;&gt;</a>&nbsp;&nbsp;&nbsp;__Heap_Full
<LI><a href="#[f6]">&gt;&gt;</a>&nbsp;&nbsp;&nbsp;__rt_heap_descriptor
</UL>
<BR>[Called By]<UL><LI><a href="#[1a7]">&gt;&gt;</a>&nbsp;&nbsp;&nbsp;usb_ttl_init
<LI><a href="#[182]">&gt;&gt;</a>&nbsp;&nbsp;&nbsp;appconfig_init
<LI><a href="#[142]">&gt;&gt;</a>&nbsp;&nbsp;&nbsp;OLED_Init
<LI><a href="#[1c1]">&gt;&gt;</a>&nbsp;&nbsp;&nbsp;draw_string_P
<LI><a href="#[1b2]">&gt;&gt;</a>&nbsp;&nbsp;&nbsp;cube_init
<LI><a href="#[1ee]">&gt;&gt;</a>&nbsp;&nbsp;&nbsp;get_weather_data_frombuf
<LI><a href="#[1b0]">&gt;&gt;</a>&nbsp;&nbsp;&nbsp;cpu_use_init
<LI><a href="#[f3]">&gt;&gt;</a>&nbsp;&nbsp;&nbsp;calloc
</UL>

<P><STRONG><a name="[f8]"></a>free</STRONG> (Thumb, 78 bytes, Stack size 16 bytes, h1_free.o(.text))
<BR><BR>[Stack]<UL><LI>Max Depth = 16<LI>Call Chain = free
</UL>
<BR>[Calls]<UL><LI><a href="#[f6]">&gt;&gt;</a>&nbsp;&nbsp;&nbsp;__rt_heap_descriptor
</UL>
<BR>[Called By]<UL><LI><a href="#[1bc]">&gt;&gt;</a>&nbsp;&nbsp;&nbsp;free_OLED_GRAM
<LI><a href="#[66]">&gt;&gt;</a>&nbsp;&nbsp;&nbsp;btnExit
<LI><a href="#[1c1]">&gt;&gt;</a>&nbsp;&nbsp;&nbsp;draw_string_P
<LI><a href="#[1ee]">&gt;&gt;</a>&nbsp;&nbsp;&nbsp;get_weather_data_frombuf
<LI><a href="#[cb]">&gt;&gt;</a>&nbsp;&nbsp;&nbsp;open_cpuface
<LI><a href="#[111]">&gt;&gt;</a>&nbsp;&nbsp;&nbsp;__Heap_ProvideMemory
</UL>

<P><STRONG><a name="[f9]"></a>__2printf</STRONG> (Thumb, 20 bytes, Stack size 24 bytes, noretval__2printf.o(.text))
<BR><BR>[Stack]<UL><LI>Max Depth = 144 + Unknown Stack Size
<LI>Call Chain = __2printf &rArr; _printf_char_file &rArr; _printf_char_common &rArr; __printf
</UL>
<BR>[Calls]<UL><LI><a href="#[fa]">&gt;&gt;</a>&nbsp;&nbsp;&nbsp;_printf_char_file
</UL>
<BR>[Called By]<UL><LI><a href="#[183]">&gt;&gt;</a>&nbsp;&nbsp;&nbsp;appconfig_reset
<LI><a href="#[148]">&gt;&gt;</a>&nbsp;&nbsp;&nbsp;Read_Flash_APPCONF_Data
<LI><a href="#[182]">&gt;&gt;</a>&nbsp;&nbsp;&nbsp;appconfig_init
<LI><a href="#[af]">&gt;&gt;</a>&nbsp;&nbsp;&nbsp;setRotate
<LI><a href="#[80]">&gt;&gt;</a>&nbsp;&nbsp;&nbsp;mTimeDateOpen
<LI><a href="#[c]">&gt;&gt;</a>&nbsp;&nbsp;&nbsp;watchface_ast
<LI><a href="#[1ee]">&gt;&gt;</a>&nbsp;&nbsp;&nbsp;get_weather_data_frombuf
</UL>

<P><STRONG><a name="[fb]"></a>__2sprintf</STRONG> (Thumb, 34 bytes, Stack size 32 bytes, noretval__2sprintf.o(.text))
<BR><BR>[Stack]<UL><LI>Max Depth = 136 + Unknown Stack Size
<LI>Call Chain = __2sprintf &rArr; _printf_char_common &rArr; __printf
</UL>
<BR>[Calls]<UL><LI><a href="#[55]">&gt;&gt;</a>&nbsp;&nbsp;&nbsp;_sputc
<LI><a href="#[fc]">&gt;&gt;</a>&nbsp;&nbsp;&nbsp;_printf_char_common
</UL>
<BR>[Called By]<UL><LI><a href="#[1f1]">&gt;&gt;</a>&nbsp;&nbsp;&nbsp;makeAlarmStr
<LI><a href="#[ac]">&gt;&gt;</a>&nbsp;&nbsp;&nbsp;alarmsDraw
<LI><a href="#[1be]">&gt;&gt;</a>&nbsp;&nbsp;&nbsp;time_timeStr
<LI><a href="#[1c8]">&gt;&gt;</a>&nbsp;&nbsp;&nbsp;drawDate
<LI><a href="#[6d]">&gt;&gt;</a>&nbsp;&nbsp;&nbsp;draw
<LI><a href="#[69]">&gt;&gt;</a>&nbsp;&nbsp;&nbsp;draw
<LI><a href="#[65]">&gt;&gt;</a>&nbsp;&nbsp;&nbsp;game1_draw
<LI><a href="#[8d]">&gt;&gt;</a>&nbsp;&nbsp;&nbsp;itemLoader
<LI><a href="#[1d1]">&gt;&gt;</a>&nbsp;&nbsp;&nbsp;draw_weather
<LI><a href="#[1d2]">&gt;&gt;</a>&nbsp;&nbsp;&nbsp;drawDate
<LI><a href="#[1ce]">&gt;&gt;</a>&nbsp;&nbsp;&nbsp;watchface_drawDate
<LI><a href="#[60]">&gt;&gt;</a>&nbsp;&nbsp;&nbsp;timeDateDraw
<LI><a href="#[5c]">&gt;&gt;</a>&nbsp;&nbsp;&nbsp;itemLoader
<LI><a href="#[9e]">&gt;&gt;</a>&nbsp;&nbsp;&nbsp;mDraw
<LI><a href="#[1d8]">&gt;&gt;</a>&nbsp;&nbsp;&nbsp;show_weather_forecast
</UL>

<P><STRONG><a name="[fe]"></a>_printf_pre_padding</STRONG> (Thumb, 44 bytes, Stack size 16 bytes, _printf_pad.o(.text))
<BR><BR>[Stack]<UL><LI>Max Depth = 16<LI>Call Chain = _printf_pre_padding
</UL>
<BR>[Called By]<UL><LI><a href="#[fd]">&gt;&gt;</a>&nbsp;&nbsp;&nbsp;_printf_str
<LI><a href="#[102]">&gt;&gt;</a>&nbsp;&nbsp;&nbsp;_printf_int_common
</UL>

<P><STRONG><a name="[ff]"></a>_printf_post_padding</STRONG> (Thumb, 34 bytes, Stack size 16 bytes, _printf_pad.o(.text))
<BR><BR>[Stack]<UL><LI>Max Depth = 16<LI>Call Chain = _printf_post_padding
</UL>
<BR>[Called By]<UL><LI><a href="#[fd]">&gt;&gt;</a>&nbsp;&nbsp;&nbsp;_printf_str
<LI><a href="#[102]">&gt;&gt;</a>&nbsp;&nbsp;&nbsp;_printf_int_common
</UL>

<P><STRONG><a name="[100]"></a>_printf_truncate_signed</STRONG> (Thumb, 18 bytes, Stack size 0 bytes, _printf_truncate.o(.text))
<BR><BR>[Called By]<UL><LI><a href="#[db]">&gt;&gt;</a>&nbsp;&nbsp;&nbsp;_printf_int_dec
</UL>

<P><STRONG><a name="[101]"></a>_printf_truncate_unsigned</STRONG> (Thumb, 18 bytes, Stack size 0 bytes, _printf_truncate.o(.text))
<BR><BR>[Called By]<UL><LI><a href="#[db]">&gt;&gt;</a>&nbsp;&nbsp;&nbsp;_printf_int_dec
</UL>

<P><STRONG><a name="[fd]"></a>_printf_str</STRONG> (Thumb, 82 bytes, Stack size 16 bytes, _printf_str.o(.text))
<BR><BR>[Stack]<UL><LI>Max Depth = 32<LI>Call Chain = _printf_str &rArr; _printf_post_padding
</UL>
<BR>[Calls]<UL><LI><a href="#[ff]">&gt;&gt;</a>&nbsp;&nbsp;&nbsp;_printf_post_padding
<LI><a href="#[fe]">&gt;&gt;</a>&nbsp;&nbsp;&nbsp;_printf_pre_padding
</UL>
<BR>[Called By]<UL><LI><a href="#[117]">&gt;&gt;</a>&nbsp;&nbsp;&nbsp;_printf_cs_common
</UL>

<P><STRONG><a name="[db]"></a>_printf_int_dec</STRONG> (Thumb, 104 bytes, Stack size 24 bytes, _printf_dec.o(.text))
<BR><BR>[Stack]<UL><LI>Max Depth = 72<LI>Call Chain = _printf_int_dec &rArr; _printf_int_common &rArr; _printf_post_padding
</UL>
<BR>[Calls]<UL><LI><a href="#[101]">&gt;&gt;</a>&nbsp;&nbsp;&nbsp;_printf_truncate_unsigned
<LI><a href="#[100]">&gt;&gt;</a>&nbsp;&nbsp;&nbsp;_printf_truncate_signed
<LI><a href="#[102]">&gt;&gt;</a>&nbsp;&nbsp;&nbsp;_printf_int_common
</UL>
<BR>[Called By]<UL><LI><a href="#[dc]">&gt;&gt;</a>&nbsp;&nbsp;&nbsp;_printf_u
<LI><a href="#[da]">&gt;&gt;</a>&nbsp;&nbsp;&nbsp;_printf_d
</UL>

<P><STRONG><a name="[103]"></a>__printf</STRONG> (Thumb, 388 bytes, Stack size 40 bytes, __printf_flags_ss_wp.o(.text))
<BR><BR>[Stack]<UL><LI>Max Depth = 40 + Unknown Stack Size
<LI>Call Chain = __printf
</UL>
<BR>[Calls]<UL><LI><a href="#[105]">&gt;&gt;</a>&nbsp;&nbsp;&nbsp;_printf_percent
<LI><a href="#[104]">&gt;&gt;</a>&nbsp;&nbsp;&nbsp;_is_digit
</UL>
<BR>[Called By]<UL><LI><a href="#[fc]">&gt;&gt;</a>&nbsp;&nbsp;&nbsp;_printf_char_common
</UL>

<P><STRONG><a name="[106]"></a>atoi</STRONG> (Thumb, 26 bytes, Stack size 16 bytes, atoi.o(.text))
<BR><BR>[Stack]<UL><LI>Max Depth = 88<LI>Call Chain = atoi &rArr; strtol &rArr; _strtoul
</UL>
<BR>[Calls]<UL><LI><a href="#[108]">&gt;&gt;</a>&nbsp;&nbsp;&nbsp;strtol
<LI><a href="#[107]">&gt;&gt;</a>&nbsp;&nbsp;&nbsp;__aeabi_errno_addr
</UL>
<BR>[Called By]<UL><LI><a href="#[1ee]">&gt;&gt;</a>&nbsp;&nbsp;&nbsp;get_weather_data_frombuf
<LI><a href="#[1ed]">&gt;&gt;</a>&nbsp;&nbsp;&nbsp;get_time_data_frombuf
<LI><a href="#[1eb]">&gt;&gt;</a>&nbsp;&nbsp;&nbsp;get_cpu_data_frombuf
</UL>

<P><STRONG><a name="[109]"></a>srand</STRONG> (Thumb, 42 bytes, Stack size 8 bytes, rand.o(.text))
<BR><BR>[Stack]<UL><LI>Max Depth = 8<LI>Call Chain = srand
</UL>
<BR>[Called By]<UL><LI><a href="#[77]">&gt;&gt;</a>&nbsp;&nbsp;&nbsp;game3_start
<LI><a href="#[76]">&gt;&gt;</a>&nbsp;&nbsp;&nbsp;game2_start
<LI><a href="#[75]">&gt;&gt;</a>&nbsp;&nbsp;&nbsp;game1_start
<LI><a href="#[e4]">&gt;&gt;</a>&nbsp;&nbsp;&nbsp;_rand_init
</UL>

<P><STRONG><a name="[e4]"></a>_rand_init</STRONG> (Thumb, 4 bytes, Stack size 0 bytes, rand.o(.text))
<BR><BR>[Stack]<UL><LI>Max Depth = 8<LI>Call Chain = _rand_init &rArr; srand
</UL>
<BR>[Calls]<UL><LI><a href="#[109]">&gt;&gt;</a>&nbsp;&nbsp;&nbsp;srand
</UL>
<BR>[Called By]<UL><LI><a href="#[e3]">&gt;&gt;</a>&nbsp;&nbsp;&nbsp;__rt_lib_init_rand_2
</UL>

<P><STRONG><a name="[1bf]"></a>strcpy</STRONG> (Thumb, 72 bytes, Stack size 12 bytes, strcpy.o(.text))
<BR><BR>[Stack]<UL><LI>Max Depth = 12<LI>Call Chain = strcpy
</UL>
<BR>[Called By]<UL><LI><a href="#[5a]">&gt;&gt;</a>&nbsp;&nbsp;&nbsp;draw
<LI><a href="#[1c8]">&gt;&gt;</a>&nbsp;&nbsp;&nbsp;drawDate
<LI><a href="#[1da]">&gt;&gt;</a>&nbsp;&nbsp;&nbsp;drawTitle
<LI><a href="#[1c1]">&gt;&gt;</a>&nbsp;&nbsp;&nbsp;draw_string_P
<LI><a href="#[170]">&gt;&gt;</a>&nbsp;&nbsp;&nbsp;setMenuOption_P
<LI><a href="#[1d2]">&gt;&gt;</a>&nbsp;&nbsp;&nbsp;drawDate
<LI><a href="#[1ce]">&gt;&gt;</a>&nbsp;&nbsp;&nbsp;watchface_drawDate
<LI><a href="#[60]">&gt;&gt;</a>&nbsp;&nbsp;&nbsp;timeDateDraw
<LI><a href="#[5c]">&gt;&gt;</a>&nbsp;&nbsp;&nbsp;itemLoader
<LI><a href="#[1d8]">&gt;&gt;</a>&nbsp;&nbsp;&nbsp;show_weather_forecast
<LI><a href="#[1ee]">&gt;&gt;</a>&nbsp;&nbsp;&nbsp;get_weather_data_frombuf
</UL>

<P><STRONG><a name="[1db]"></a>strlen</STRONG> (Thumb, 62 bytes, Stack size 8 bytes, strlen.o(.text))
<BR><BR>[Stack]<UL><LI>Max Depth = 8<LI>Call Chain = strlen
</UL>
<BR>[Called By]<UL><LI><a href="#[1da]">&gt;&gt;</a>&nbsp;&nbsp;&nbsp;drawTitle
<LI><a href="#[1c1]">&gt;&gt;</a>&nbsp;&nbsp;&nbsp;draw_string_P
<LI><a href="#[1d1]">&gt;&gt;</a>&nbsp;&nbsp;&nbsp;draw_weather
<LI><a href="#[1d8]">&gt;&gt;</a>&nbsp;&nbsp;&nbsp;show_weather_forecast
<LI><a href="#[1ee]">&gt;&gt;</a>&nbsp;&nbsp;&nbsp;get_weather_data_frombuf
</UL>

<P><STRONG><a name="[1ae]"></a>__aeabi_memcpy</STRONG> (Thumb, 0 bytes, Stack size 0 bytes, rt_memcpy_v6.o(.text))
<BR><BR>[Called By]<UL><LI><a href="#[1ad]">&gt;&gt;</a>&nbsp;&nbsp;&nbsp;cpu_use_get
</UL>

<P><STRONG><a name="[10a]"></a>__rt_memcpy</STRONG> (Thumb, 138 bytes, Stack size 0 bytes, rt_memcpy_v6.o(.text), UNUSED)
<BR><BR>[Calls]<UL><LI><a href="#[10b]">&gt;&gt;</a>&nbsp;&nbsp;&nbsp;__aeabi_memcpy4
</UL>

<P><STRONG><a name="[261]"></a>_memcpy_lastbytes</STRONG> (Thumb, 0 bytes, Stack size unknown bytes, rt_memcpy_v6.o(.text), UNUSED)

<P><STRONG><a name="[10b]"></a>__aeabi_memcpy4</STRONG> (Thumb, 0 bytes, Stack size 8 bytes, rt_memcpy_w.o(.text))
<BR><BR>[Stack]<UL><LI>Max Depth = 8<LI>Call Chain = __aeabi_memcpy4
</UL>
<BR>[Called By]<UL><LI><a href="#[1d5]">&gt;&gt;</a>&nbsp;&nbsp;&nbsp;show_cpu_use
<LI><a href="#[10a]">&gt;&gt;</a>&nbsp;&nbsp;&nbsp;__rt_memcpy
</UL>

<P><STRONG><a name="[262]"></a>__aeabi_memcpy8</STRONG> (Thumb, 0 bytes, Stack size 8 bytes, rt_memcpy_w.o(.text), UNUSED)

<P><STRONG><a name="[263]"></a>__rt_memcpy_w</STRONG> (Thumb, 100 bytes, Stack size 8 bytes, rt_memcpy_w.o(.text), UNUSED)

<P><STRONG><a name="[264]"></a>_memcpy_lastbytes_aligned</STRONG> (Thumb, 0 bytes, Stack size unknown bytes, rt_memcpy_w.o(.text), UNUSED)

<P><STRONG><a name="[10c]"></a>__aeabi_memset</STRONG> (Thumb, 16 bytes, Stack size 0 bytes, aeabi_memset.o(.text))
<BR><BR>[Calls]<UL><LI><a href="#[10d]">&gt;&gt;</a>&nbsp;&nbsp;&nbsp;_memset
</UL>
<BR>[Called By]<UL><LI><a href="#[1da]">&gt;&gt;</a>&nbsp;&nbsp;&nbsp;drawTitle
<LI><a href="#[1b1]">&gt;&gt;</a>&nbsp;&nbsp;&nbsp;crt_animation
</UL>

<P><STRONG><a name="[f5]"></a>__aeabi_memclr</STRONG> (Thumb, 0 bytes, Stack size 0 bytes, rt_memclr.o(.text))
<BR><BR>[Called By]<UL><LI><a href="#[17e]">&gt;&gt;</a>&nbsp;&nbsp;&nbsp;draw_clearArea
<LI><a href="#[1a0]">&gt;&gt;</a>&nbsp;&nbsp;&nbsp;usb_ttl_update
<LI><a href="#[142]">&gt;&gt;</a>&nbsp;&nbsp;&nbsp;OLED_Init
<LI><a href="#[77]">&gt;&gt;</a>&nbsp;&nbsp;&nbsp;game3_start
<LI><a href="#[13c]">&gt;&gt;</a>&nbsp;&nbsp;&nbsp;oled_flush
<LI><a href="#[1b1]">&gt;&gt;</a>&nbsp;&nbsp;&nbsp;crt_animation
<LI><a href="#[1cd]">&gt;&gt;</a>&nbsp;&nbsp;&nbsp;show_cube
<LI><a href="#[1b2]">&gt;&gt;</a>&nbsp;&nbsp;&nbsp;cube_init
<LI><a href="#[13b]">&gt;&gt;</a>&nbsp;&nbsp;&nbsp;OLED_Clear
<LI><a href="#[1ee]">&gt;&gt;</a>&nbsp;&nbsp;&nbsp;get_weather_data_frombuf
<LI><a href="#[1b0]">&gt;&gt;</a>&nbsp;&nbsp;&nbsp;cpu_use_init
<LI><a href="#[ca]">&gt;&gt;</a>&nbsp;&nbsp;&nbsp;up
<LI><a href="#[c9]">&gt;&gt;</a>&nbsp;&nbsp;&nbsp;down
<LI><a href="#[110]">&gt;&gt;</a>&nbsp;&nbsp;&nbsp;strncpy
<LI><a href="#[f3]">&gt;&gt;</a>&nbsp;&nbsp;&nbsp;calloc
</UL>

<P><STRONG><a name="[10e]"></a>__rt_memclr</STRONG> (Thumb, 68 bytes, Stack size 0 bytes, rt_memclr.o(.text), UNUSED)
<BR><BR>[Calls]<UL><LI><a href="#[10f]">&gt;&gt;</a>&nbsp;&nbsp;&nbsp;_memset_w
</UL>

<P><STRONG><a name="[10d]"></a>_memset</STRONG> (Thumb, 0 bytes, Stack size unknown bytes, rt_memclr.o(.text))
<BR><BR>[Called By]<UL><LI><a href="#[10c]">&gt;&gt;</a>&nbsp;&nbsp;&nbsp;__aeabi_memset
</UL>

<P><STRONG><a name="[195]"></a>__aeabi_memclr4</STRONG> (Thumb, 0 bytes, Stack size 4 bytes, rt_memclr_w.o(.text))
<BR><BR>[Stack]<UL><LI>Max Depth = 4<LI>Call Chain = __aeabi_memclr4
</UL>
<BR>[Called By]<UL><LI><a href="#[194]">&gt;&gt;</a>&nbsp;&nbsp;&nbsp;buttons_init
<LI><a href="#[1ab]">&gt;&gt;</a>&nbsp;&nbsp;&nbsp;clear
</UL>

<P><STRONG><a name="[265]"></a>__aeabi_memclr8</STRONG> (Thumb, 0 bytes, Stack size 4 bytes, rt_memclr_w.o(.text), UNUSED)

<P><STRONG><a name="[266]"></a>__rt_memclr_w</STRONG> (Thumb, 78 bytes, Stack size 4 bytes, rt_memclr_w.o(.text), UNUSED)

<P><STRONG><a name="[10f]"></a>_memset_w</STRONG> (Thumb, 0 bytes, Stack size unknown bytes, rt_memclr_w.o(.text), UNUSED)
<BR><BR>[Called By]<UL><LI><a href="#[10e]">&gt;&gt;</a>&nbsp;&nbsp;&nbsp;__rt_memclr
</UL>

<P><STRONG><a name="[110]"></a>strncpy</STRONG> (Thumb, 86 bytes, Stack size 8 bytes, strncpy.o(.text))
<BR><BR>[Stack]<UL><LI>Max Depth = 8<LI>Call Chain = strncpy
</UL>
<BR>[Calls]<UL><LI><a href="#[f5]">&gt;&gt;</a>&nbsp;&nbsp;&nbsp;__aeabi_memclr
</UL>
<BR>[Called By]<UL><LI><a href="#[1d5]">&gt;&gt;</a>&nbsp;&nbsp;&nbsp;show_cpu_use
</UL>

<P><STRONG><a name="[1ef]"></a>strcmp</STRONG> (Thumb, 128 bytes, Stack size 0 bytes, strcmpv7m.o(.text))
<BR><BR>[Called By]<UL><LI><a href="#[1f0]">&gt;&gt;</a>&nbsp;&nbsp;&nbsp;weather_type_set
<LI><a href="#[1ed]">&gt;&gt;</a>&nbsp;&nbsp;&nbsp;get_time_data_frombuf
<LI><a href="#[58]">&gt;&gt;</a>&nbsp;&nbsp;&nbsp;_get_lc_ctype
</UL>

<P><STRONG><a name="[267]"></a>__use_two_region_memory</STRONG> (Thumb, 2 bytes, Stack size 0 bytes, heapauxi.o(.text), UNUSED)

<P><STRONG><a name="[1]"></a>__rt_heap_escrow</STRONG> (Thumb, 2 bytes, Stack size 0 bytes, heapauxi.o(.text), UNUSED)

<P><STRONG><a name="[0]"></a>__rt_heap_expand</STRONG> (Thumb, 2 bytes, Stack size 0 bytes, heapauxi.o(.text), UNUSED)

<P><STRONG><a name="[268]"></a>__I$use$semihosting</STRONG> (Thumb, 0 bytes, Stack size 0 bytes, use_no_semi.o(.text), UNUSED)

<P><STRONG><a name="[269]"></a>__use_no_semihosting_swi</STRONG> (Thumb, 2 bytes, Stack size 0 bytes, use_no_semi.o(.text), UNUSED)

<P><STRONG><a name="[f6]"></a>__rt_heap_descriptor</STRONG> (Thumb, 8 bytes, Stack size 0 bytes, rt_heap_descriptor_intlibspace.o(.text))
<BR><BR>[Called By]<UL><LI><a href="#[f8]">&gt;&gt;</a>&nbsp;&nbsp;&nbsp;free
<LI><a href="#[f4]">&gt;&gt;</a>&nbsp;&nbsp;&nbsp;malloc
<LI><a href="#[e2]">&gt;&gt;</a>&nbsp;&nbsp;&nbsp;_init_alloc
</UL>

<P><STRONG><a name="[107]"></a>__aeabi_errno_addr</STRONG> (Thumb, 8 bytes, Stack size 0 bytes, rt_errno_addr_intlibspace.o(.text))
<BR><BR>[Called By]<UL><LI><a href="#[106]">&gt;&gt;</a>&nbsp;&nbsp;&nbsp;atoi
<LI><a href="#[11a]">&gt;&gt;</a>&nbsp;&nbsp;&nbsp;_strtoul
<LI><a href="#[108]">&gt;&gt;</a>&nbsp;&nbsp;&nbsp;strtol
<LI><a href="#[116]">&gt;&gt;</a>&nbsp;&nbsp;&nbsp;__set_errno
<LI><a href="#[115]">&gt;&gt;</a>&nbsp;&nbsp;&nbsp;__read_errno
</UL>

<P><STRONG><a name="[26a]"></a>__errno$intlibspace</STRONG> (Thumb, 0 bytes, Stack size 0 bytes, rt_errno_addr_intlibspace.o(.text), UNUSED)

<P><STRONG><a name="[26b]"></a>__rt_errno_addr$intlibspace</STRONG> (Thumb, 0 bytes, Stack size 0 bytes, rt_errno_addr_intlibspace.o(.text), UNUSED)

<P><STRONG><a name="[26c]"></a>__use_no_heap</STRONG> (Thumb, 2 bytes, Stack size 0 bytes, hguard.o(.text), UNUSED)

<P><STRONG><a name="[26d]"></a>__heap$guard</STRONG> (Thumb, 2 bytes, Stack size 0 bytes, hguard.o(.text), UNUSED)

<P><STRONG><a name="[6]"></a>_terminate_user_alloc</STRONG> (Thumb, 2 bytes, Stack size 0 bytes, init_alloc.o(.text), UNUSED)

<P><STRONG><a name="[4]"></a>_init_user_alloc</STRONG> (Thumb, 2 bytes, Stack size 0 bytes, init_alloc.o(.text), UNUSED)

<P><STRONG><a name="[f7]"></a>__Heap_Full</STRONG> (Thumb, 34 bytes, Stack size 16 bytes, init_alloc.o(.text))
<BR><BR>[Stack]<UL><LI>Max Depth = 32<LI>Call Chain = __Heap_Full &rArr; __Heap_ProvideMemory &rArr; free
</UL>
<BR>[Calls]<UL><LI><a href="#[111]">&gt;&gt;</a>&nbsp;&nbsp;&nbsp;__Heap_ProvideMemory
</UL>
<BR>[Called By]<UL><LI><a href="#[f4]">&gt;&gt;</a>&nbsp;&nbsp;&nbsp;malloc
</UL>

<P><STRONG><a name="[112]"></a>__Heap_Broken</STRONG> (Thumb, 6 bytes, Stack size 0 bytes, init_alloc.o(.text), UNUSED)
<BR><BR>[Calls]<UL><LI><a href="#[113]">&gt;&gt;</a>&nbsp;&nbsp;&nbsp;__rt_SIGRTMEM
</UL>

<P><STRONG><a name="[e2]"></a>_init_alloc</STRONG> (Thumb, 94 bytes, Stack size 24 bytes, init_alloc.o(.text))
<BR><BR>[Stack]<UL><LI>Max Depth = 56<LI>Call Chain = _init_alloc &rArr; __rt_SIGRTMEM &rArr; __rt_SIGRTMEM_inner &rArr; __default_signal_display
</UL>
<BR>[Calls]<UL><LI><a href="#[113]">&gt;&gt;</a>&nbsp;&nbsp;&nbsp;__rt_SIGRTMEM
<LI><a href="#[111]">&gt;&gt;</a>&nbsp;&nbsp;&nbsp;__Heap_ProvideMemory
<LI><a href="#[114]">&gt;&gt;</a>&nbsp;&nbsp;&nbsp;__Heap_Initialize
<LI><a href="#[f6]">&gt;&gt;</a>&nbsp;&nbsp;&nbsp;__rt_heap_descriptor
</UL>
<BR>[Called By]<UL><LI><a href="#[e1]">&gt;&gt;</a>&nbsp;&nbsp;&nbsp;__rt_lib_init_heap_2
</UL>

<P><STRONG><a name="[114]"></a>__Heap_Initialize</STRONG> (Thumb, 10 bytes, Stack size 0 bytes, h1_init.o(.text))
<BR><BR>[Called By]<UL><LI><a href="#[e2]">&gt;&gt;</a>&nbsp;&nbsp;&nbsp;_init_alloc
</UL>

<P><STRONG><a name="[2]"></a>__Heap_DescSize</STRONG> (Thumb, 4 bytes, Stack size 0 bytes, h1_init.o(.text), UNUSED)

<P><STRONG><a name="[115]"></a>__read_errno</STRONG> (Thumb, 10 bytes, Stack size 8 bytes, _rserrno.o(.text), UNUSED)
<BR><BR>[Calls]<UL><LI><a href="#[107]">&gt;&gt;</a>&nbsp;&nbsp;&nbsp;__aeabi_errno_addr
</UL>

<P><STRONG><a name="[116]"></a>__set_errno</STRONG> (Thumb, 12 bytes, Stack size 8 bytes, _rserrno.o(.text))
<BR><BR>[Stack]<UL><LI>Max Depth = 8<LI>Call Chain = __set_errno
</UL>
<BR>[Calls]<UL><LI><a href="#[107]">&gt;&gt;</a>&nbsp;&nbsp;&nbsp;__aeabi_errno_addr
</UL>
<BR>[Called By]<UL><LI><a href="#[20f]">&gt;&gt;</a>&nbsp;&nbsp;&nbsp;sin
</UL>

<P><STRONG><a name="[102]"></a>_printf_int_common</STRONG> (Thumb, 178 bytes, Stack size 32 bytes, _printf_intcommon.o(.text))
<BR><BR>[Stack]<UL><LI>Max Depth = 48<LI>Call Chain = _printf_int_common &rArr; _printf_post_padding
</UL>
<BR>[Calls]<UL><LI><a href="#[ff]">&gt;&gt;</a>&nbsp;&nbsp;&nbsp;_printf_post_padding
<LI><a href="#[fe]">&gt;&gt;</a>&nbsp;&nbsp;&nbsp;_printf_pre_padding
</UL>
<BR>[Called By]<UL><LI><a href="#[db]">&gt;&gt;</a>&nbsp;&nbsp;&nbsp;_printf_int_dec
</UL>

<P><STRONG><a name="[fc]"></a>_printf_char_common</STRONG> (Thumb, 32 bytes, Stack size 64 bytes, _printf_char_common.o(.text))
<BR><BR>[Stack]<UL><LI>Max Depth = 104 + Unknown Stack Size
<LI>Call Chain = _printf_char_common &rArr; __printf
</UL>
<BR>[Calls]<UL><LI><a href="#[103]">&gt;&gt;</a>&nbsp;&nbsp;&nbsp;__printf
</UL>
<BR>[Called By]<UL><LI><a href="#[fb]">&gt;&gt;</a>&nbsp;&nbsp;&nbsp;__2sprintf
<LI><a href="#[fa]">&gt;&gt;</a>&nbsp;&nbsp;&nbsp;_printf_char_file
</UL>

<P><STRONG><a name="[55]"></a>_sputc</STRONG> (Thumb, 10 bytes, Stack size 0 bytes, _sputc.o(.text))
<BR><BR>[Called By]<UL><LI><a href="#[fb]">&gt;&gt;</a>&nbsp;&nbsp;&nbsp;__2sprintf
</UL>
<BR>[Address Reference Count : 1]<UL><LI> noretval__2sprintf.o(.text)
</UL>
<P><STRONG><a name="[117]"></a>_printf_cs_common</STRONG> (Thumb, 20 bytes, Stack size 8 bytes, _printf_char.o(.text))
<BR><BR>[Stack]<UL><LI>Max Depth = 40<LI>Call Chain = _printf_cs_common &rArr; _printf_str &rArr; _printf_post_padding
</UL>
<BR>[Calls]<UL><LI><a href="#[fd]">&gt;&gt;</a>&nbsp;&nbsp;&nbsp;_printf_str
</UL>
<BR>[Called By]<UL><LI><a href="#[e0]">&gt;&gt;</a>&nbsp;&nbsp;&nbsp;_printf_string
<LI><a href="#[de]">&gt;&gt;</a>&nbsp;&nbsp;&nbsp;_printf_char
</UL>

<P><STRONG><a name="[de]"></a>_printf_char</STRONG> (Thumb, 16 bytes, Stack size 0 bytes, _printf_char.o(.text))
<BR><BR>[Stack]<UL><LI>Max Depth = 40<LI>Call Chain = _printf_char &rArr; _printf_cs_common &rArr; _printf_str &rArr; _printf_post_padding
</UL>
<BR>[Calls]<UL><LI><a href="#[117]">&gt;&gt;</a>&nbsp;&nbsp;&nbsp;_printf_cs_common
</UL>
<BR>[Called By]<UL><LI><a href="#[dd]">&gt;&gt;</a>&nbsp;&nbsp;&nbsp;_printf_c
</UL>

<P><STRONG><a name="[e0]"></a>_printf_string</STRONG> (Thumb, 8 bytes, Stack size 0 bytes, _printf_char.o(.text))
<BR><BR>[Stack]<UL><LI>Max Depth = 40<LI>Call Chain = _printf_string &rArr; _printf_cs_common &rArr; _printf_str &rArr; _printf_post_padding
</UL>
<BR>[Calls]<UL><LI><a href="#[117]">&gt;&gt;</a>&nbsp;&nbsp;&nbsp;_printf_cs_common
</UL>
<BR>[Called By]<UL><LI><a href="#[df]">&gt;&gt;</a>&nbsp;&nbsp;&nbsp;_printf_s
</UL>

<P><STRONG><a name="[fa]"></a>_printf_char_file</STRONG> (Thumb, 32 bytes, Stack size 16 bytes, _printf_char_file.o(.text))
<BR><BR>[Stack]<UL><LI>Max Depth = 120 + Unknown Stack Size
<LI>Call Chain = _printf_char_file &rArr; _printf_char_common &rArr; __printf
</UL>
<BR>[Calls]<UL><LI><a href="#[118]">&gt;&gt;</a>&nbsp;&nbsp;&nbsp;ferror
<LI><a href="#[fc]">&gt;&gt;</a>&nbsp;&nbsp;&nbsp;_printf_char_common
</UL>
<BR>[Called By]<UL><LI><a href="#[f9]">&gt;&gt;</a>&nbsp;&nbsp;&nbsp;__2printf
</UL>

<P><STRONG><a name="[108]"></a>strtol</STRONG> (Thumb, 112 bytes, Stack size 32 bytes, strtol.o(.text))
<BR><BR>[Stack]<UL><LI>Max Depth = 72<LI>Call Chain = strtol &rArr; _strtoul
</UL>
<BR>[Calls]<UL><LI><a href="#[11a]">&gt;&gt;</a>&nbsp;&nbsp;&nbsp;_strtoul
<LI><a href="#[119]">&gt;&gt;</a>&nbsp;&nbsp;&nbsp;__rt_ctype_table
<LI><a href="#[107]">&gt;&gt;</a>&nbsp;&nbsp;&nbsp;__aeabi_errno_addr
</UL>
<BR>[Called By]<UL><LI><a href="#[106]">&gt;&gt;</a>&nbsp;&nbsp;&nbsp;atoi
</UL>

<P><STRONG><a name="[26e]"></a>__user_libspace</STRONG> (Thumb, 8 bytes, Stack size 0 bytes, libspace.o(.text), UNUSED)

<P><STRONG><a name="[11e]"></a>__user_perproc_libspace</STRONG> (Thumb, 0 bytes, Stack size 0 bytes, libspace.o(.text))
<BR><BR>[Called By]<UL><LI><a href="#[e9]">&gt;&gt;</a>&nbsp;&nbsp;&nbsp;__user_setup_stackheap
</UL>

<P><STRONG><a name="[26f]"></a>__user_perthread_libspace</STRONG> (Thumb, 0 bytes, Stack size 0 bytes, libspace.o(.text), UNUSED)

<P><STRONG><a name="[119]"></a>__rt_ctype_table</STRONG> (Thumb, 16 bytes, Stack size 8 bytes, rt_ctype_table.o(.text))
<BR><BR>[Stack]<UL><LI>Max Depth = 8<LI>Call Chain = __rt_ctype_table
</UL>
<BR>[Calls]<UL><LI><a href="#[e6]">&gt;&gt;</a>&nbsp;&nbsp;&nbsp;__rt_locale
</UL>
<BR>[Called By]<UL><LI><a href="#[108]">&gt;&gt;</a>&nbsp;&nbsp;&nbsp;strtol
</UL>

<P><STRONG><a name="[111]"></a>__Heap_ProvideMemory</STRONG> (Thumb, 52 bytes, Stack size 0 bytes, h1_extend.o(.text))
<BR><BR>[Stack]<UL><LI>Max Depth = 16<LI>Call Chain = __Heap_ProvideMemory &rArr; free
</UL>
<BR>[Calls]<UL><LI><a href="#[f8]">&gt;&gt;</a>&nbsp;&nbsp;&nbsp;free
</UL>
<BR>[Called By]<UL><LI><a href="#[e2]">&gt;&gt;</a>&nbsp;&nbsp;&nbsp;_init_alloc
[...]
<LI><a href="#[209]">&gt;&gt;</a>&nbsp;&nbsp;&nbsp;time_set
</UL>
<BR>[Address Reference Count : 1]<UL><LI> timedate.o(i.itemLoader)
</UL>
<P><STRONG><a name="[86]"></a>selectDate</STRONG> (Thumb, 96 bytes, Stack size 16 bytes, timedate.o(i.selectDate))
<BR><BR>[Stack]<UL><LI>Max Depth = 32<LI>Call Chain = selectDate &rArr; endSelect &rArr; setMenuFuncs
</UL>
<BR>[Calls]<UL><LI><a href="#[1e0]">&gt;&gt;</a>&nbsp;&nbsp;&nbsp;endSelect
<LI><a href="#[190]">&gt;&gt;</a>&nbsp;&nbsp;&nbsp;beginSelect
<LI><a href="#[20b]">&gt;&gt;</a>&nbsp;&nbsp;&nbsp;time_monthDayCount
<LI><a href="#[20a]">&gt;&gt;</a>&nbsp;&nbsp;&nbsp;time_dow
</UL>
<BR>[Address Reference Count : 1]<UL><LI> timedate.o(i.itemLoader)
</UL>
<P><STRONG><a name="[87]"></a>selectTime</STRONG> (Thumb, 122 bytes, Stack size 16 bytes, timedate.o(i.selectTime))
<BR><BR>[Stack]<UL><LI>Max Depth = 32<LI>Call Chain = selectTime &rArr; endSelect &rArr; setMenuFuncs
</UL>
<BR>[Calls]<UL><LI><a href="#[1e9]">&gt;&gt;</a>&nbsp;&nbsp;&nbsp;time_timeMode
<LI><a href="#[1e0]">&gt;&gt;</a>&nbsp;&nbsp;&nbsp;endSelect
<LI><a href="#[190]">&gt;&gt;</a>&nbsp;&nbsp;&nbsp;beginSelect
</UL>
<BR>[Address Reference Count : 1]<UL><LI> timedate.o(i.itemLoader)
</UL>
<P><STRONG><a name="[5f]"></a>timeDataDown</STRONG> (Thumb, 62 bytes, Stack size 16 bytes, timedate.o(i.timeDataDown))
<BR><BR>[Stack]<UL><LI>Max Depth = 16<LI>Call Chain = timeDataDown
</UL>
<BR>[Calls]<UL><LI><a href="#[217]">&gt;&gt;</a>&nbsp;&nbsp;&nbsp;getMaxValForSetting
</UL>
<BR>[Address Reference Count : 1]<UL><LI> timedate.o(i.beginSelect)
</UL>
<P><STRONG><a name="[5d]"></a>timeDataUp</STRONG> (Thumb, 56 bytes, Stack size 8 bytes, timedate.o(i.timeDataUp))
<BR><BR>[Stack]<UL><LI>Max Depth = 8<LI>Call Chain = timeDataUp
</UL>
<BR>[Calls]<UL><LI><a href="#[217]">&gt;&gt;</a>&nbsp;&nbsp;&nbsp;getMaxValForSetting
</UL>
<BR>[Address Reference Count : 1]<UL><LI> timedate.o(i.beginSelect)
</UL>
<P><STRONG><a name="[60]"></a>timeDateDraw</STRONG> (Thumb, 184 bytes, Stack size 24 bytes, timedate.o(i.timeDateDraw))
<BR><BR>[Stack]<UL><LI>Max Depth = 160 + Unknown Stack Size
<LI>Call Chain = timeDateDraw &rArr; __2sprintf &rArr; _printf_char_common &rArr; __printf
</UL>
<BR>[Calls]<UL><LI><a href="#[17e]">&gt;&gt;</a>&nbsp;&nbsp;&nbsp;draw_clearArea
<LI><a href="#[17f]">&gt;&gt;</a>&nbsp;&nbsp;&nbsp;draw_string
<LI><a href="#[1bf]">&gt;&gt;</a>&nbsp;&nbsp;&nbsp;strcpy
<LI><a href="#[fb]">&gt;&gt;</a>&nbsp;&nbsp;&nbsp;__2sprintf
</UL>
<BR>[Address Reference Count : 1]<UL><LI> timedate.o(i.beginSelect)
</UL>
<P><STRONG><a name="[ba]"></a>btnExit</STRONG> (Thumb, 26 bytes, Stack size 8 bytes, torch.o(i.btnExit))
<BR><BR>[Stack]<UL><LI>Max Depth = 40<LI>Call Chain = btnExit &rArr; OLED_ColorTurn &rArr; OLED_WR_Byte
</UL>
<BR>[Calls]<UL><LI><a href="#[61]">&gt;&gt;</a>&nbsp;&nbsp;&nbsp;display_load
<LI><a href="#[13d]">&gt;&gt;</a>&nbsp;&nbsp;&nbsp;OLED_ColorTurn
<LI><a href="#[192]">&gt;&gt;</a>&nbsp;&nbsp;&nbsp;pwrmgr_setState
</UL>
<BR>[Address Reference Count : 1]<UL><LI> torch.o(i.torch_open)
</UL>
<P><STRONG><a name="[bb]"></a>btnFlashRate</STRONG> (Thumb, 40 bytes, Stack size 0 bytes, torch.o(i.btnFlashRate))
<BR>[Address Reference Count : 1]<UL><LI> torch.o(i.torch_open)
</UL>
<P><STRONG><a name="[b9]"></a>draw</STRONG> (Thumb, 80 bytes, Stack size 8 bytes, torch.o(i.draw))
<BR><BR>[Stack]<UL><LI>Max Depth = 40<LI>Call Chain = draw &rArr; OLED_ColorTurn &rArr; OLED_WR_Byte
</UL>
<BR>[Calls]<UL><LI><a href="#[193]">&gt;&gt;</a>&nbsp;&nbsp;&nbsp;millis_get
<LI><a href="#[152]">&gt;&gt;</a>&nbsp;&nbsp;&nbsp;led_flash
<LI><a href="#[13d]">&gt;&gt;</a>&nbsp;&nbsp;&nbsp;OLED_ColorTurn
</UL>
<BR>[Address Reference Count : 1]<UL><LI> torch.o(i.torch_open)
</UL>
<P><STRONG><a name="[205]"></a>next</STRONG> (Thumb, 34 bytes, Stack size 0 bytes, tune.o(i.next))
<BR><BR>[Calls]<UL><LI><a href="#[205]">&gt;&gt;</a>&nbsp;&nbsp;&nbsp;next
</UL>
<BR>[Called By]<UL><LI><a href="#[17b]">&gt;&gt;</a>&nbsp;&nbsp;&nbsp;tune_play
<LI><a href="#[205]">&gt;&gt;</a>&nbsp;&nbsp;&nbsp;next
</UL>

<P><STRONG><a name="[bf]"></a>down</STRONG> (Thumb, 18 bytes, Stack size 0 bytes, tunemaker.o(i.down))
<BR>[Address Reference Count : 1]<UL><LI> tunemaker.o(i.tunemakerOpen)
</UL>
<P><STRONG><a name="[bc]"></a>draw</STRONG> (Thumb, 38 bytes, Stack size 8 bytes, tunemaker.o(i.draw))
<BR><BR>[Stack]<UL><LI>Max Depth = 136<LI>Call Chain = draw &rArr; draw_string &rArr; draw_bitmap
</UL>
<BR>[Calls]<UL><LI><a href="#[17f]">&gt;&gt;</a>&nbsp;&nbsp;&nbsp;draw_string
<LI><a href="#[1cd]">&gt;&gt;</a>&nbsp;&nbsp;&nbsp;show_cube
</UL>
<BR>[Address Reference Count : 1]<UL><LI> tunemaker.o(i.tunemakerOpen)
</UL>
<P><STRONG><a name="[be]"></a>select</STRONG> (Thumb, 26 bytes, Stack size 8 bytes, tunemaker.o(i.select))
<BR><BR>[Stack]<UL><LI>Max Depth = 32<LI>Call Chain = select &rArr; free_OLED_GRAM &rArr; free
</UL>
<BR>[Calls]<UL><LI><a href="#[18e]">&gt;&gt;</a>&nbsp;&nbsp;&nbsp;animation_start
<LI><a href="#[1bc]">&gt;&gt;</a>&nbsp;&nbsp;&nbsp;free_OLED_GRAM
<LI><a href="#[192]">&gt;&gt;</a>&nbsp;&nbsp;&nbsp;pwrmgr_setState
</UL>
<BR>[Called By]<UL><LI><a href="#[bd]">&gt;&gt;</a>&nbsp;&nbsp;&nbsp;up
</UL>
<BR>[Address Reference Count : 1]<UL><LI> tunemaker.o(i.tunemakerOpen)
</UL>
<P><STRONG><a name="[bd]"></a>up</STRONG> (Thumb, 10 bytes, Stack size 8 bytes, tunemaker.o(i.up))
<BR><BR>[Stack]<UL><LI>Max Depth = 40<LI>Call Chain = up &rArr; select &rArr; free_OLED_GRAM &rArr; free
</UL>
<BR>[Calls]<UL><LI><a href="#[be]">&gt;&gt;</a>&nbsp;&nbsp;&nbsp;select
</UL>
<BR>[Address Reference Count : 1]<UL><LI> tunemaker.o(i.tunemakerOpen)
</UL>
<P><STRONG><a name="[214]"></a>animateIcon</STRONG> (Thumb, 30 bytes, Stack size 0 bytes, battery.o(i.animateIcon))
<BR><BR>[Called By]<UL><LI><a href="#[1ca]">&gt;&gt;</a>&nbsp;&nbsp;&nbsp;show_battery_mode_2
</UL>

<P><STRONG><a name="[215]"></a>_OLED_DrawLine</STRONG> (Thumb, 190 bytes, Stack size 44 bytes, watchface.o(i._OLED_DrawLine))
<BR><BR>[Stack]<UL><LI>Max Depth = 44<LI>Call Chain = _OLED_DrawLine
</UL>
<BR>[Called By]<UL><LI><a href="#[1cd]">&gt;&gt;</a>&nbsp;&nbsp;&nbsp;show_cube
</UL>

<P><STRONG><a name="[c5]"></a>down</STRONG> (Thumb, 26 bytes, Stack size 8 bytes, watchface.o(i.down))
<BR><BR>[Stack]<UL><LI>Max Depth = 32<LI>Call Chain = down &rArr; free_OLED_GRAM &rArr; free
</UL>
<BR>[Calls]<UL><LI><a href="#[186]">&gt;&gt;</a>&nbsp;&nbsp;&nbsp;display_set
<LI><a href="#[61]">&gt;&gt;</a>&nbsp;&nbsp;&nbsp;display_load
<LI><a href="#[1bc]">&gt;&gt;</a>&nbsp;&nbsp;&nbsp;free_OLED_GRAM
<LI><a href="#[1bb]">&gt;&gt;</a>&nbsp;&nbsp;&nbsp;get_other_watchface
</UL>
<BR>[Address Reference Count : 1]<UL><LI> watchface.o(i.watchfaceOpen)
</UL>
<P><STRONG><a name="[c4]"></a>draw</STRONG> (Thumb, 26 bytes, Stack size 8 bytes, watchface.o(i.draw))
<BR><BR>[Stack]<UL><LI>Max Depth = 192 + Unknown Stack Size
<LI>Call Chain = draw &rArr; watchface_ticker &rArr; draw_string &rArr; draw_bitmap
</UL>
<BR>[Calls]<UL><LI><a href="#[1cf]">&gt;&gt;</a>&nbsp;&nbsp;&nbsp;watchface_ticker
<LI><a href="#[1ce]">&gt;&gt;</a>&nbsp;&nbsp;&nbsp;watchface_drawDate
<LI><a href="#[1d0]">&gt;&gt;</a>&nbsp;&nbsp;&nbsp;show_battery_mode_1
<LI><a href="#[1cd]">&gt;&gt;</a>&nbsp;&nbsp;&nbsp;show_cube
</UL>
<BR>[Address Reference Count : 1]<UL><LI> watchface.o(i.watchfaceOpen)
</UL>
<P><STRONG><a name="[c7]"></a>modeset</STRONG> (Thumb, 18 bytes, Stack size 0 bytes, watchface.o(i.modeset))
<BR>[Address Reference Count : 1]<UL><LI> watchface.o(i.watchfaceOpen)
</UL>
<P><STRONG><a name="[c6]"></a>up</STRONG> (Thumb, 26 bytes, Stack size 8 bytes, watchface.o(i.up))
<BR><BR>[Stack]<UL><LI>Max Depth = 32<LI>Call Chain = up &rArr; free_OLED_GRAM &rArr; free
</UL>
<BR>[Calls]<UL><LI><a href="#[186]">&gt;&gt;</a>&nbsp;&nbsp;&nbsp;display_set
<LI><a href="#[61]">&gt;&gt;</a>&nbsp;&nbsp;&nbsp;display_load
<LI><a href="#[1bc]">&gt;&gt;</a>&nbsp;&nbsp;&nbsp;free_OLED_GRAM
<LI><a href="#[1bb]">&gt;&gt;</a>&nbsp;&nbsp;&nbsp;get_other_watchface
</UL>
<BR>[Address Reference Count : 1]<UL><LI> watchface.o(i.watchfaceOpen)
</UL>
<P><STRONG><a name="[a2]"></a>down</STRONG> (Thumb, 32 bytes, Stack size 8 bytes, my_normal.o(i.down))
<BR><BR>[Stack]<UL><LI>Max Depth = 24<LI>Call Chain = down &rArr; get_other_watchface
</UL>
<BR>[Calls]<UL><LI><a href="#[186]">&gt;&gt;</a>&nbsp;&nbsp;&nbsp;display_set
<LI><a href="#[61]">&gt;&gt;</a>&nbsp;&nbsp;&nbsp;display_load
<LI><a href="#[196]">&gt;&gt;</a>&nbsp;&nbsp;&nbsp;buttons_setFunc_long
<LI><a href="#[1bb]">&gt;&gt;</a>&nbsp;&nbsp;&nbsp;get_other_watchface
</UL>
<BR>[Address Reference Count : 1]<UL><LI> my_normal.o(i.my_watchface_normal)
</UL>
<P><STRONG><a name="[a1]"></a>draw</STRONG> (Thumb, 22 bytes, Stack size 8 bytes, my_normal.o(i.draw))
<BR><BR>[Stack]<UL><LI>Max Depth = 208 + Unknown Stack Size
<LI>Call Chain = draw &rArr; draw_weather &rArr; __2sprintf &rArr; _printf_char_common &rArr; __printf
</UL>
<BR>[Calls]<UL><LI><a href="#[1d1]">&gt;&gt;</a>&nbsp;&nbsp;&nbsp;draw_weather
<LI><a href="#[1d3]">&gt;&gt;</a>&nbsp;&nbsp;&nbsp;ticker
<LI><a href="#[1d2]">&gt;&gt;</a>&nbsp;&nbsp;&nbsp;drawDate
<LI><a href="#[1d0]">&gt;&gt;</a>&nbsp;&nbsp;&nbsp;show_battery_mode_1
</UL>
<BR>[Address Reference Count : 1]<UL><LI> my_normal.o(i.my_watchface_normal)
</UL>
<P><STRONG><a name="[1d2]"></a>drawDate</STRONG> (Thumb, 146 bytes, Stack size 40 bytes, my_normal.o(i.drawDate))
<BR><BR>[Stack]<UL><LI>Max Depth = 176 + Unknown Stack Size
<LI>Call Chain = drawDate &rArr; __2sprintf &rArr; _printf_char_common &rArr; __printf
</UL>
<BR>[Calls]<UL><LI><a href="#[17f]">&gt;&gt;</a>&nbsp;&nbsp;&nbsp;draw_string
<LI><a href="#[1bf]">&gt;&gt;</a>&nbsp;&nbsp;&nbsp;strcpy
<LI><a href="#[fb]">&gt;&gt;</a>&nbsp;&nbsp;&nbsp;__2sprintf
</UL>
<BR>[Called By]<UL><LI><a href="#[a1]">&gt;&gt;</a>&nbsp;&nbsp;&nbsp;draw
</UL>

<P><STRONG><a name="[1d3]"></a>ticker</STRONG> (Thumb, 318 bytes, Stack size 56 bytes, my_normal.o(i.ticker))
<BR><BR>[Stack]<UL><LI>Max Depth = 184<LI>Call Chain = ticker &rArr; draw_string &rArr; draw_bitmap
</UL>
<BR>[Calls]<UL><LI><a href="#[17f]">&gt;&gt;</a>&nbsp;&nbsp;&nbsp;draw_string
<LI><a href="#[1cc]">&gt;&gt;</a>&nbsp;&nbsp;&nbsp;mod10
<LI><a href="#[1cb]">&gt;&gt;</a>&nbsp;&nbsp;&nbsp;div10
<LI><a href="#[1e2]">&gt;&gt;</a>&nbsp;&nbsp;&nbsp;moving2_set
<LI><a href="#[1e1]">&gt;&gt;</a>&nbsp;&nbsp;&nbsp;face_drawTickerNum
</UL>
<BR>[Called By]<UL><LI><a href="#[a1]">&gt;&gt;</a>&nbsp;&nbsp;&nbsp;draw
</UL>

<P><STRONG><a name="[a3]"></a>up</STRONG> (Thumb, 32 bytes, Stack size 8 bytes, my_normal.o(i.up))
<BR><BR>[Stack]<UL><LI>Max Depth = 24<LI>Call Chain = up &rArr; get_other_watchface
</UL>
<BR>[Calls]<UL><LI><a href="#[186]">&gt;&gt;</a>&nbsp;&nbsp;&nbsp;display_set
<LI><a href="#[61]">&gt;&gt;</a>&nbsp;&nbsp;&nbsp;display_load
<LI><a href="#[196]">&gt;&gt;</a>&nbsp;&nbsp;&nbsp;buttons_setFunc_long
<LI><a href="#[1bb]">&gt;&gt;</a>&nbsp;&nbsp;&nbsp;get_other_watchface
</UL>
<BR>[Address Reference Count : 1]<UL><LI> my_normal.o(i.my_watchface_normal)
</UL>
<P><STRONG><a name="[a7]"></a>btnExit</STRONG> (Thumb, 26 bytes, Stack size 8 bytes, myapp.o(i.btnExit))
<BR><BR>[Stack]<UL><LI>Max Depth = 40<LI>Call Chain = btnExit &rArr; OLED_ColorTurn &rArr; OLED_WR_Byte
</UL>
<BR>[Calls]<UL><LI><a href="#[61]">&gt;&gt;</a>&nbsp;&nbsp;&nbsp;display_load
<LI><a href="#[13d]">&gt;&gt;</a>&nbsp;&nbsp;&nbsp;OLED_ColorTurn
<LI><a href="#[192]">&gt;&gt;</a>&nbsp;&nbsp;&nbsp;pwrmgr_setState
</UL>
<BR>[Address Reference Count : 1]<UL><LI> myapp.o(i.myapp_open)
</UL>
<P><STRONG><a name="[a8]"></a>btnFlashRate</STRONG> (Thumb, 40 bytes, Stack size 0 bytes, myapp.o(i.btnFlashRate))
<BR>[Address Reference Count : 1]<UL><LI> myapp.o(i.myapp_open)
</UL>
<P><STRONG><a name="[a6]"></a>draw</STRONG> (Thumb, 30 bytes, Stack size 8 bytes, myapp.o(i.draw))
<BR><BR>[Stack]<UL><LI>Max Depth = 136<LI>Call Chain = draw &rArr; draw_string &rArr; draw_bitmap
</UL>
<BR>[Calls]<UL><LI><a href="#[17f]">&gt;&gt;</a>&nbsp;&nbsp;&nbsp;draw_string
</UL>
<BR>[Address Reference Count : 1]<UL><LI> myapp.o(i.myapp_open)
</UL>
<P><STRONG><a name="[c9]"></a>down</STRONG> (Thumb, 28 bytes, Stack size 8 bytes, face_cpu.o(i.down))
<BR><BR>[Stack]<UL><LI>Max Depth = 8<LI>Call Chain = down
</UL>
<BR>[Calls]<UL><LI><a href="#[f5]">&gt;&gt;</a>&nbsp;&nbsp;&nbsp;__aeabi_memclr
</UL>
<BR>[Address Reference Count : 1]<UL><LI> face_cpu.o(i.watchface_CPU)
</UL>
<P><STRONG><a name="[c8]"></a>draw</STRONG> (Thumb, 18 bytes, Stack size 8 bytes, face_cpu.o(i.draw))
<BR><BR>[Stack]<UL><LI>Max Depth = 224<LI>Call Chain = draw &rArr; ticker &rArr; face_ticker &rArr; draw_string &rArr; draw_bitmap
</UL>
<BR>[Calls]<UL><LI><a href="#[1d4]">&gt;&gt;</a>&nbsp;&nbsp;&nbsp;ticker
<LI><a href="#[1d5]">&gt;&gt;</a>&nbsp;&nbsp;&nbsp;show_cpu_use
<LI><a href="#[1ad]">&gt;&gt;</a>&nbsp;&nbsp;&nbsp;cpu_use_get
</UL>
<BR>[Address Reference Count : 1]<UL><LI> face_cpu.o(i.watchface_CPU)
</UL>
<P><STRONG><a name="[cb]"></a>open_cpuface</STRONG> (Thumb, 24 bytes, Stack size 8 bytes, face_cpu.o(i.open_cpuface))
<BR><BR>[Stack]<UL><LI>Max Depth = 24<LI>Call Chain = open_cpuface &rArr; free
</UL>
<BR>[Calls]<UL><LI><a href="#[186]">&gt;&gt;</a>&nbsp;&nbsp;&nbsp;display_set
<LI><a href="#[61]">&gt;&gt;</a>&nbsp;&nbsp;&nbsp;display_load
<LI><a href="#[f8]">&gt;&gt;</a>&nbsp;&nbsp;&nbsp;free
</UL>
<BR>[Address Reference Count : 1]<UL><LI> face_cpu.o(i.watchface_CPU)
</UL>
<P><STRONG><a name="[ca]"></a>up</STRONG> (Thumb, 30 bytes, Stack size 8 bytes, face_cpu.o(i.up))
<BR><BR>[Stack]<UL><LI>Max Depth = 8<LI>Call Chain = up
</UL>
<BR>[Calls]<UL><LI><a href="#[f5]">&gt;&gt;</a>&nbsp;&nbsp;&nbsp;__aeabi_memclr
</UL>
<BR>[Address Reference Count : 1]<UL><LI> face_cpu.o(i.watchface_CPU)
</UL>
<P><STRONG><a name="[c1]"></a>down</STRONG> (Thumb, 22 bytes, Stack size 8 bytes, watchface2.o(i.down))
<BR><BR>[Stack]<UL><LI>Max Depth = 24<LI>Call Chain = down &rArr; get_other_watchface
</UL>
<BR>[Calls]<UL><LI><a href="#[186]">&gt;&gt;</a>&nbsp;&nbsp;&nbsp;display_set
<LI><a href="#[61]">&gt;&gt;</a>&nbsp;&nbsp;&nbsp;display_load
<LI><a href="#[1bb]">&gt;&gt;</a>&nbsp;&nbsp;&nbsp;get_other_watchface
</UL>
<BR>[Address Reference Count : 1]<UL><LI> watchface2.o(i.watchface2)
</UL>
<P><STRONG><a name="[c0]"></a>draw</STRONG> (Thumb, 26 bytes, Stack size 8 bytes, watchface2.o(i.draw))
<BR><BR>[Stack]<UL><LI>Max Depth = 184<LI>Call Chain = draw &rArr; show &rArr; show_alldata_use &rArr; face_drawTickerNum &rArr; draw_bitmap
</UL>
<BR>[Calls]<UL><LI><a href="#[1ca]">&gt;&gt;</a>&nbsp;&nbsp;&nbsp;show_battery_mode_2
<LI><a href="#[1d7]">&gt;&gt;</a>&nbsp;&nbsp;&nbsp;show
<LI><a href="#[180]">&gt;&gt;</a>&nbsp;&nbsp;&nbsp;alldata_use_get
<LI><a href="#[1d6]">&gt;&gt;</a>&nbsp;&nbsp;&nbsp;face_ticker
</UL>
<BR>[Address Reference Count : 1]<UL><LI> watchface2.o(i.watchface2)
</UL>
<P><STRONG><a name="[c3]"></a>open_cpuface</STRONG> (Thumb, 16 bytes, Stack size 8 bytes, watchface2.o(i.open_cpuface))
<BR><BR>[Stack]<UL><LI>Max Depth = 8<LI>Call Chain = open_cpuface
</UL>
<BR>[Calls]<UL><LI><a href="#[186]">&gt;&gt;</a>&nbsp;&nbsp;&nbsp;display_set
<LI><a href="#[61]">&gt;&gt;</a>&nbsp;&nbsp;&nbsp;display_load
</UL>
<BR>[Address Reference Count : 1]<UL><LI> watchface2.o(i.watchface2)
</UL>
<P><STRONG><a name="[c2]"></a>up</STRONG> (Thumb, 22 bytes, Stack size 8 bytes, watchface2.o(i.up))
<BR><BR>[Stack]<UL><LI>Max Depth = 24<LI>Call Chain = up &rArr; get_other_watchface
</UL>
<BR>[Calls]<UL><LI><a href="#[186]">&gt;&gt;</a>&nbsp;&nbsp;&nbsp;display_set
<LI><a href="#[61]">&gt;&gt;</a>&nbsp;&nbsp;&nbsp;display_load
<LI><a href="#[1bb]">&gt;&gt;</a>&nbsp;&nbsp;&nbsp;get_other_watchface
</UL>
<BR>[Address Reference Count : 1]<UL><LI> watchface2.o(i.watchface2)
</UL>
<P><STRONG><a name="[d4]"></a>draw</STRONG> (Thumb, 10 bytes, Stack size 8 bytes, weather.o(i.draw))
<BR><BR>[Stack]<UL><LI>Max Depth = 312 + Unknown Stack Size
<LI>Call Chain = draw &rArr; show_weather_forecast &rArr; __2sprintf &rArr; _printf_char_common &rArr; __printf
</UL>
<BR>[Calls]<UL><LI><a href="#[1d8]">&gt;&gt;</a>&nbsp;&nbsp;&nbsp;show_weather_forecast
</UL>
<BR>[Address Reference Count : 1]<UL><LI> weather.o(i.weather_forecast)
</UL>
<P><STRONG><a name="[d5]"></a>to_my_normal</STRONG> (Thumb, 16 bytes, Stack size 8 bytes, weather.o(i.to_my_normal))
<BR><BR>[Stack]<UL><LI>Max Depth = 8<LI>Call Chain = to_my_normal
</UL>
<BR>[Calls]<UL><LI><a href="#[186]">&gt;&gt;</a>&nbsp;&nbsp;&nbsp;display_set
<LI><a href="#[61]">&gt;&gt;</a>&nbsp;&nbsp;&nbsp;display_load
</UL>
<BR>[Address Reference Count : 1]<UL><LI> weather.o(i.weather_forecast)
</UL>
<P><STRONG><a name="[cd]"></a>down</STRONG> (Thumb, 22 bytes, Stack size 8 bytes, watchface_asr.o(i.down))
<BR><BR>[Stack]<UL><LI>Max Depth = 24<LI>Call Chain = down &rArr; get_other_watchface
</UL>
<BR>[Calls]<UL><LI><a href="#[186]">&gt;&gt;</a>&nbsp;&nbsp;&nbsp;display_set
<LI><a href="#[61]">&gt;&gt;</a>&nbsp;&nbsp;&nbsp;display_load
<LI><a href="#[1bb]">&gt;&gt;</a>&nbsp;&nbsp;&nbsp;get_other_watchface
</UL>
<BR>[Address Reference Count : 1]<UL><LI> watchface_asr.o(i.watchface_ast)
</UL>
<P><STRONG><a name="[cc]"></a>draw</STRONG> (Thumb, 22 bytes, Stack size 8 bytes, watchface_asr.o(i.draw))
<BR><BR>[Stack]<UL><LI>Max Depth = 192 + Unknown Stack Size
<LI>Call Chain = draw &rArr; watchface_ticker &rArr; draw_string &rArr; draw_bitmap
</UL>
<BR>[Calls]<UL><LI><a href="#[1cf]">&gt;&gt;</a>&nbsp;&nbsp;&nbsp;watchface_ticker
<LI><a href="#[1ce]">&gt;&gt;</a>&nbsp;&nbsp;&nbsp;watchface_drawDate
<LI><a href="#[1d0]">&gt;&gt;</a>&nbsp;&nbsp;&nbsp;show_battery_mode_1
<LI><a href="#[1d9]">&gt;&gt;</a>&nbsp;&nbsp;&nbsp;show_ast
</UL>
<BR>[Address Reference Count : 1]<UL><LI> watchface_asr.o(i.watchface_ast)
</UL>
<P><STRONG><a name="[cf]"></a>modeset</STRONG> (Thumb, 22 bytes, Stack size 0 bytes, watchface_asr.o(i.modeset))
<BR>[Address Reference Count : 1]<UL><LI> watchface_asr.o(i.watchface_ast)
</UL>
<P><STRONG><a name="[1d9]"></a>show_ast</STRONG> (Thumb, 96 bytes, Stack size 24 bytes, watchface_asr.o(i.show_ast))
<BR><BR>[Stack]<UL><LI>Max Depth = 104<LI>Call Chain = show_ast &rArr; draw_bitmap
</UL>
<BR>[Calls]<UL><LI><a href="#[193]">&gt;&gt;</a>&nbsp;&nbsp;&nbsp;millis_get
<LI><a href="#[1bd]">&gt;&gt;</a>&nbsp;&nbsp;&nbsp;draw_bitmap
</UL>
<BR>[Called By]<UL><LI><a href="#[cc]">&gt;&gt;</a>&nbsp;&nbsp;&nbsp;draw
</UL>

<P><STRONG><a name="[ce]"></a>up</STRONG> (Thumb, 22 bytes, Stack size 8 bytes, watchface_asr.o(i.up))
<BR><BR>[Stack]<UL><LI>Max Depth = 24<LI>Call Chain = up &rArr; get_other_watchface
</UL>
<BR>[Calls]<UL><LI><a href="#[186]">&gt;&gt;</a>&nbsp;&nbsp;&nbsp;display_set
<LI><a href="#[61]">&gt;&gt;</a>&nbsp;&nbsp;&nbsp;display_load
<LI><a href="#[1bb]">&gt;&gt;</a>&nbsp;&nbsp;&nbsp;get_other_watchface
</UL>
<BR>[Address Reference Count : 1]<UL><LI> watchface_asr.o(i.watchface_ast)
</UL>
<P><STRONG><a name="[228]"></a>_dadd1</STRONG> (Thumb, 0 bytes, Stack size unknown bytes, daddsub_clz.o(x$fpl$dadd), UNUSED)
<BR><BR>[Called By]<UL><LI><a href="#[229]">&gt;&gt;</a>&nbsp;&nbsp;&nbsp;_dsub
<LI><a href="#[227]">&gt;&gt;</a>&nbsp;&nbsp;&nbsp;_drsb
</UL>

<P><STRONG><a name="[220]"></a>_dsub1</STRONG> (Thumb, 0 bytes, Stack size unknown bytes, daddsub_clz.o(x$fpl$dsub), UNUSED)
<BR><BR>[Called By]<UL><LI><a href="#[227]">&gt;&gt;</a>&nbsp;&nbsp;&nbsp;_drsb
<LI><a href="#[21f]">&gt;&gt;</a>&nbsp;&nbsp;&nbsp;_dadd
</UL>

<P><STRONG><a name="[237]"></a>_fadd1</STRONG> (Thumb, 0 bytes, Stack size unknown bytes, faddsub_clz.o(x$fpl$fadd), UNUSED)
<BR><BR>[Called By]<UL><LI><a href="#[236]">&gt;&gt;</a>&nbsp;&nbsp;&nbsp;_fsub
</UL>

<P><STRONG><a name="[22d]"></a>_fsub1</STRONG> (Thumb, 0 bytes, Stack size unknown bytes, faddsub_clz.o(x$fpl$fsub), UNUSED)
<BR><BR>[Called By]<UL><LI><a href="#[22c]">&gt;&gt;</a>&nbsp;&nbsp;&nbsp;_fadd
</UL>

<P><STRONG><a name="[56]"></a>_printf_input_char</STRONG> (Thumb, 10 bytes, Stack size 0 bytes, _printf_char_common.o(.text))
<BR>[Address Reference Count : 1]<UL><LI> _printf_char_common.o(.text)
</UL><P>
<H3>
Undefined Global Symbols
</H3><HR></body></html>
